************************************************************************
              Input file after include files are included
                and undefined subcircuits and models are
                    resolved through library search
************************************************************************


****************** MAIN CIRCUIT @ INPUT/INCLUDE FILE *******************
* 
.node_map SW_Freq 30
.node_map HF_Duty_a 32
.node_map LF_PWM_N_A 36
.node_map S1_a 29
.node_map PWM_EN 40
.node_map S2_a 33
.node_map LF_PWM_P_A 34
.node_map S3_a 31
.node_map S4_a 35
.node_map S5_a 37
.node_map S6_a 39
.node_map HF_Deadband 38
.node_map Load 41
.print  ALL
.options PSP_NPT=10001 POP_ITRMAX=20 POP_OUTPUT_CYCLES=5 SNAPSHOT_INTVL=0 SNAPSHOT_NPT=11
+ MIN_AVG_TOPOLOGY_DUR=1a AVG_TOPOLOGY_DUR_MEASUREMENT_WINDOW=128
.tran 50m 0
E1 30 0 28 0 1k
.PRINT V(#LF_PWM_P_A)
.GRAPH :#LF_PWM_P_A curveLabel= LF_PWM_P_A nowarn=true ylog=auto xlog=auto analysis=tran|pop
+ disabled=false PROBEREF=Probe1  
.PRINT V(#LF_PWM_N_A)
.GRAPH :#LF_PWM_N_A curveLabel= LF_PWM_N_A nowarn=true ylog=auto xlog=auto analysis=tran|pop
+ disabled=false PROBEREF=Probe2  
.PRINT V(#HF_Deadband)
.GRAPH :#HF_Deadband curveLabel= HF_Deadband nowarn=true ylog=auto xlog=auto analysis=tran|pop
+ disabled=false PROBEREF=Probe22  
.PRINT V(#S1_a)
.GRAPH :#S1_a axisType="grid" axisName="S1_a" persistence=-1 curveLabel="S1_a" analysis="tran|pop"
+ order="21" xLog="auto" yLog="auto"  nowarn=true disabled=false PROBEREF=Probe23 
+ 
.PRINT V(#HF_Duty_a)
.GRAPH :#HF_Duty_a curveLabel= HF_Duty_a nowarn=true ylog=auto xlog=auto analysis=tran|pop
+ disabled=false PROBEREF=Probe3  
.PRINT V(26)
.GRAPH :26 curveLabel= U1-HF_D nowarn=true ylog=auto xlog=auto analysis=tran|pop disabled=false
+ PROBEREF=Probe4  
.PRINT V(27)
.GRAPH :27 curveLabel= U1-HF_C nowarn=true ylog=auto xlog=auto analysis=tran|pop disabled=false
+ PROBEREF=Probe5  
.PRINT V(#S6_a)
.GRAPH :#S6_a axisType="grid" axisName="S6_a" persistence=-1 curveLabel="S6_a" analysis="tran|pop"
+ order="26" xLog="auto" yLog="auto"  nowarn=true disabled=false PROBEREF=Probe54 
+ 
.PRINT V(#S4_a)
.GRAPH :#S4_a axisType="grid" axisName="S4_a" persistence=-1 curveLabel="S4_a" analysis="tran|pop"
+ order="24" xLog="auto" yLog="auto"  nowarn=true disabled=false PROBEREF=Probe55 
+ 
.PRINT V(#PWM_EN)
.GRAPH :#PWM_EN curveLabel= PWM_En nowarn=true ylog=auto xlog=auto analysis=tran|pop
+ disabled=false PROBEREF=Probe56  
.PRINT V(#S5_a)
.GRAPH :#S5_a axisType="grid" axisName="S5_a" persistence=-1 curveLabel="S5_a" analysis="tran|pop"
+ order="25" xLog="auto" yLog="auto"  nowarn=true disabled=false PROBEREF=Probe57 
+ 
.PRINT V(#S2_a)
.GRAPH :#S2_a axisType="grid" axisName="S3_a" persistence=-1 curveLabel="S3_a" analysis="tran|pop"
+ order="23" xLog="auto" yLog="auto"  nowarn=true disabled=false PROBEREF=Probe58 
+ 
.PRINT V(#S3_a)
.GRAPH :#S3_a axisType="grid" axisName="S2_a" persistence=-1 curveLabel="S2_a" analysis="tran|pop"
+ order="22" xLog="auto" yLog="auto"  nowarn=true disabled=false PROBEREF=Probe59 
+ 
X$U1 30 29 32 31 34 33 36 35 38 37 40 39 41 24 25 26 27 ANPC_PWM_YH
X$V1 34 0 PUL_SOURCE$1
X$V2 36 0 PUL_SOURCE$2
V3 28 0 50
V4 32 0 400m
V5 40 0 1
V6 41 0 1
V7 38 0 100m

********  SUBCIRCUIT PUL_SOURCE$2 @ input file C:/SIMPLIS simulation/ANPC Phase Loss DLL/anpc/SIMPLIS/PWM function/SIMPLIS_Data/design.deck
.subckt PUL_SOURCE$2  1 2
.NODE_MAP P 1
.NODE_MAP N 2
V1 1 2 PUL   V1=0   V2=5   FREQ=60   T_RISE=1e-12   T_FALL=1e-12   PWIDTH=0.0081666667
+   DELAY=0.00833333333333333   OFF_UNTIL_DELAY=NO   IDLE_IN_POP=NO
.ends PUL_SOURCE$2

********  SUBCIRCUIT PUL_SOURCE$1 @ input file C:/SIMPLIS simulation/ANPC Phase Loss DLL/anpc/SIMPLIS/PWM function/SIMPLIS_Data/design.deck
.subckt PUL_SOURCE$1  1 2
.NODE_MAP P 1
.NODE_MAP N 2
V1 1 2 PUL   V1=0   V2=5   FREQ=60   T_RISE=1e-12   T_FALL=1e-12   PWIDTH=0.0081666667
+   DELAY=0   OFF_UNTIL_DELAY=NO   IDLE_IN_POP=NO
.ends PUL_SOURCE$1

********  SUBCIRCUIT ANPC_PWM_YH @ input file C:/SIMPLIS simulation/ANPC Phase Loss DLL/anpc/SIMPLIS/PWM function/SIMPLIS_Data/design.deck
.subckt ANPC_PWM_YH  115 125 126 127 119 128 120 133 134 135 136 137 138 116 117 121
+ 130
.node_map SW_Freq 115
.node_map LF_N 117
.node_map LF_P 116
.node_map P1 118
.node_map N1 129
.node_map PWM_EN 136
.node_map PD 122
.node_map ND 131
.node_map N01 132
.node_map LF_PWM_N 120
.node_map LF_PWM_P 119
.node_map HF_Duty 126
.node_map P01 123
.node_map P02 124
.node_map PWM_DIS 139
.node_map HF_C 130
.node_map HF_D 121
.node_map HF_DB 134
.node_map Load 138
.node_map PWM_S1 125
.node_map PWM_S2 127
.node_map PWM_S3 128
.node_map PWM_S4 133
.node_map PWM_S5 135
.node_map PWM_S6 137
C1 123 0 220n
C2 132 0 220n
.PRINT V(#LF_N)
.GRAPH :#LF_N curveLabel= N nowarn=true ylog=auto xlog=auto analysis=tran|pop disabled=false
+ PROBEREF=Probe1  
.PRINT V(#N1)
.GRAPH :#N1 curveLabel= N1 nowarn=true ylog=auto xlog=auto analysis=tran|pop disabled=false
+ PROBEREF=Probe2  
.PRINT V(#HF_D)
.GRAPH :#HF_D curveLabel= D nowarn=true ylog=auto xlog=auto analysis=tran|ac|dc disabled=true
+ PROBEREF=Probe5  
.PRINT V(#HF_C)
.GRAPH :#HF_C curveLabel= C nowarn=true ylog=auto xlog=auto analysis=tran|ac|dc disabled=true
+ PROBEREF=Probe6  
R1 123 87 1
R2 132 110 1
X$U1 88 95 0 124 124 SIMPLIS_LOGIC_BB_OR2$3
X$U10 135 114 0 117 129 SIMPLIS_LOGIC_BB_OR2$4
X$U11 96 100 0 130 116 SIMPLIS_LOGIC_BB_AND2$5
X$U12 87 93 0 116 116 SIMPLIS_LOGIC_BB_OR2$6
X$U13 122 92 0 121 116 SIMPLIS_LOGIC_BB_AND2$7
X$U14 104 105 0 117 130 SIMPLIS_LOGIC_BB_AND2$8
X$U15 128 101 0 131 96 SIMPLIS_LOGIC_BB_OR2$9
X$U16 127 106 0 104 122 SIMPLIS_LOGIC_BB_OR2$10
X$U17 131 111 0 117 121 SIMPLIS_LOGIC_BB_AND2$11
X$U18 110 112 0 117 117 SIMPLIS_LOGIC_BB_OR2$12
X$U19 116 89 0 119 SIMPLIS_LOGIC_BB_BUF$13
X$U2 115 0 130 121 134 134 139 139 0 126 PWM_generator_Comp
X$U20 117 90 0 120 SIMPLIS_LOGIC_BB_BUF$14
X$U22 118 91 0 88 SIMPLIS_LOGIC_BB_BUF$15
X$U23 129 99 0 98 SIMPLIS_LOGIC_BB_BUF$16
X$U3 98 103 0 97 97 SIMPLIS_LOGIC_BB_OR2$17
X$U4 124 94 0 123 123 SIMPLIS_LOGIC_BB_AND2$18
X$U5 137 108 0 116 118 SIMPLIS_LOGIC_BB_OR2$19
X$U6 97 102 0 132 132 SIMPLIS_LOGIC_BB_AND2$20
X$U7 125 107 0 116 118 SIMPLIS_LOGIC_BB_AND2$21
X$U8 133 113 0 117 129 SIMPLIS_LOGIC_BB_AND2$22
X$U9 109 139 0 136 SIMPLIS_LOGIC_BB_BUF$23

********  SUBCIRCUIT SIMPLIS_LOGIC_BB_BUF$23 @ input file C:/SIMPLIS simulation/ANPC Phase Loss DLL/anpc/SIMPLIS/PWM function/SIMPLIS_Data/design.deck
.subckt SIMPLIS_LOGIC_BB_BUF$23  201 202 100 101
.NODE_MAP OUT 201
.NODE_MAP OUT_BAR 202
.NODE_MAP RTN 100
.NODE_MAP IN1 101
!DCOMP 2000 100 101 102 MCOMP IC=0
VV1 102 100 0.5

********  MODEL MCOMP @ input file C:/SIMPLIS simulation/ANPC Phase Loss DLL/anpc/SIMPLIS/PWM function/SIMPLIS_Data/design.deck
.MODEL MCOMP COMP RIN=10000000 ROUT=1024 VOL=0 VOH=1  HYSTWD=0.25 DELAY=1.5e-08
IOUT   100 201 0
GOUT   100 201 2000 100 0.5
ROUT   201 100 10
IOUTB  100 202 0.5
GOUTB  100 202 2000 100 -0.5
ROUTB  202 100 10
.ends SIMPLIS_LOGIC_BB_BUF$23

********  SUBCIRCUIT SIMPLIS_LOGIC_BB_AND2$22 @ input file C:/SIMPLIS simulation/ANPC Phase Loss DLL/anpc/SIMPLIS/PWM function/SIMPLIS_Data/design.deck
.subckt SIMPLIS_LOGIC_BB_AND2$22  201 202 100 101 102
.NODE_MAP OUT 201
.NODE_MAP OUT_BAR 202
.NODE_MAP RTN 100
.NODE_MAP IN1 101
.NODE_MAP IN2 102
!DAND 2000 100 101 102 MANDM IC=0

********  MODEL MANDM @ input file C:/SIMPLIS simulation/ANPC Phase Loss DLL/anpc/SIMPLIS/PWM function/SIMPLIS_Data/design.deck
.MODEL MANDM AND2 RIN=10000000 ROUT=1024 VOL=0 VOH=1  HYSTWD=0.25 DELAY=0 TH=0.5 LOGIC=POS
IOUT   100 201 0
GOUT   100 201 2000 100 0.5
ROUT   201 100 10
IOUTB  100 202 0.5
GOUTB  100 202 2000 100 -0.5
ROUTB  202 100 10
.ends SIMPLIS_LOGIC_BB_AND2$22

********  SUBCIRCUIT SIMPLIS_LOGIC_BB_AND2$21 @ input file C:/SIMPLIS simulation/ANPC Phase Loss DLL/anpc/SIMPLIS/PWM function/SIMPLIS_Data/design.deck
.subckt SIMPLIS_LOGIC_BB_AND2$21  201 202 100 101 102
.NODE_MAP OUT 201
.NODE_MAP OUT_BAR 202
.NODE_MAP RTN 100
.NODE_MAP IN1 101
.NODE_MAP IN2 102
!DAND 2000 100 101 102 MANDM IC=0

********  MODEL MANDM @ input file C:/SIMPLIS simulation/ANPC Phase Loss DLL/anpc/SIMPLIS/PWM function/SIMPLIS_Data/design.deck
.MODEL MANDM AND2 RIN=10000000 ROUT=1024 VOL=0 VOH=1  HYSTWD=0.25 DELAY=0 TH=0.5 LOGIC=POS
IOUT   100 201 0
GOUT   100 201 2000 100 0.5
ROUT   201 100 10
IOUTB  100 202 0.5
GOUTB  100 202 2000 100 -0.5
ROUTB  202 100 10
.ends SIMPLIS_LOGIC_BB_AND2$21

********  SUBCIRCUIT SIMPLIS_LOGIC_BB_AND2$20 @ input file C:/SIMPLIS simulation/ANPC Phase Loss DLL/anpc/SIMPLIS/PWM function/SIMPLIS_Data/design.deck
.subckt SIMPLIS_LOGIC_BB_AND2$20  201 202 100 101 102
.NODE_MAP OUT 201
.NODE_MAP OUT_BAR 202
.NODE_MAP RTN 100
.NODE_MAP IN1 101
.NODE_MAP IN2 102
!DAND 2000 100 101 102 MANDM IC=0

********  MODEL MANDM @ input file C:/SIMPLIS simulation/ANPC Phase Loss DLL/anpc/SIMPLIS/PWM function/SIMPLIS_Data/design.deck
.MODEL MANDM AND2 RIN=10000000 ROUT=1024 VOL=0 VOH=1  HYSTWD=0.1 DELAY=0 TH=1.65 LOGIC=POS
IOUT   100 201 0
GOUT   100 201 2000 100 0.5
ROUT   201 100 10
IOUTB  100 202 0.5
GOUTB  100 202 2000 100 -0.5
ROUTB  202 100 10
.ends SIMPLIS_LOGIC_BB_AND2$20

********  SUBCIRCUIT SIMPLIS_LOGIC_BB_OR2$19 @ input file C:/SIMPLIS simulation/ANPC Phase Loss DLL/anpc/SIMPLIS/PWM function/SIMPLIS_Data/design.deck
.subckt SIMPLIS_LOGIC_BB_OR2$19  201 202 100 101 102
.NODE_MAP OUT 201
.NODE_MAP OUT_BAR 202
.NODE_MAP RTN 100
.NODE_MAP IN1 101
.NODE_MAP IN2 102
!DOR 2000 100 101 102 MORM IC=0

********  MODEL MORM @ input file C:/SIMPLIS simulation/ANPC Phase Loss DLL/anpc/SIMPLIS/PWM function/SIMPLIS_Data/design.deck
.MODEL MORM OR2 RIN=10000000 ROUT=1024 VOL=0 VOH=1  HYSTWD=0.25 DELAY=0 TH=0.5 LOGIC=POS
IOUT   100 201 0
GOUT   100 201 2000 100 0.5
ROUT   201 100 10
IOUTB  100 202 0.5
GOUTB  100 202 2000 100 -0.5
ROUTB  202 100 10
.ends SIMPLIS_LOGIC_BB_OR2$19

********  SUBCIRCUIT SIMPLIS_LOGIC_BB_AND2$18 @ input file C:/SIMPLIS simulation/ANPC Phase Loss DLL/anpc/SIMPLIS/PWM function/SIMPLIS_Data/design.deck
.subckt SIMPLIS_LOGIC_BB_AND2$18  201 202 100 101 102
.NODE_MAP OUT 201
.NODE_MAP OUT_BAR 202
.NODE_MAP RTN 100
.NODE_MAP IN1 101
.NODE_MAP IN2 102
!DAND 2000 100 101 102 MANDM IC=0

********  MODEL MANDM @ input file C:/SIMPLIS simulation/ANPC Phase Loss DLL/anpc/SIMPLIS/PWM function/SIMPLIS_Data/design.deck
.MODEL MANDM AND2 RIN=10000000 ROUT=1024 VOL=0 VOH=1  HYSTWD=0.1 DELAY=0 TH=1.65 LOGIC=POS
IOUT   100 201 0
GOUT   100 201 2000 100 0.5
ROUT   201 100 10
IOUTB  100 202 0.5
GOUTB  100 202 2000 100 -0.5
ROUTB  202 100 10
.ends SIMPLIS_LOGIC_BB_AND2$18

********  SUBCIRCUIT SIMPLIS_LOGIC_BB_OR2$17 @ input file C:/SIMPLIS simulation/ANPC Phase Loss DLL/anpc/SIMPLIS/PWM function/SIMPLIS_Data/design.deck
.subckt SIMPLIS_LOGIC_BB_OR2$17  201 202 100 101 102
.NODE_MAP OUT 201
.NODE_MAP OUT_BAR 202
.NODE_MAP RTN 100
.NODE_MAP IN1 101
.NODE_MAP IN2 102
!DOR 2000 100 101 102 MORM IC=0

********  MODEL MORM @ input file C:/SIMPLIS simulation/ANPC Phase Loss DLL/anpc/SIMPLIS/PWM function/SIMPLIS_Data/design.deck
.MODEL MORM OR2 RIN=10000000 ROUT=1024 VOL=0 VOH=1  HYSTWD=0.25 DELAY=0 TH=0.5 LOGIC=POS
IOUT   100 201 0
GOUT   100 201 2000 100 0.5
ROUT   201 100 10
IOUTB  100 202 0.5
GOUTB  100 202 2000 100 -0.5
ROUTB  202 100 10
.ends SIMPLIS_LOGIC_BB_OR2$17

********  SUBCIRCUIT SIMPLIS_LOGIC_BB_BUF$16 @ input file C:/SIMPLIS simulation/ANPC Phase Loss DLL/anpc/SIMPLIS/PWM function/SIMPLIS_Data/design.deck
.subckt SIMPLIS_LOGIC_BB_BUF$16  201 202 100 101
.NODE_MAP OUT 201
.NODE_MAP OUT_BAR 202
.NODE_MAP RTN 100
.NODE_MAP IN1 101
!DCOMP 2000 100 101 102 MCOMP IC=0
VV1 102 100 0.5

********  MODEL MCOMP @ input file C:/SIMPLIS simulation/ANPC Phase Loss DLL/anpc/SIMPLIS/PWM function/SIMPLIS_Data/design.deck
.MODEL MCOMP COMP RIN=10000000 ROUT=1024 VOL=0 VOH=1  HYSTWD=0.25 DELAY=1.5e-08
IOUT   100 201 0
GOUT   100 201 2000 100 0.5
ROUT   201 100 10
IOUTB  100 202 0.5
GOUTB  100 202 2000 100 -0.5
ROUTB  202 100 10
.ends SIMPLIS_LOGIC_BB_BUF$16

********  SUBCIRCUIT SIMPLIS_LOGIC_BB_BUF$15 @ input file C:/SIMPLIS simulation/ANPC Phase Loss DLL/anpc/SIMPLIS/PWM function/SIMPLIS_Data/design.deck
.subckt SIMPLIS_LOGIC_BB_BUF$15  201 202 100 101
.NODE_MAP OUT 201
.NODE_MAP OUT_BAR 202
.NODE_MAP RTN 100
.NODE_MAP IN1 101
!DCOMP 2000 100 101 102 MCOMP IC=0
VV1 102 100 0.5

********  MODEL MCOMP @ input file C:/SIMPLIS simulation/ANPC Phase Loss DLL/anpc/SIMPLIS/PWM function/SIMPLIS_Data/design.deck
.MODEL MCOMP COMP RIN=10000000 ROUT=1024 VOL=0 VOH=1  HYSTWD=0.25 DELAY=1.5e-08
IOUT   100 201 0
GOUT   100 201 2000 100 0.5
ROUT   201 100 10
IOUTB  100 202 0.5
GOUTB  100 202 2000 100 -0.5
ROUTB  202 100 10
.ends SIMPLIS_LOGIC_BB_BUF$15

********  SUBCIRCUIT SIMPLIS_LOGIC_BB_BUF$14 @ input file C:/SIMPLIS simulation/ANPC Phase Loss DLL/anpc/SIMPLIS/PWM function/SIMPLIS_Data/design.deck
.subckt SIMPLIS_LOGIC_BB_BUF$14  201 202 100 101
.NODE_MAP OUT 201
.NODE_MAP OUT_BAR 202
.NODE_MAP RTN 100
.NODE_MAP IN1 101
!DCOMP 2000 100 101 102 MCOMP IC=0
VV1 102 100 0.5

********  MODEL MCOMP @ input file C:/SIMPLIS simulation/ANPC Phase Loss DLL/anpc/SIMPLIS/PWM function/SIMPLIS_Data/design.deck
.MODEL MCOMP COMP RIN=10000000 ROUT=1024 VOL=0 VOH=1  HYSTWD=0.25 DELAY=0
IOUT   100 201 0
GOUT   100 201 2000 100 0.5
ROUT   201 100 10
IOUTB  100 202 0.5
GOUTB  100 202 2000 100 -0.5
ROUTB  202 100 10
.ends SIMPLIS_LOGIC_BB_BUF$14

********  SUBCIRCUIT PWM_generator_Comp @ input file C:/SIMPLIS simulation/ANPC Phase Loss DLL/anpc/SIMPLIS/PWM function/SIMPLIS_Data/design.deck
.subckt PWM_generator_Comp  359 377 381 383 353 357 387 388 389 351
.node_map phase1_1L 374
.node_map OVREN_L 388
.node_map phase_1H 369
.node_map phase_1L 378
.node_map cond 382
.node_map duty_2 355
.node_map duty2_2H 367
.node_map CBC_protection1 386
.node_map duty2_2L 375
.node_map mini_pulse 364
.node_map phase1 354
.node_map phase2 358
.node_map duty1_H 352
.node_map Freq_IN 359
.node_map duty2_H 356
.node_map Deadtime_H 353
.node_map phase_2H 370
.node_map ramp 360
.node_map phase_2 363
.node_map PWM_H 383
.node_map Deadtime_L 357
.node_map duty 351
.node_map phase_2L 379
.node_map pulse 361
.node_map PWM_L 381
.node_map phase2_2H 368
.node_map phase2_2L 376
.node_map CBC_protection 389
.node_map phase 362
.node_map cond2 380
.node_map OVREN_1H 385
.node_map OVREN_1L 384
.node_map PWM_base 371
.node_map duty1_1H 365
.node_map Phase_IN 377
.node_map duty1_1L 373
.node_map phase1_1H 366
.node_map OVREN_H 387
.node_map clk_pulse 372
.print  ALL
.options PSP_NPT=10001 POP_ITRMAX=20 POP_OUTPUT_CYCLES=5 SNAPSHOT_INTVL=0 SNAPSHOT_NPT=11
+ MIN_AVG_TOPOLOGY_DUR=1a AVG_TOPOLOGY_DUR_MEASUREMENT_WINDOW=128
.tran 50m 0
E1 224 228 351 0 1
E10 234 238 353 0 1
E11 229 0 362 0 1
E12 354 0 225 0 1
E13 225 229 353 0 1
E14 366 0 234 0 1
E15 245 249 353 0 1
E16 238 0 369 0 1
E17 249 0 378 0 1
E18 374 0 245 0 1
E19 367 0 235 0 1
E2 228 0 362 0 1
E20 226 230 355 0 1
E21 239 0 370 0 1
E22 235 239 355 0 1
E23 356 0 226 0 1
E24 247 251 357 0 1
E25 246 250 355 0 1
E26 230 0 363 0 1
E27 375 0 246 0 1
E28 236 240 357 0 1
E29 251 0 379 0 1
E3 352 0 224 0 1
E30 376 0 247 0 1
E31 227 231 357 0 1
E32 358 0 227 0 1
E33 240 0 370 0 1
E34 368 0 236 0 1
E35 250 0 379 0 1
E36 231 0 363 0 1
E37 385 0 387 0 5
E38 384 0 388 0 5
E39 386 0 389 0 5
E4 233 237 351 0 1
E40 362 0 377 0 -1
E41 355 0 348 351 1
E42 349 350 362 0 1
E43 350 0 351 0 1
E44 363 0 349 0 1
E5 365 0 233 0 1
E6 237 0 369 0 1
E7 244 248 351 0 1
E8 248 0 378 0 1
E9 373 0 244 0 1
.PRINT V(#PWM_L)
.GRAPH :#PWM_L axisType="grid" axisName="b" persistence=-1 curveLabel="PWM1L" analysis="tran|pop"
+ xLog="auto" yLog="auto"  nowarn=true disabled=true PROBEREF=Probe1  
.PRINT V(#duty1_H)
.GRAPH :#duty1_H curveLabel= duty1 nowarn=true ylog=auto xlog=auto analysis=tran|pop
+ disabled=true PROBEREF=Probe10  
.PRINT V(254)
.GRAPH :254 curveLabel= U19-OUT nowarn=true ylog=auto xlog=auto analysis=tran|pop
+ disabled=true PROBEREF=Probe11  
.PRINT V(286)
.GRAPH :286 curveLabel= U6-IN2 nowarn=true ylog=auto xlog=auto analysis=tran|pop disabled=true
+ PROBEREF=Probe12  
.PRINT V(#clk_pulse)
.GRAPH :#clk_pulse axisType="digital" persistence=-1 curveLabel="clk_pulse" analysis="tran|pop"
+ xLog="auto" yLog="auto"  nowarn=true disabled=true PROBEREF=Probe15  
.PRINT V(#PWM_base)
.GRAPH :#PWM_base axisType="digital" persistence=-1 curveLabel="PWM_base" analysis="tran|pop"
+ xLog="auto" yLog="auto"  nowarn=true disabled=true PROBEREF=Probe2  
.PRINT V(#cond)
.GRAPH :#cond curveLabel= cond nowarn=true ylog=auto xlog=auto analysis=tran|pop disabled=true
+ PROBEREF=Probe3  
.PRINT V(#PWM_H)
.GRAPH :#PWM_H axisType="grid" axisName="a" persistence=-1 curveLabel="PWM1H" analysis="tran|pop"
+ xLog="auto" yLog="auto"  nowarn=true disabled=true PROBEREF=Probe4  
.PRINT V(266)
.GRAPH :266 axisType="auto" persistence=-1 curveLabel="original" analysis="tran|pop"
+ xLog="auto" yLog="auto"  nowarn=true disabled=true PROBEREF=Probe5  
.PRINT V(255)
.GRAPH :255 axisType="auto" persistence=-1 curveLabel="comp" analysis="tran|pop" xLog="auto"
+ yLog="auto"  nowarn=true disabled=true PROBEREF=Probe6  
.PRINT V(#ramp)
.GRAPH :#ramp axisType="auto" persistence=-1 curveLabel="ramp" analysis="tran|pop"
+ xLog="auto" yLog="auto"  nowarn=true disabled=true PROBEREF=Probe7  
.PRINT V(#duty)
.GRAPH :#duty axisType="auto" persistence=-1 curveLabel="duty" analysis="tran|pop"
+ xLog="auto" yLog="auto"  nowarn=true disabled=true PROBEREF=Probe8  
.PRINT V(#phase1_1H)
.GRAPH :#phase1_1H curveLabel= phase1_1H nowarn=true ylog=auto xlog=auto analysis=tran|pop
+ disabled=true PROBEREF=Probe9  
X$U1 359 0 360 361 232 0 SIMPLIS_OSC101_BB$24
X$U10 266 285 0 265 273 284 SIMPLIS_DIGI1_OR3_Y$25
X$U11 345 334 0 374 360 SIMPLIS_DIGI1_COMP_Y$26
X$U12 284 335 0 329 334 SIMPLIS_DIGI1_AND2_Y$27
X$U13 329 333 0 373 360 SIMPLIS_DIGI1_COMP_Y$28
X$U14 317 304 0 366 360 SIMPLIS_DIGI1_COMP_Y$29
X$U15 291 296 0 266 295 SIMPLIS_DIGI1_AND2_Y$30
X$U16 308 319 0 352 318 SIMPLIS_DIGI1_COMP_Y$31
X$U17 337 341 0 0 354 SIMPLIS_DIGI1_COMP_Y$32
X$U18 382 323 0 309 322 SIMPLIS_DIGI1_OR2_Y$33
X$U19 254 268 0 382 267 SIMPLIS_DIGI1_AND2_Y$34
X$U2 371 242 0 241 360 SIMPLIS_DIGI1_COMP_Y$35
X$U20 269 297 0 291 382 SIMPLIS_DIGI1_AND2_Y$36
X$U21 255 270 0 254 269 SIMPLIS_DIGI1_OR2_Y$37
X$U22 279 292 0 372 SIMPLIS_DIGI1_BUF_Y$38
X$U23 253 262 0 252 261 SIMPLIS_DIGI1_OR2_Y$39
X$U24 328 330 0 375 360 SIMPLIS_DIGI1_COMP_Y$40
X$U25 256 274 0 356 360 SIMPLIS_DIGI1_COMP_Y$41
X$U26 257 276 0 256 275 SIMPLIS_DIGI1_AND2_Y$42
X$U27 258 278 0 257 272 277 SIMPLIS_DIGI1_OR3_Y$43
X$U28 261 294 0 290 380 SIMPLIS_DIGI1_AND2_Y$44
X$U29 259 280 0 258 279 SIMPLIS_DIGI1_OR2_Y$45
X$U3 299 303 0 365 360 SIMPLIS_DIGI1_COMP_Y$46
X$U30 380 316 0 307 315 SIMPLIS_DIGI1_OR2_Y$47
X$U31 252 260 0 380 259 SIMPLIS_DIGI1_AND2_Y$48
X$U32 272 302 0 298 301 SIMPLIS_DIGI1_AND2_Y$49
X$U33 298 300 0 367 360 SIMPLIS_DIGI1_COMP_Y$50
X$U34 288 275 0 358 360 SIMPLIS_DIGI1_COMP_Y$51
X$U35 277 332 0 328 331 SIMPLIS_DIGI1_AND2_Y$52
X$U36 336 338 0 0 358 SIMPLIS_DIGI1_COMP_Y$53
X$U37 310 301 0 368 360 SIMPLIS_DIGI1_COMP_Y$54
X$U38 290 293 0 258 292 SIMPLIS_DIGI1_AND2_Y$55
X$U39 344 331 0 376 360 SIMPLIS_DIGI1_COMP_Y$56
X$U4 264 281 0 352 360 SIMPLIS_DIGI1_COMP_Y$57
X$U40 306 312 0 356 311 SIMPLIS_DIGI1_COMP_Y$58
X$U41 313 325 0 358 324 SIMPLIS_DIGI1_COMP_Y$59
X$U42 307 314 0 306 313 SIMPLIS_DIGI1_AND2_Y$60
X$U43 339 346 0 0 356 SIMPLIS_DIGI1_COMP_Y$61
X$U44 315 340 0 336 339 SIMPLIS_DIGI1_AND2_Y$62
X$U45 320 327 0 354 326 SIMPLIS_DIGI1_COMP_Y$63
X$U46 342 347 0 0 352 SIMPLIS_DIGI1_COMP_Y$64
X$U47 309 321 0 308 320 SIMPLIS_DIGI1_AND2_Y$65
X$U48 322 343 0 337 342 SIMPLIS_DIGI1_AND2_Y$66
X$U49 383 271 0 255 385 386 SIMPLIS_DIGI1_AND3_Y$67
X$U5 265 283 0 264 282 SIMPLIS_DIGI1_AND2_Y$68
X$U50 381 263 0 253 384 386 SIMPLIS_DIGI1_AND3_Y$69
X$U51 364 361 0 SIMPLIS_DIGI1_D_DF_SCG_YX$U51$70
X$U52 372 243 0 361 364 SIMPLIS_DIGI1_OR2_Y$71
X$U6 267 287 0 266 286 SIMPLIS_DIGI1_OR2_Y$72
X$U7 289 282 0 354 360 SIMPLIS_DIGI1_COMP_Y$73
X$U8 286 295 0 372 SIMPLIS_DIGI1_BUF_Y$74
X$U9 273 305 0 299 304 SIMPLIS_DIGI1_AND2_Y$75
V1 369 362 1
V10 324 0 1
V14 370 363 1
V15 363 379 1
V16 326 0 1
V18 348 0 1
V2 241 0 500m
V6 318 0 1
V8 311 0 1
V9 362 378 1

********  SUBCIRCUIT SIMPLIS_DIGI1_AND2_Y$75 @ input file C:/SIMPLIS simulation/ANPC Phase Loss DLL/anpc/SIMPLIS/PWM function/SIMPLIS_Data/design.deck
.subckt SIMPLIS_DIGI1_AND2_Y$75  201 202 100 101 102
.NODE_MAP OUT 201
.NODE_MAP OUT_BAR 202
.NODE_MAP RTN 100
.NODE_MAP IN1 101
.NODE_MAP IN2 102
A_AND %gnd_ref 100 [ 201 202 ] [ 101 102 ] MODEL=MD_ANDM IC=0

********  MODEL MD_ANDM @ input file C:/SIMPLIS simulation/ANPC Phase Loss DLL/anpc/SIMPLIS/PWM function/SIMPLIS_Data/design.deck
.MODEL MD_ANDM DIGITAL1 D_AND ROUT=10 VOL=0 VOH=5  RIN=10000000 TH=2.5 HYSTWD=2e-09
+  NUM_INVERTED_INPUTS=0 OUT_DELAY=2e-12
.ends SIMPLIS_DIGI1_AND2_Y$75

********  SUBCIRCUIT SIMPLIS_DIGI1_BUF_Y$74 @ input file C:/SIMPLIS simulation/ANPC Phase Loss DLL/anpc/SIMPLIS/PWM function/SIMPLIS_Data/design.deck
.subckt SIMPLIS_DIGI1_BUF_Y$74  201 202 100 101
.NODE_MAP OUT 201
.NODE_MAP OUT_BAR 202
.NODE_MAP RTN 100
.NODE_MAP IN1 101
A_BUF %gnd_ref 100 [ 201 202 ] [ 101 ] MODEL=MD_BUFM IC=0

********  MODEL MD_BUFM @ input file C:/SIMPLIS simulation/ANPC Phase Loss DLL/anpc/SIMPLIS/PWM function/SIMPLIS_Data/design.deck
.MODEL MD_BUFM DIGITAL1 D_BUFFER ROUT=10 VOL=0 VOH=5  RIN=10000000 TH=2.5 HYSTWD=2e-09
+  OUT_DELAY=2e-12
.ends SIMPLIS_DIGI1_BUF_Y$74

********  SUBCIRCUIT SIMPLIS_DIGI1_COMP_Y$73 @ input file C:/SIMPLIS simulation/ANPC Phase Loss DLL/anpc/SIMPLIS/PWM function/SIMPLIS_Data/design.deck
.subckt SIMPLIS_DIGI1_COMP_Y$73  201 202 100 101 102
.NODE_MAP OUT 201
.NODE_MAP OUT_BAR 202
.NODE_MAP RTN 100
.NODE_MAP INP 101
.NODE_MAP INN 102
R_INP  101 100 10000000
R_INN  102 100 10000000
E_DIFF 103 100 101 102 1.0
A_COMP %gnd_ref 100 [ 201 202 ] [ 103 ] MODEL=MD_A_COMPM IC=0

********  MODEL MD_A_COMPM @ input file C:/SIMPLIS simulation/ANPC Phase Loss DLL/anpc/SIMPLIS/PWM function/SIMPLIS_Data/design.deck
.MODEL MD_A_COMPM DIGITAL1 D_BUFFER ROUT=10 VOL=0 VOH=5  RIN=10000000 TH=0.0 HYSTWD=2e-09
+  OUT_DELAY=2e-12
.ends SIMPLIS_DIGI1_COMP_Y$73

********  SUBCIRCUIT SIMPLIS_DIGI1_OR2_Y$72 @ input file C:/SIMPLIS simulation/ANPC Phase Loss DLL/anpc/SIMPLIS/PWM function/SIMPLIS_Data/design.deck
.subckt SIMPLIS_DIGI1_OR2_Y$72  201 202 100 101 102
.NODE_MAP OUT 201
.NODE_MAP OUT_BAR 202
.NODE_MAP RTN 100
.NODE_MAP IN1 101
.NODE_MAP IN2 102
A_OR %gnd_ref 100 [ 201 202 ] [ 101 102 ] MODEL=MD_ORM IC=0

********  MODEL MD_ORM @ input file C:/SIMPLIS simulation/ANPC Phase Loss DLL/anpc/SIMPLIS/PWM function/SIMPLIS_Data/design.deck
.MODEL MD_ORM DIGITAL1 D_OR ROUT=10 VOL=0 VOH=5  RIN=10000000 TH=2.5 HYSTWD=2e-09
+  NUM_INVERTED_INPUTS=0 OUT_DELAY=2e-12
.ends SIMPLIS_DIGI1_OR2_Y$72

********  SUBCIRCUIT SIMPLIS_DIGI1_OR2_Y$71 @ input file C:/SIMPLIS simulation/ANPC Phase Loss DLL/anpc/SIMPLIS/PWM function/SIMPLIS_Data/design.deck
.subckt SIMPLIS_DIGI1_OR2_Y$71  201 202 100 101 102
.NODE_MAP OUT 201
.NODE_MAP OUT_BAR 202
.NODE_MAP RTN 100
.NODE_MAP IN1 101
.NODE_MAP IN2 102
A_OR %gnd_ref 100 [ 201 202 ] [ 101 102 ] MODEL=MD_ORM IC=0

********  MODEL MD_ORM @ input file C:/SIMPLIS simulation/ANPC Phase Loss DLL/anpc/SIMPLIS/PWM function/SIMPLIS_Data/design.deck
.MODEL MD_ORM DIGITAL1 D_OR ROUT=10 VOL=0 VOH=5  RIN=10000000 TH=2.5 HYSTWD=2e-09
+  NUM_INVERTED_INPUTS=0 OUT_DELAY=2e-12
.ends SIMPLIS_DIGI1_OR2_Y$71

********  SUBCIRCUIT SIMPLIS_DIGI1_D_DF_SCG_YX$U51$70 @ input file C:/SIMPLIS simulation/ANPC Phase Loss DLL/anpc/SIMPLIS/PWM function/SIMPLIS_Data/design.deck
.subckt SIMPLIS_DIGI1_D_DF_SCG_YX$U51$70  1 2 3
.NODE_MAP CLK_OUT 1
.NODE_MAP TRIG 2
.NODE_MAP RTN 3
.NODE_MAP DISCHARGE 100
.NODE_MAP CAP_VOLTAGE 101
.NODE_MAP CHARGE 102
C1SHOT 101 3 1e-09 IC=0
EBB9711 103 3 101 3 1
EBB9714 100 3 104 3 1
G1SHOT_CHG 3 101 102 3 66.6666666666667
G1SHOT_DSCH 101 3 100 3 666.666666666667
X$UBB9701 105 106 3 2 SIMPLIS_LOGIC_BB_BUF$76
X$UBB9702 107 108 3 106 100 SIMPLIS_LOGIC_BB_SRFF$77
X$UBB9704 109 3 105 107 SIMPLIS_SUMMER2_BB$78
X$UBB9705 102 110 3 109 100 SIMPLIS_LOGIC_BB_SRFF$79
X$UBB9713 104 111 3 103 112 SIMPLIS_LOGIC_BB_COMP$80
X$UBB9721 113 114 3 102 SIMPLIS_LOGIC_BB_BUF$81
X$UBB9722 1 115 3 102 113 SIMPLIS_LOGIC_BB_SRFF$82
VBB9712 112 3 0.5

********  SUBCIRCUIT SIMPLIS_LOGIC_BB_SRFF$82 @ input file C:/SIMPLIS simulation/ANPC Phase Loss DLL/anpc/SIMPLIS/PWM function/SIMPLIS_Data/design.deck
.subckt SIMPLIS_LOGIC_BB_SRFF$82  201 202 100 101 102
.NODE_MAP Q 201
.NODE_MAP QN 202
.NODE_MAP RTN 100
.NODE_MAP S 101
.NODE_MAP R 102
!D_SRFF 201 202 100 101 102 MSRFF IC=0

********  MODEL MSRFF @ input file C:/SIMPLIS simulation/ANPC Phase Loss DLL/anpc/SIMPLIS/PWM function/SIMPLIS_Data/design.deck
.MODEL MSRFF SRFF RIN=10000000 ROUT=10 VOL=0 VOH=5  HYSTWD=1 DELAY=0 TH=2.5 LOGIC=POS
.ends SIMPLIS_LOGIC_BB_SRFF$82

********  SUBCIRCUIT SIMPLIS_LOGIC_BB_BUF$81 @ input file C:/SIMPLIS simulation/ANPC Phase Loss DLL/anpc/SIMPLIS/PWM function/SIMPLIS_Data/design.deck
.subckt SIMPLIS_LOGIC_BB_BUF$81  201 202 100 101
.NODE_MAP OUT 201
.NODE_MAP OUT_BAR 202
.NODE_MAP RTN 100
.NODE_MAP IN1 101
!DCOMP 2000 100 101 102 MCOMP IC=0
VV1 102 100 2.5

********  MODEL MCOMP @ input file C:/SIMPLIS simulation/ANPC Phase Loss DLL/anpc/SIMPLIS/PWM function/SIMPLIS_Data/design.deck
.MODEL MCOMP COMP RIN=10000000 ROUT=1024 VOL=0 VOH=1  HYSTWD=1 DELAY=1.5e-11
IOUT   100 201 0
GOUT   100 201 2000 100 0.5
ROUT   201 100 10
IOUTB  100 202 0.5
GOUTB  100 202 2000 100 -0.5
ROUTB  202 100 10
.ends SIMPLIS_LOGIC_BB_BUF$81

********  SUBCIRCUIT SIMPLIS_LOGIC_BB_COMP$80 @ input file C:/SIMPLIS simulation/ANPC Phase Loss DLL/anpc/SIMPLIS/PWM function/SIMPLIS_Data/design.deck
.subckt SIMPLIS_LOGIC_BB_COMP$80  201 202 100 101 102
.NODE_MAP OUT 201
.NODE_MAP OUT_BAR 202
.NODE_MAP RTN 100
.NODE_MAP INP 101
.NODE_MAP INN 102
!DCOMP 2000 100 101 102 MCOMP IC=0

********  MODEL MCOMP @ input file C:/SIMPLIS simulation/ANPC Phase Loss DLL/anpc/SIMPLIS/PWM function/SIMPLIS_Data/design.deck
.MODEL MCOMP COMP RIN=100000000 ROUT=1024 VOL=0 VOH=1  HYSTWD=1 DELAY=0
IOUT   100 201 0
GOUT   100 201 2000 100 0.5
ROUT   201 100 10
IOUTB  100 202 0.5
GOUTB  100 202 2000 100 -0.5
ROUTB  202 100 10
.ends SIMPLIS_LOGIC_BB_COMP$80

********  SUBCIRCUIT SIMPLIS_LOGIC_BB_SRFF$79 @ input file C:/SIMPLIS simulation/ANPC Phase Loss DLL/anpc/SIMPLIS/PWM function/SIMPLIS_Data/design.deck
.subckt SIMPLIS_LOGIC_BB_SRFF$79  201 202 100 101 102
.NODE_MAP Q 201
.NODE_MAP QN 202
.NODE_MAP RTN 100
.NODE_MAP S 101
.NODE_MAP R 102
!D_SRFF 201 202 100 101 102 MSRFF IC=0

********  MODEL MSRFF @ input file C:/SIMPLIS simulation/ANPC Phase Loss DLL/anpc/SIMPLIS/PWM function/SIMPLIS_Data/design.deck
.MODEL MSRFF SRFF RIN=10000000 ROUT=10 VOL=0 VOH=5  HYSTWD=1 DELAY=0 TH=2.5 LOGIC=POS
.ends SIMPLIS_LOGIC_BB_SRFF$79

********  SUBCIRCUIT SIMPLIS_SUMMER2_BB$78 @ input file C:/SIMPLIS simulation/ANPC Phase Loss DLL/anpc/SIMPLIS/PWM function/SIMPLIS_Data/design.deck
.subckt SIMPLIS_SUMMER2_BB$78  9221 9200 9211 9212
.NODE_MAP OUT 9221
.NODE_MAP RTN 9200
.NODE_MAP IN1 9211
.NODE_MAP IN2 9212
.KEEP -**V
.KEEP -**I
.REQUIRED_VERSION 8.00
R9201 9201 9200 1024
I9210 9200 9201 0
G9211 9200 9201 9211 9200 0.35
G9212 9200 9201 9212 9200 0.35
E9221 9221 9200 9201 9200 976.5625u
.ends SIMPLIS_SUMMER2_BB$78

********  SUBCIRCUIT SIMPLIS_LOGIC_BB_SRFF$77 @ input file C:/SIMPLIS simulation/ANPC Phase Loss DLL/anpc/SIMPLIS/PWM function/SIMPLIS_Data/design.deck
.subckt SIMPLIS_LOGIC_BB_SRFF$77  201 202 100 101 102
.NODE_MAP Q 201
.NODE_MAP QN 202
.NODE_MAP RTN 100
.NODE_MAP S 101
.NODE_MAP R 102
!D_SRFF 201 202 100 101 102 MSRFF IC=0

********  MODEL MSRFF @ input file C:/SIMPLIS simulation/ANPC Phase Loss DLL/anpc/SIMPLIS/PWM function/SIMPLIS_Data/design.deck
.MODEL MSRFF SRFF RIN=10000000 ROUT=10 VOL=0 VOH=5  HYSTWD=1 DELAY=0 TH=2.5 LOGIC=POS
.ends SIMPLIS_LOGIC_BB_SRFF$77

********  SUBCIRCUIT SIMPLIS_LOGIC_BB_BUF$76 @ input file C:/SIMPLIS simulation/ANPC Phase Loss DLL/anpc/SIMPLIS/PWM function/SIMPLIS_Data/design.deck
.subckt SIMPLIS_LOGIC_BB_BUF$76  201 202 100 101
.NODE_MAP OUT 201
.NODE_MAP OUT_BAR 202
.NODE_MAP RTN 100
.NODE_MAP IN1 101
!DCOMP 2000 100 101 102 MCOMP IC=0
VV1 102 100 2.5

********  MODEL MCOMP @ input file C:/SIMPLIS simulation/ANPC Phase Loss DLL/anpc/SIMPLIS/PWM function/SIMPLIS_Data/design.deck
.MODEL MCOMP COMP RIN=10000000 ROUT=1024 VOL=0 VOH=1  HYSTWD=1 DELAY=0
IOUT   100 201 0
GOUT   100 201 2000 100 0.5
ROUT   201 100 10
IOUTB  100 202 0.5
GOUTB  100 202 2000 100 -0.5
ROUTB  202 100 10
.ends SIMPLIS_LOGIC_BB_BUF$76
.ends SIMPLIS_DIGI1_D_DF_SCG_YX$U51$70

********  SUBCIRCUIT SIMPLIS_DIGI1_AND3_Y$69 @ input file C:/SIMPLIS simulation/ANPC Phase Loss DLL/anpc/SIMPLIS/PWM function/SIMPLIS_Data/design.deck
.subckt SIMPLIS_DIGI1_AND3_Y$69  201 202 100 101 102 103
.NODE_MAP OUT 201
.NODE_MAP OUT_BAR 202
.NODE_MAP RTN 100
.NODE_MAP IN1 101
.NODE_MAP IN2 102
.NODE_MAP IN3 103
A_AND %gnd_ref 100 [ 201 202 ] [ 101 102 103 ] MODEL=MD_ANDM IC=0

********  MODEL MD_ANDM @ input file C:/SIMPLIS simulation/ANPC Phase Loss DLL/anpc/SIMPLIS/PWM function/SIMPLIS_Data/design.deck
.MODEL MD_ANDM DIGITAL1 D_AND ROUT=10 VOL=0 VOH=5  RIN=10000000 TH=2.5 HYSTWD=2e-09
+  NUM_INVERTED_INPUTS=2 OUT_DELAY=2e-12
.ends SIMPLIS_DIGI1_AND3_Y$69

********  SUBCIRCUIT SIMPLIS_DIGI1_AND2_Y$68 @ input file C:/SIMPLIS simulation/ANPC Phase Loss DLL/anpc/SIMPLIS/PWM function/SIMPLIS_Data/design.deck
.subckt SIMPLIS_DIGI1_AND2_Y$68  201 202 100 101 102
.NODE_MAP OUT 201
.NODE_MAP OUT_BAR 202
.NODE_MAP RTN 100
.NODE_MAP IN1 101
.NODE_MAP IN2 102
A_AND %gnd_ref 100 [ 201 202 ] [ 101 102 ] MODEL=MD_ANDM IC=0

********  MODEL MD_ANDM @ input file C:/SIMPLIS simulation/ANPC Phase Loss DLL/anpc/SIMPLIS/PWM function/SIMPLIS_Data/design.deck
.MODEL MD_ANDM DIGITAL1 D_AND ROUT=10 VOL=0 VOH=5  RIN=10000000 TH=2.5 HYSTWD=2e-09
+  NUM_INVERTED_INPUTS=0 OUT_DELAY=2e-12
.ends SIMPLIS_DIGI1_AND2_Y$68

********  SUBCIRCUIT SIMPLIS_DIGI1_AND3_Y$67 @ input file C:/SIMPLIS simulation/ANPC Phase Loss DLL/anpc/SIMPLIS/PWM function/SIMPLIS_Data/design.deck
.subckt SIMPLIS_DIGI1_AND3_Y$67  201 202 100 101 102 103
.NODE_MAP OUT 201
.NODE_MAP OUT_BAR 202
.NODE_MAP RTN 100
.NODE_MAP IN1 101
.NODE_MAP IN2 102
.NODE_MAP IN3 103
A_AND %gnd_ref 100 [ 201 202 ] [ 101 102 103 ] MODEL=MD_ANDM IC=0

********  MODEL MD_ANDM @ input file C:/SIMPLIS simulation/ANPC Phase Loss DLL/anpc/SIMPLIS/PWM function/SIMPLIS_Data/design.deck
.MODEL MD_ANDM DIGITAL1 D_AND ROUT=10 VOL=0 VOH=5  RIN=10000000 TH=2.5 HYSTWD=2e-09
+  NUM_INVERTED_INPUTS=2 OUT_DELAY=2e-12
.ends SIMPLIS_DIGI1_AND3_Y$67

********  SUBCIRCUIT SIMPLIS_DIGI1_AND2_Y$66 @ input file C:/SIMPLIS simulation/ANPC Phase Loss DLL/anpc/SIMPLIS/PWM function/SIMPLIS_Data/design.deck
.subckt SIMPLIS_DIGI1_AND2_Y$66  201 202 100 101 102
.NODE_MAP OUT 201
.NODE_MAP OUT_BAR 202
.NODE_MAP RTN 100
.NODE_MAP IN1 101
.NODE_MAP IN2 102
A_AND %gnd_ref 100 [ 201 202 ] [ 101 102 ] MODEL=MD_ANDM IC=0

********  MODEL MD_ANDM @ input file C:/SIMPLIS simulation/ANPC Phase Loss DLL/anpc/SIMPLIS/PWM function/SIMPLIS_Data/design.deck
.MODEL MD_ANDM DIGITAL1 D_AND ROUT=10 VOL=0 VOH=5  RIN=10000000 TH=2.5 HYSTWD=2e-09
+  NUM_INVERTED_INPUTS=1 OUT_DELAY=2e-12
.ends SIMPLIS_DIGI1_AND2_Y$66

********  SUBCIRCUIT SIMPLIS_DIGI1_AND2_Y$65 @ input file C:/SIMPLIS simulation/ANPC Phase Loss DLL/anpc/SIMPLIS/PWM function/SIMPLIS_Data/design.deck
.subckt SIMPLIS_DIGI1_AND2_Y$65  201 202 100 101 102
.NODE_MAP OUT 201
.NODE_MAP OUT_BAR 202
.NODE_MAP RTN 100
.NODE_MAP IN1 101
.NODE_MAP IN2 102
A_AND %gnd_ref 100 [ 201 202 ] [ 101 102 ] MODEL=MD_ANDM IC=0

********  MODEL MD_ANDM @ input file C:/SIMPLIS simulation/ANPC Phase Loss DLL/anpc/SIMPLIS/PWM function/SIMPLIS_Data/design.deck
.MODEL MD_ANDM DIGITAL1 D_AND ROUT=10 VOL=0 VOH=5  RIN=10000000 TH=2.5 HYSTWD=2e-09
+  NUM_INVERTED_INPUTS=1 OUT_DELAY=2e-12
.ends SIMPLIS_DIGI1_AND2_Y$65

********  SUBCIRCUIT SIMPLIS_DIGI1_COMP_Y$64 @ input file C:/SIMPLIS simulation/ANPC Phase Loss DLL/anpc/SIMPLIS/PWM function/SIMPLIS_Data/design.deck
.subckt SIMPLIS_DIGI1_COMP_Y$64  201 202 100 101 102
.NODE_MAP OUT 201
.NODE_MAP OUT_BAR 202
.NODE_MAP RTN 100
.NODE_MAP INP 101
.NODE_MAP INN 102
R_INP  101 100 10000000
R_INN  102 100 10000000
E_DIFF 103 100 101 102 1.0
A_COMP %gnd_ref 100 [ 201 202 ] [ 103 ] MODEL=MD_A_COMPM IC=0

********  MODEL MD_A_COMPM @ input file C:/SIMPLIS simulation/ANPC Phase Loss DLL/anpc/SIMPLIS/PWM function/SIMPLIS_Data/design.deck
.MODEL MD_A_COMPM DIGITAL1 D_BUFFER ROUT=10 VOL=0 VOH=5  RIN=10000000 TH=0.0 HYSTWD=2e-09
+  OUT_DELAY=2e-12
.ends SIMPLIS_DIGI1_COMP_Y$64

********  SUBCIRCUIT SIMPLIS_DIGI1_COMP_Y$63 @ input file C:/SIMPLIS simulation/ANPC Phase Loss DLL/anpc/SIMPLIS/PWM function/SIMPLIS_Data/design.deck
.subckt SIMPLIS_DIGI1_COMP_Y$63  201 202 100 101 102
.NODE_MAP OUT 201
.NODE_MAP OUT_BAR 202
.NODE_MAP RTN 100
.NODE_MAP INP 101
.NODE_MAP INN 102
R_INP  101 100 10000000
R_INN  102 100 10000000
E_DIFF 103 100 101 102 1.0
A_COMP %gnd_ref 100 [ 201 202 ] [ 103 ] MODEL=MD_A_COMPM IC=0

********  MODEL MD_A_COMPM @ input file C:/SIMPLIS simulation/ANPC Phase Loss DLL/anpc/SIMPLIS/PWM function/SIMPLIS_Data/design.deck
.MODEL MD_A_COMPM DIGITAL1 D_BUFFER ROUT=10 VOL=0 VOH=5  RIN=10000000 TH=0.0 HYSTWD=2e-09
+  OUT_DELAY=2e-12
.ends SIMPLIS_DIGI1_COMP_Y$63

********  SUBCIRCUIT SIMPLIS_DIGI1_AND2_Y$62 @ input file C:/SIMPLIS simulation/ANPC Phase Loss DLL/anpc/SIMPLIS/PWM function/SIMPLIS_Data/design.deck
.subckt SIMPLIS_DIGI1_AND2_Y$62  201 202 100 101 102
.NODE_MAP OUT 201
.NODE_MAP OUT_BAR 202
.NODE_MAP RTN 100
.NODE_MAP IN1 101
.NODE_MAP IN2 102
A_AND %gnd_ref 100 [ 201 202 ] [ 101 102 ] MODEL=MD_ANDM IC=0

********  MODEL MD_ANDM @ input file C:/SIMPLIS simulation/ANPC Phase Loss DLL/anpc/SIMPLIS/PWM function/SIMPLIS_Data/design.deck
.MODEL MD_ANDM DIGITAL1 D_AND ROUT=10 VOL=0 VOH=5  RIN=10000000 TH=2.5 HYSTWD=2e-09
+  NUM_INVERTED_INPUTS=1 OUT_DELAY=2e-12
.ends SIMPLIS_DIGI1_AND2_Y$62

********  SUBCIRCUIT SIMPLIS_DIGI1_COMP_Y$61 @ input file C:/SIMPLIS simulation/ANPC Phase Loss DLL/anpc/SIMPLIS/PWM function/SIMPLIS_Data/design.deck
.subckt SIMPLIS_DIGI1_COMP_Y$61  201 202 100 101 102
.NODE_MAP OUT 201
.NODE_MAP OUT_BAR 202
.NODE_MAP RTN 100
.NODE_MAP INP 101
.NODE_MAP INN 102
R_INP  101 100 10000000
R_INN  102 100 10000000
E_DIFF 103 100 101 102 1.0
A_COMP %gnd_ref 100 [ 201 202 ] [ 103 ] MODEL=MD_A_COMPM IC=0

********  MODEL MD_A_COMPM @ input file C:/SIMPLIS simulation/ANPC Phase Loss DLL/anpc/SIMPLIS/PWM function/SIMPLIS_Data/design.deck
.MODEL MD_A_COMPM DIGITAL1 D_BUFFER ROUT=10 VOL=0 VOH=5  RIN=10000000 TH=0.0 HYSTWD=2e-09
+  OUT_DELAY=2e-12
.ends SIMPLIS_DIGI1_COMP_Y$61

********  SUBCIRCUIT SIMPLIS_DIGI1_AND2_Y$60 @ input file C:/SIMPLIS simulation/ANPC Phase Loss DLL/anpc/SIMPLIS/PWM function/SIMPLIS_Data/design.deck
.subckt SIMPLIS_DIGI1_AND2_Y$60  201 202 100 101 102
.NODE_MAP OUT 201
.NODE_MAP OUT_BAR 202
.NODE_MAP RTN 100
.NODE_MAP IN1 101
.NODE_MAP IN2 102
A_AND %gnd_ref 100 [ 201 202 ] [ 101 102 ] MODEL=MD_ANDM IC=0

********  MODEL MD_ANDM @ input file C:/SIMPLIS simulation/ANPC Phase Loss DLL/anpc/SIMPLIS/PWM function/SIMPLIS_Data/design.deck
.MODEL MD_ANDM DIGITAL1 D_AND ROUT=10 VOL=0 VOH=5  RIN=10000000 TH=2.5 HYSTWD=2e-09
+  NUM_INVERTED_INPUTS=1 OUT_DELAY=2e-12
.ends SIMPLIS_DIGI1_AND2_Y$60

********  SUBCIRCUIT SIMPLIS_DIGI1_COMP_Y$59 @ input file C:/SIMPLIS simulation/ANPC Phase Loss DLL/anpc/SIMPLIS/PWM function/SIMPLIS_Data/design.deck
.subckt SIMPLIS_DIGI1_COMP_Y$59  201 202 100 101 102
.NODE_MAP OUT 201
.NODE_MAP OUT_BAR 202
.NODE_MAP RTN 100
.NODE_MAP INP 101
.NODE_MAP INN 102
R_INP  101 100 10000000
R_INN  102 100 10000000
E_DIFF 103 100 101 102 1.0
A_COMP %gnd_ref 100 [ 201 202 ] [ 103 ] MODEL=MD_A_COMPM IC=0

********  MODEL MD_A_COMPM @ input file C:/SIMPLIS simulation/ANPC Phase Loss DLL/anpc/SIMPLIS/PWM function/SIMPLIS_Data/design.deck
.MODEL MD_A_COMPM DIGITAL1 D_BUFFER ROUT=10 VOL=0 VOH=5  RIN=10000000 TH=0.0 HYSTWD=2e-09
+  OUT_DELAY=2e-12
.ends SIMPLIS_DIGI1_COMP_Y$59

********  SUBCIRCUIT SIMPLIS_DIGI1_COMP_Y$58 @ input file C:/SIMPLIS simulation/ANPC Phase Loss DLL/anpc/SIMPLIS/PWM function/SIMPLIS_Data/design.deck
.subckt SIMPLIS_DIGI1_COMP_Y$58  201 202 100 101 102
.NODE_MAP OUT 201
.NODE_MAP OUT_BAR 202
.NODE_MAP RTN 100
.NODE_MAP INP 101
.NODE_MAP INN 102
R_INP  101 100 10000000
R_INN  102 100 10000000
E_DIFF 103 100 101 102 1.0
A_COMP %gnd_ref 100 [ 201 202 ] [ 103 ] MODEL=MD_A_COMPM IC=0

********  MODEL MD_A_COMPM @ input file C:/SIMPLIS simulation/ANPC Phase Loss DLL/anpc/SIMPLIS/PWM function/SIMPLIS_Data/design.deck
.MODEL MD_A_COMPM DIGITAL1 D_BUFFER ROUT=10 VOL=0 VOH=5  RIN=10000000 TH=0.0 HYSTWD=2e-09
+  OUT_DELAY=2e-12
.ends SIMPLIS_DIGI1_COMP_Y$58

********  SUBCIRCUIT SIMPLIS_DIGI1_COMP_Y$57 @ input file C:/SIMPLIS simulation/ANPC Phase Loss DLL/anpc/SIMPLIS/PWM function/SIMPLIS_Data/design.deck
.subckt SIMPLIS_DIGI1_COMP_Y$57  201 202 100 101 102
.NODE_MAP OUT 201
.NODE_MAP OUT_BAR 202
.NODE_MAP RTN 100
.NODE_MAP INP 101
.NODE_MAP INN 102
R_INP  101 100 10000000
R_INN  102 100 10000000
E_DIFF 103 100 101 102 1.0
A_COMP %gnd_ref 100 [ 201 202 ] [ 103 ] MODEL=MD_A_COMPM IC=0

********  MODEL MD_A_COMPM @ input file C:/SIMPLIS simulation/ANPC Phase Loss DLL/anpc/SIMPLIS/PWM function/SIMPLIS_Data/design.deck
.MODEL MD_A_COMPM DIGITAL1 D_BUFFER ROUT=10 VOL=0 VOH=5  RIN=10000000 TH=0.0 HYSTWD=2e-09
+  OUT_DELAY=2e-12
.ends SIMPLIS_DIGI1_COMP_Y$57

********  SUBCIRCUIT SIMPLIS_DIGI1_COMP_Y$56 @ input file C:/SIMPLIS simulation/ANPC Phase Loss DLL/anpc/SIMPLIS/PWM function/SIMPLIS_Data/design.deck
.subckt SIMPLIS_DIGI1_COMP_Y$56  201 202 100 101 102
.NODE_MAP OUT 201
.NODE_MAP OUT_BAR 202
.NODE_MAP RTN 100
.NODE_MAP INP 101
.NODE_MAP INN 102
R_INP  101 100 10000000
R_INN  102 100 10000000
E_DIFF 103 100 101 102 1.0
A_COMP %gnd_ref 100 [ 201 202 ] [ 103 ] MODEL=MD_A_COMPM IC=0

********  MODEL MD_A_COMPM @ input file C:/SIMPLIS simulation/ANPC Phase Loss DLL/anpc/SIMPLIS/PWM function/SIMPLIS_Data/design.deck
.MODEL MD_A_COMPM DIGITAL1 D_BUFFER ROUT=10 VOL=0 VOH=5  RIN=10000000 TH=0.0 HYSTWD=2e-09
+  OUT_DELAY=2e-12
.ends SIMPLIS_DIGI1_COMP_Y$56

********  SUBCIRCUIT SIMPLIS_DIGI1_AND2_Y$55 @ input file C:/SIMPLIS simulation/ANPC Phase Loss DLL/anpc/SIMPLIS/PWM function/SIMPLIS_Data/design.deck
.subckt SIMPLIS_DIGI1_AND2_Y$55  201 202 100 101 102
.NODE_MAP OUT 201
.NODE_MAP OUT_BAR 202
.NODE_MAP RTN 100
.NODE_MAP IN1 101
.NODE_MAP IN2 102
A_AND %gnd_ref 100 [ 201 202 ] [ 101 102 ] MODEL=MD_ANDM IC=0

********  MODEL MD_ANDM @ input file C:/SIMPLIS simulation/ANPC Phase Loss DLL/anpc/SIMPLIS/PWM function/SIMPLIS_Data/design.deck
.MODEL MD_ANDM DIGITAL1 D_AND ROUT=10 VOL=0 VOH=5  RIN=10000000 TH=2.5 HYSTWD=2e-09
+  NUM_INVERTED_INPUTS=0 OUT_DELAY=2e-12
.ends SIMPLIS_DIGI1_AND2_Y$55

********  SUBCIRCUIT SIMPLIS_DIGI1_COMP_Y$54 @ input file C:/SIMPLIS simulation/ANPC Phase Loss DLL/anpc/SIMPLIS/PWM function/SIMPLIS_Data/design.deck
.subckt SIMPLIS_DIGI1_COMP_Y$54  201 202 100 101 102
.NODE_MAP OUT 201
.NODE_MAP OUT_BAR 202
.NODE_MAP RTN 100
.NODE_MAP INP 101
.NODE_MAP INN 102
R_INP  101 100 10000000
R_INN  102 100 10000000
E_DIFF 103 100 101 102 1.0
A_COMP %gnd_ref 100 [ 201 202 ] [ 103 ] MODEL=MD_A_COMPM IC=0

********  MODEL MD_A_COMPM @ input file C:/SIMPLIS simulation/ANPC Phase Loss DLL/anpc/SIMPLIS/PWM function/SIMPLIS_Data/design.deck
.MODEL MD_A_COMPM DIGITAL1 D_BUFFER ROUT=10 VOL=0 VOH=5  RIN=10000000 TH=0.0 HYSTWD=2e-09
+  OUT_DELAY=2e-12
.ends SIMPLIS_DIGI1_COMP_Y$54

********  SUBCIRCUIT SIMPLIS_DIGI1_COMP_Y$53 @ input file C:/SIMPLIS simulation/ANPC Phase Loss DLL/anpc/SIMPLIS/PWM function/SIMPLIS_Data/design.deck
.subckt SIMPLIS_DIGI1_COMP_Y$53  201 202 100 101 102
.NODE_MAP OUT 201
.NODE_MAP OUT_BAR 202
.NODE_MAP RTN 100
.NODE_MAP INP 101
.NODE_MAP INN 102
R_INP  101 100 10000000
R_INN  102 100 10000000
E_DIFF 103 100 101 102 1.0
A_COMP %gnd_ref 100 [ 201 202 ] [ 103 ] MODEL=MD_A_COMPM IC=0

********  MODEL MD_A_COMPM @ input file C:/SIMPLIS simulation/ANPC Phase Loss DLL/anpc/SIMPLIS/PWM function/SIMPLIS_Data/design.deck
.MODEL MD_A_COMPM DIGITAL1 D_BUFFER ROUT=10 VOL=0 VOH=5  RIN=10000000 TH=0.0 HYSTWD=2e-09
+  OUT_DELAY=2e-12
.ends SIMPLIS_DIGI1_COMP_Y$53

********  SUBCIRCUIT SIMPLIS_DIGI1_AND2_Y$52 @ input file C:/SIMPLIS simulation/ANPC Phase Loss DLL/anpc/SIMPLIS/PWM function/SIMPLIS_Data/design.deck
.subckt SIMPLIS_DIGI1_AND2_Y$52  201 202 100 101 102
.NODE_MAP OUT 201
.NODE_MAP OUT_BAR 202
.NODE_MAP RTN 100
.NODE_MAP IN1 101
.NODE_MAP IN2 102
A_AND %gnd_ref 100 [ 201 202 ] [ 101 102 ] MODEL=MD_ANDM IC=0

********  MODEL MD_ANDM @ input file C:/SIMPLIS simulation/ANPC Phase Loss DLL/anpc/SIMPLIS/PWM function/SIMPLIS_Data/design.deck
.MODEL MD_ANDM DIGITAL1 D_AND ROUT=10 VOL=0 VOH=5  RIN=10000000 TH=2.5 HYSTWD=2e-09
+  NUM_INVERTED_INPUTS=0 OUT_DELAY=2e-12
.ends SIMPLIS_DIGI1_AND2_Y$52

********  SUBCIRCUIT SIMPLIS_DIGI1_COMP_Y$51 @ input file C:/SIMPLIS simulation/ANPC Phase Loss DLL/anpc/SIMPLIS/PWM function/SIMPLIS_Data/design.deck
.subckt SIMPLIS_DIGI1_COMP_Y$51  201 202 100 101 102
.NODE_MAP OUT 201
.NODE_MAP OUT_BAR 202
.NODE_MAP RTN 100
.NODE_MAP INP 101
.NODE_MAP INN 102
R_INP  101 100 10000000
R_INN  102 100 10000000
E_DIFF 103 100 101 102 1.0
A_COMP %gnd_ref 100 [ 201 202 ] [ 103 ] MODEL=MD_A_COMPM IC=0

********  MODEL MD_A_COMPM @ input file C:/SIMPLIS simulation/ANPC Phase Loss DLL/anpc/SIMPLIS/PWM function/SIMPLIS_Data/design.deck
.MODEL MD_A_COMPM DIGITAL1 D_BUFFER ROUT=10 VOL=0 VOH=5  RIN=10000000 TH=0.0 HYSTWD=2e-09
+  OUT_DELAY=2e-12
.ends SIMPLIS_DIGI1_COMP_Y$51

********  SUBCIRCUIT SIMPLIS_DIGI1_COMP_Y$50 @ input file C:/SIMPLIS simulation/ANPC Phase Loss DLL/anpc/SIMPLIS/PWM function/SIMPLIS_Data/design.deck
.subckt SIMPLIS_DIGI1_COMP_Y$50  201 202 100 101 102
.NODE_MAP OUT 201
.NODE_MAP OUT_BAR 202
.NODE_MAP RTN 100
.NODE_MAP INP 101
.NODE_MAP INN 102
R_INP  101 100 10000000
R_INN  102 100 10000000
E_DIFF 103 100 101 102 1.0
A_COMP %gnd_ref 100 [ 201 202 ] [ 103 ] MODEL=MD_A_COMPM IC=0

********  MODEL MD_A_COMPM @ input file C:/SIMPLIS simulation/ANPC Phase Loss DLL/anpc/SIMPLIS/PWM function/SIMPLIS_Data/design.deck
.MODEL MD_A_COMPM DIGITAL1 D_BUFFER ROUT=10 VOL=0 VOH=5  RIN=10000000 TH=0.0 HYSTWD=2e-09
+  OUT_DELAY=2e-12
.ends SIMPLIS_DIGI1_COMP_Y$50

********  SUBCIRCUIT SIMPLIS_DIGI1_AND2_Y$49 @ input file C:/SIMPLIS simulation/ANPC Phase Loss DLL/anpc/SIMPLIS/PWM function/SIMPLIS_Data/design.deck
.subckt SIMPLIS_DIGI1_AND2_Y$49  201 202 100 101 102
.NODE_MAP OUT 201
.NODE_MAP OUT_BAR 202
.NODE_MAP RTN 100
.NODE_MAP IN1 101
.NODE_MAP IN2 102
A_AND %gnd_ref 100 [ 201 202 ] [ 101 102 ] MODEL=MD_ANDM IC=0

********  MODEL MD_ANDM @ input file C:/SIMPLIS simulation/ANPC Phase Loss DLL/anpc/SIMPLIS/PWM function/SIMPLIS_Data/design.deck
.MODEL MD_ANDM DIGITAL1 D_AND ROUT=10 VOL=0 VOH=5  RIN=10000000 TH=2.5 HYSTWD=2e-09
+  NUM_INVERTED_INPUTS=0 OUT_DELAY=2e-12
.ends SIMPLIS_DIGI1_AND2_Y$49

********  SUBCIRCUIT SIMPLIS_DIGI1_AND2_Y$48 @ input file C:/SIMPLIS simulation/ANPC Phase Loss DLL/anpc/SIMPLIS/PWM function/SIMPLIS_Data/design.deck
.subckt SIMPLIS_DIGI1_AND2_Y$48  201 202 100 101 102
.NODE_MAP OUT 201
.NODE_MAP OUT_BAR 202
.NODE_MAP RTN 100
.NODE_MAP IN1 101
.NODE_MAP IN2 102
A_AND %gnd_ref 100 [ 201 202 ] [ 101 102 ] MODEL=MD_ANDM IC=0

********  MODEL MD_ANDM @ input file C:/SIMPLIS simulation/ANPC Phase Loss DLL/anpc/SIMPLIS/PWM function/SIMPLIS_Data/design.deck
.MODEL MD_ANDM DIGITAL1 D_AND ROUT=10 VOL=0 VOH=5  RIN=10000000 TH=2.5 HYSTWD=2e-09
+  NUM_INVERTED_INPUTS=0 OUT_DELAY=2e-12
.ends SIMPLIS_DIGI1_AND2_Y$48

********  SUBCIRCUIT SIMPLIS_DIGI1_OR2_Y$47 @ input file C:/SIMPLIS simulation/ANPC Phase Loss DLL/anpc/SIMPLIS/PWM function/SIMPLIS_Data/design.deck
.subckt SIMPLIS_DIGI1_OR2_Y$47  201 202 100 101 102
.NODE_MAP OUT 201
.NODE_MAP OUT_BAR 202
.NODE_MAP RTN 100
.NODE_MAP IN1 101
.NODE_MAP IN2 102
A_OR %gnd_ref 100 [ 201 202 ] [ 101 102 ] MODEL=MD_ORM IC=0

********  MODEL MD_ORM @ input file C:/SIMPLIS simulation/ANPC Phase Loss DLL/anpc/SIMPLIS/PWM function/SIMPLIS_Data/design.deck
.MODEL MD_ORM DIGITAL1 D_OR ROUT=10 VOL=0 VOH=5  RIN=10000000 TH=2.5 HYSTWD=2e-09
+  NUM_INVERTED_INPUTS=0 OUT_DELAY=2e-12
.ends SIMPLIS_DIGI1_OR2_Y$47

********  SUBCIRCUIT SIMPLIS_DIGI1_COMP_Y$46 @ input file C:/SIMPLIS simulation/ANPC Phase Loss DLL/anpc/SIMPLIS/PWM function/SIMPLIS_Data/design.deck
.subckt SIMPLIS_DIGI1_COMP_Y$46  201 202 100 101 102
.NODE_MAP OUT 201
.NODE_MAP OUT_BAR 202
.NODE_MAP RTN 100
.NODE_MAP INP 101
.NODE_MAP INN 102
R_INP  101 100 10000000
R_INN  102 100 10000000
E_DIFF 103 100 101 102 1.0
A_COMP %gnd_ref 100 [ 201 202 ] [ 103 ] MODEL=MD_A_COMPM IC=0

********  MODEL MD_A_COMPM @ input file C:/SIMPLIS simulation/ANPC Phase Loss DLL/anpc/SIMPLIS/PWM function/SIMPLIS_Data/design.deck
.MODEL MD_A_COMPM DIGITAL1 D_BUFFER ROUT=10 VOL=0 VOH=5  RIN=10000000 TH=0.0 HYSTWD=2e-09
+  OUT_DELAY=2e-12
.ends SIMPLIS_DIGI1_COMP_Y$46

********  SUBCIRCUIT SIMPLIS_DIGI1_OR2_Y$45 @ input file C:/SIMPLIS simulation/ANPC Phase Loss DLL/anpc/SIMPLIS/PWM function/SIMPLIS_Data/design.deck
.subckt SIMPLIS_DIGI1_OR2_Y$45  201 202 100 101 102
.NODE_MAP OUT 201
.NODE_MAP OUT_BAR 202
.NODE_MAP RTN 100
.NODE_MAP IN1 101
.NODE_MAP IN2 102
A_OR %gnd_ref 100 [ 201 202 ] [ 101 102 ] MODEL=MD_ORM IC=0

********  MODEL MD_ORM @ input file C:/SIMPLIS simulation/ANPC Phase Loss DLL/anpc/SIMPLIS/PWM function/SIMPLIS_Data/design.deck
.MODEL MD_ORM DIGITAL1 D_OR ROUT=10 VOL=0 VOH=5  RIN=10000000 TH=2.5 HYSTWD=2e-09
+  NUM_INVERTED_INPUTS=0 OUT_DELAY=2e-12
.ends SIMPLIS_DIGI1_OR2_Y$45

********  SUBCIRCUIT SIMPLIS_DIGI1_AND2_Y$44 @ input file C:/SIMPLIS simulation/ANPC Phase Loss DLL/anpc/SIMPLIS/PWM function/SIMPLIS_Data/design.deck
.subckt SIMPLIS_DIGI1_AND2_Y$44  201 202 100 101 102
.NODE_MAP OUT 201
.NODE_MAP OUT_BAR 202
.NODE_MAP RTN 100
.NODE_MAP IN1 101
.NODE_MAP IN2 102
A_AND %gnd_ref 100 [ 201 202 ] [ 101 102 ] MODEL=MD_ANDM IC=0

********  MODEL MD_ANDM @ input file C:/SIMPLIS simulation/ANPC Phase Loss DLL/anpc/SIMPLIS/PWM function/SIMPLIS_Data/design.deck
.MODEL MD_ANDM DIGITAL1 D_AND ROUT=10 VOL=0 VOH=5  RIN=10000000 TH=2.5 HYSTWD=2e-09
+  NUM_INVERTED_INPUTS=1 OUT_DELAY=2e-12
.ends SIMPLIS_DIGI1_AND2_Y$44

********  SUBCIRCUIT SIMPLIS_DIGI1_OR3_Y$43 @ input file C:/SIMPLIS simulation/ANPC Phase Loss DLL/anpc/SIMPLIS/PWM function/SIMPLIS_Data/design.deck
.subckt SIMPLIS_DIGI1_OR3_Y$43  201 202 100 101 102 103
.NODE_MAP OUT 201
.NODE_MAP OUT_BAR 202
.NODE_MAP RTN 100
.NODE_MAP IN1 101
.NODE_MAP IN2 102
.NODE_MAP IN3 103
A_OR %gnd_ref 100 [ 201 202 ] [ 101 102 103 ] MODEL=MD_ORM IC=0

********  MODEL MD_ORM @ input file C:/SIMPLIS simulation/ANPC Phase Loss DLL/anpc/SIMPLIS/PWM function/SIMPLIS_Data/design.deck
.MODEL MD_ORM DIGITAL1 D_OR ROUT=10 VOL=0 VOH=5  RIN=10000000 TH=2.5 HYSTWD=2e-09
+  NUM_INVERTED_INPUTS=0 OUT_DELAY=2e-12
.ends SIMPLIS_DIGI1_OR3_Y$43

********  SUBCIRCUIT SIMPLIS_DIGI1_AND2_Y$42 @ input file C:/SIMPLIS simulation/ANPC Phase Loss DLL/anpc/SIMPLIS/PWM function/SIMPLIS_Data/design.deck
.subckt SIMPLIS_DIGI1_AND2_Y$42  201 202 100 101 102
.NODE_MAP OUT 201
.NODE_MAP OUT_BAR 202
.NODE_MAP RTN 100
.NODE_MAP IN1 101
.NODE_MAP IN2 102
A_AND %gnd_ref 100 [ 201 202 ] [ 101 102 ] MODEL=MD_ANDM IC=0

********  MODEL MD_ANDM @ input file C:/SIMPLIS simulation/ANPC Phase Loss DLL/anpc/SIMPLIS/PWM function/SIMPLIS_Data/design.deck
.MODEL MD_ANDM DIGITAL1 D_AND ROUT=10 VOL=0 VOH=5  RIN=10000000 TH=2.5 HYSTWD=2e-09
+  NUM_INVERTED_INPUTS=0 OUT_DELAY=2e-12
.ends SIMPLIS_DIGI1_AND2_Y$42

********  SUBCIRCUIT SIMPLIS_DIGI1_COMP_Y$41 @ input file C:/SIMPLIS simulation/ANPC Phase Loss DLL/anpc/SIMPLIS/PWM function/SIMPLIS_Data/design.deck
.subckt SIMPLIS_DIGI1_COMP_Y$41  201 202 100 101 102
.NODE_MAP OUT 201
.NODE_MAP OUT_BAR 202
.NODE_MAP RTN 100
.NODE_MAP INP 101
.NODE_MAP INN 102
R_INP  101 100 10000000
R_INN  102 100 10000000
E_DIFF 103 100 101 102 1.0
A_COMP %gnd_ref 100 [ 201 202 ] [ 103 ] MODEL=MD_A_COMPM IC=0

********  MODEL MD_A_COMPM @ input file C:/SIMPLIS simulation/ANPC Phase Loss DLL/anpc/SIMPLIS/PWM function/SIMPLIS_Data/design.deck
.MODEL MD_A_COMPM DIGITAL1 D_BUFFER ROUT=10 VOL=0 VOH=5  RIN=10000000 TH=0.0 HYSTWD=2e-09
+  OUT_DELAY=2e-12
.ends SIMPLIS_DIGI1_COMP_Y$41

********  SUBCIRCUIT SIMPLIS_DIGI1_COMP_Y$40 @ input file C:/SIMPLIS simulation/ANPC Phase Loss DLL/anpc/SIMPLIS/PWM function/SIMPLIS_Data/design.deck
.subckt SIMPLIS_DIGI1_COMP_Y$40  201 202 100 101 102
.NODE_MAP OUT 201
.NODE_MAP OUT_BAR 202
.NODE_MAP RTN 100
.NODE_MAP INP 101
.NODE_MAP INN 102
R_INP  101 100 10000000
R_INN  102 100 10000000
E_DIFF 103 100 101 102 1.0
A_COMP %gnd_ref 100 [ 201 202 ] [ 103 ] MODEL=MD_A_COMPM IC=0

********  MODEL MD_A_COMPM @ input file C:/SIMPLIS simulation/ANPC Phase Loss DLL/anpc/SIMPLIS/PWM function/SIMPLIS_Data/design.deck
.MODEL MD_A_COMPM DIGITAL1 D_BUFFER ROUT=10 VOL=0 VOH=5  RIN=10000000 TH=0.0 HYSTWD=2e-09
+  OUT_DELAY=2e-12
.ends SIMPLIS_DIGI1_COMP_Y$40

********  SUBCIRCUIT SIMPLIS_DIGI1_OR2_Y$39 @ input file C:/SIMPLIS simulation/ANPC Phase Loss DLL/anpc/SIMPLIS/PWM function/SIMPLIS_Data/design.deck
.subckt SIMPLIS_DIGI1_OR2_Y$39  201 202 100 101 102
.NODE_MAP OUT 201
.NODE_MAP OUT_BAR 202
.NODE_MAP RTN 100
.NODE_MAP IN1 101
.NODE_MAP IN2 102
A_OR %gnd_ref 100 [ 201 202 ] [ 101 102 ] MODEL=MD_ORM IC=0

********  MODEL MD_ORM @ input file C:/SIMPLIS simulation/ANPC Phase Loss DLL/anpc/SIMPLIS/PWM function/SIMPLIS_Data/design.deck
.MODEL MD_ORM DIGITAL1 D_OR ROUT=10 VOL=0 VOH=5  RIN=10000000 TH=2.5 HYSTWD=2e-09
+  NUM_INVERTED_INPUTS=0 OUT_DELAY=2e-12
.ends SIMPLIS_DIGI1_OR2_Y$39

********  SUBCIRCUIT SIMPLIS_DIGI1_BUF_Y$38 @ input file C:/SIMPLIS simulation/ANPC Phase Loss DLL/anpc/SIMPLIS/PWM function/SIMPLIS_Data/design.deck
.subckt SIMPLIS_DIGI1_BUF_Y$38  201 202 100 101
.NODE_MAP OUT 201
.NODE_MAP OUT_BAR 202
.NODE_MAP RTN 100
.NODE_MAP IN1 101
A_BUF %gnd_ref 100 [ 201 202 ] [ 101 ] MODEL=MD_BUFM IC=0

********  MODEL MD_BUFM @ input file C:/SIMPLIS simulation/ANPC Phase Loss DLL/anpc/SIMPLIS/PWM function/SIMPLIS_Data/design.deck
.MODEL MD_BUFM DIGITAL1 D_BUFFER ROUT=10 VOL=0 VOH=5  RIN=10000000 TH=2.5 HYSTWD=2e-09
+  OUT_DELAY=2e-12
.ends SIMPLIS_DIGI1_BUF_Y$38

********  SUBCIRCUIT SIMPLIS_DIGI1_OR2_Y$37 @ input file C:/SIMPLIS simulation/ANPC Phase Loss DLL/anpc/SIMPLIS/PWM function/SIMPLIS_Data/design.deck
.subckt SIMPLIS_DIGI1_OR2_Y$37  201 202 100 101 102
.NODE_MAP OUT 201
.NODE_MAP OUT_BAR 202
.NODE_MAP RTN 100
.NODE_MAP IN1 101
.NODE_MAP IN2 102
A_OR %gnd_ref 100 [ 201 202 ] [ 101 102 ] MODEL=MD_ORM IC=0

********  MODEL MD_ORM @ input file C:/SIMPLIS simulation/ANPC Phase Loss DLL/anpc/SIMPLIS/PWM function/SIMPLIS_Data/design.deck
.MODEL MD_ORM DIGITAL1 D_OR ROUT=10 VOL=0 VOH=5  RIN=10000000 TH=2.5 HYSTWD=2e-09
+  NUM_INVERTED_INPUTS=0 OUT_DELAY=2e-12
.ends SIMPLIS_DIGI1_OR2_Y$37

********  SUBCIRCUIT SIMPLIS_DIGI1_AND2_Y$36 @ input file C:/SIMPLIS simulation/ANPC Phase Loss DLL/anpc/SIMPLIS/PWM function/SIMPLIS_Data/design.deck
.subckt SIMPLIS_DIGI1_AND2_Y$36  201 202 100 101 102
.NODE_MAP OUT 201
.NODE_MAP OUT_BAR 202
.NODE_MAP RTN 100
.NODE_MAP IN1 101
.NODE_MAP IN2 102
A_AND %gnd_ref 100 [ 201 202 ] [ 101 102 ] MODEL=MD_ANDM IC=0

********  MODEL MD_ANDM @ input file C:/SIMPLIS simulation/ANPC Phase Loss DLL/anpc/SIMPLIS/PWM function/SIMPLIS_Data/design.deck
.MODEL MD_ANDM DIGITAL1 D_AND ROUT=10 VOL=0 VOH=5  RIN=10000000 TH=2.5 HYSTWD=2e-09
+  NUM_INVERTED_INPUTS=1 OUT_DELAY=2e-12
.ends SIMPLIS_DIGI1_AND2_Y$36

********  SUBCIRCUIT SIMPLIS_DIGI1_COMP_Y$35 @ input file C:/SIMPLIS simulation/ANPC Phase Loss DLL/anpc/SIMPLIS/PWM function/SIMPLIS_Data/design.deck
.subckt SIMPLIS_DIGI1_COMP_Y$35  201 202 100 101 102
.NODE_MAP OUT 201
.NODE_MAP OUT_BAR 202
.NODE_MAP RTN 100
.NODE_MAP INP 101
.NODE_MAP INN 102
R_INP  101 100 10000000
R_INN  102 100 10000000
E_DIFF 103 100 101 102 1.0
A_COMP %gnd_ref 100 [ 201 202 ] [ 103 ] MODEL=MD_A_COMPM IC=0

********  MODEL MD_A_COMPM @ input file C:/SIMPLIS simulation/ANPC Phase Loss DLL/anpc/SIMPLIS/PWM function/SIMPLIS_Data/design.deck
.MODEL MD_A_COMPM DIGITAL1 D_BUFFER ROUT=10 VOL=0 VOH=5  RIN=10000000 TH=0.0 HYSTWD=2e-09
+  OUT_DELAY=2e-12
.ends SIMPLIS_DIGI1_COMP_Y$35

********  SUBCIRCUIT SIMPLIS_DIGI1_AND2_Y$34 @ input file C:/SIMPLIS simulation/ANPC Phase Loss DLL/anpc/SIMPLIS/PWM function/SIMPLIS_Data/design.deck
.subckt SIMPLIS_DIGI1_AND2_Y$34  201 202 100 101 102
.NODE_MAP OUT 201
.NODE_MAP OUT_BAR 202
.NODE_MAP RTN 100
.NODE_MAP IN1 101
.NODE_MAP IN2 102
A_AND %gnd_ref 100 [ 201 202 ] [ 101 102 ] MODEL=MD_ANDM IC=0

********  MODEL MD_ANDM @ input file C:/SIMPLIS simulation/ANPC Phase Loss DLL/anpc/SIMPLIS/PWM function/SIMPLIS_Data/design.deck
.MODEL MD_ANDM DIGITAL1 D_AND ROUT=10 VOL=0 VOH=5  RIN=10000000 TH=2.5 HYSTWD=2e-09
+  NUM_INVERTED_INPUTS=0 OUT_DELAY=2e-12
.ends SIMPLIS_DIGI1_AND2_Y$34

********  SUBCIRCUIT SIMPLIS_DIGI1_OR2_Y$33 @ input file C:/SIMPLIS simulation/ANPC Phase Loss DLL/anpc/SIMPLIS/PWM function/SIMPLIS_Data/design.deck
.subckt SIMPLIS_DIGI1_OR2_Y$33  201 202 100 101 102
.NODE_MAP OUT 201
.NODE_MAP OUT_BAR 202
.NODE_MAP RTN 100
.NODE_MAP IN1 101
.NODE_MAP IN2 102
A_OR %gnd_ref 100 [ 201 202 ] [ 101 102 ] MODEL=MD_ORM IC=0

********  MODEL MD_ORM @ input file C:/SIMPLIS simulation/ANPC Phase Loss DLL/anpc/SIMPLIS/PWM function/SIMPLIS_Data/design.deck
.MODEL MD_ORM DIGITAL1 D_OR ROUT=10 VOL=0 VOH=5  RIN=10000000 TH=2.5 HYSTWD=2e-09
+  NUM_INVERTED_INPUTS=0 OUT_DELAY=2e-12
.ends SIMPLIS_DIGI1_OR2_Y$33

********  SUBCIRCUIT SIMPLIS_DIGI1_COMP_Y$32 @ input file C:/SIMPLIS simulation/ANPC Phase Loss DLL/anpc/SIMPLIS/PWM function/SIMPLIS_Data/design.deck
.subckt SIMPLIS_DIGI1_COMP_Y$32  201 202 100 101 102
.NODE_MAP OUT 201
.NODE_MAP OUT_BAR 202
.NODE_MAP RTN 100
.NODE_MAP INP 101
.NODE_MAP INN 102
R_INP  101 100 10000000
R_INN  102 100 10000000
E_DIFF 103 100 101 102 1.0
A_COMP %gnd_ref 100 [ 201 202 ] [ 103 ] MODEL=MD_A_COMPM IC=0

********  MODEL MD_A_COMPM @ input file C:/SIMPLIS simulation/ANPC Phase Loss DLL/anpc/SIMPLIS/PWM function/SIMPLIS_Data/design.deck
.MODEL MD_A_COMPM DIGITAL1 D_BUFFER ROUT=10 VOL=0 VOH=5  RIN=10000000 TH=0.0 HYSTWD=2e-09
+  OUT_DELAY=2e-12
.ends SIMPLIS_DIGI1_COMP_Y$32

********  SUBCIRCUIT SIMPLIS_DIGI1_COMP_Y$31 @ input file C:/SIMPLIS simulation/ANPC Phase Loss DLL/anpc/SIMPLIS/PWM function/SIMPLIS_Data/design.deck
.subckt SIMPLIS_DIGI1_COMP_Y$31  201 202 100 101 102
.NODE_MAP OUT 201
.NODE_MAP OUT_BAR 202
.NODE_MAP RTN 100
.NODE_MAP INP 101
.NODE_MAP INN 102
R_INP  101 100 10000000
R_INN  102 100 10000000
E_DIFF 103 100 101 102 1.0
A_COMP %gnd_ref 100 [ 201 202 ] [ 103 ] MODEL=MD_A_COMPM IC=0

********  MODEL MD_A_COMPM @ input file C:/SIMPLIS simulation/ANPC Phase Loss DLL/anpc/SIMPLIS/PWM function/SIMPLIS_Data/design.deck
.MODEL MD_A_COMPM DIGITAL1 D_BUFFER ROUT=10 VOL=0 VOH=5  RIN=10000000 TH=0.0 HYSTWD=2e-09
+  OUT_DELAY=2e-12
.ends SIMPLIS_DIGI1_COMP_Y$31

********  SUBCIRCUIT SIMPLIS_DIGI1_AND2_Y$30 @ input file C:/SIMPLIS simulation/ANPC Phase Loss DLL/anpc/SIMPLIS/PWM function/SIMPLIS_Data/design.deck
.subckt SIMPLIS_DIGI1_AND2_Y$30  201 202 100 101 102
.NODE_MAP OUT 201
.NODE_MAP OUT_BAR 202
.NODE_MAP RTN 100
.NODE_MAP IN1 101
.NODE_MAP IN2 102
A_AND %gnd_ref 100 [ 201 202 ] [ 101 102 ] MODEL=MD_ANDM IC=0

********  MODEL MD_ANDM @ input file C:/SIMPLIS simulation/ANPC Phase Loss DLL/anpc/SIMPLIS/PWM function/SIMPLIS_Data/design.deck
.MODEL MD_ANDM DIGITAL1 D_AND ROUT=10 VOL=0 VOH=5  RIN=10000000 TH=2.5 HYSTWD=2e-09
+  NUM_INVERTED_INPUTS=0 OUT_DELAY=2e-12
.ends SIMPLIS_DIGI1_AND2_Y$30

********  SUBCIRCUIT SIMPLIS_DIGI1_COMP_Y$29 @ input file C:/SIMPLIS simulation/ANPC Phase Loss DLL/anpc/SIMPLIS/PWM function/SIMPLIS_Data/design.deck
.subckt SIMPLIS_DIGI1_COMP_Y$29  201 202 100 101 102
.NODE_MAP OUT 201
.NODE_MAP OUT_BAR 202
.NODE_MAP RTN 100
.NODE_MAP INP 101
.NODE_MAP INN 102
R_INP  101 100 10000000
R_INN  102 100 10000000
E_DIFF 103 100 101 102 1.0
A_COMP %gnd_ref 100 [ 201 202 ] [ 103 ] MODEL=MD_A_COMPM IC=0

********  MODEL MD_A_COMPM @ input file C:/SIMPLIS simulation/ANPC Phase Loss DLL/anpc/SIMPLIS/PWM function/SIMPLIS_Data/design.deck
.MODEL MD_A_COMPM DIGITAL1 D_BUFFER ROUT=10 VOL=0 VOH=5  RIN=10000000 TH=0.0 HYSTWD=2e-09
+  OUT_DELAY=2e-12
.ends SIMPLIS_DIGI1_COMP_Y$29

********  SUBCIRCUIT SIMPLIS_DIGI1_COMP_Y$28 @ input file C:/SIMPLIS simulation/ANPC Phase Loss DLL/anpc/SIMPLIS/PWM function/SIMPLIS_Data/design.deck
.subckt SIMPLIS_DIGI1_COMP_Y$28  201 202 100 101 102
.NODE_MAP OUT 201
.NODE_MAP OUT_BAR 202
.NODE_MAP RTN 100
.NODE_MAP INP 101
.NODE_MAP INN 102
R_INP  101 100 10000000
R_INN  102 100 10000000
E_DIFF 103 100 101 102 1.0
A_COMP %gnd_ref 100 [ 201 202 ] [ 103 ] MODEL=MD_A_COMPM IC=0

********  MODEL MD_A_COMPM @ input file C:/SIMPLIS simulation/ANPC Phase Loss DLL/anpc/SIMPLIS/PWM function/SIMPLIS_Data/design.deck
.MODEL MD_A_COMPM DIGITAL1 D_BUFFER ROUT=10 VOL=0 VOH=5  RIN=10000000 TH=0.0 HYSTWD=2e-09
+  OUT_DELAY=2e-12
.ends SIMPLIS_DIGI1_COMP_Y$28

********  SUBCIRCUIT SIMPLIS_DIGI1_AND2_Y$27 @ input file C:/SIMPLIS simulation/ANPC Phase Loss DLL/anpc/SIMPLIS/PWM function/SIMPLIS_Data/design.deck
.subckt SIMPLIS_DIGI1_AND2_Y$27  201 202 100 101 102
.NODE_MAP OUT 201
.NODE_MAP OUT_BAR 202
.NODE_MAP RTN 100
.NODE_MAP IN1 101
.NODE_MAP IN2 102
A_AND %gnd_ref 100 [ 201 202 ] [ 101 102 ] MODEL=MD_ANDM IC=0

********  MODEL MD_ANDM @ input file C:/SIMPLIS simulation/ANPC Phase Loss DLL/anpc/SIMPLIS/PWM function/SIMPLIS_Data/design.deck
.MODEL MD_ANDM DIGITAL1 D_AND ROUT=10 VOL=0 VOH=5  RIN=10000000 TH=2.5 HYSTWD=2e-09
+  NUM_INVERTED_INPUTS=0 OUT_DELAY=2e-12
.ends SIMPLIS_DIGI1_AND2_Y$27

********  SUBCIRCUIT SIMPLIS_DIGI1_COMP_Y$26 @ input file C:/SIMPLIS simulation/ANPC Phase Loss DLL/anpc/SIMPLIS/PWM function/SIMPLIS_Data/design.deck
.subckt SIMPLIS_DIGI1_COMP_Y$26  201 202 100 101 102
.NODE_MAP OUT 201
.NODE_MAP OUT_BAR 202
.NODE_MAP RTN 100
.NODE_MAP INP 101
.NODE_MAP INN 102
R_INP  101 100 10000000
R_INN  102 100 10000000
E_DIFF 103 100 101 102 1.0
A_COMP %gnd_ref 100 [ 201 202 ] [ 103 ] MODEL=MD_A_COMPM IC=0

********  MODEL MD_A_COMPM @ input file C:/SIMPLIS simulation/ANPC Phase Loss DLL/anpc/SIMPLIS/PWM function/SIMPLIS_Data/design.deck
.MODEL MD_A_COMPM DIGITAL1 D_BUFFER ROUT=10 VOL=0 VOH=5  RIN=10000000 TH=0.0 HYSTWD=2e-09
+  OUT_DELAY=2e-12
.ends SIMPLIS_DIGI1_COMP_Y$26

********  SUBCIRCUIT SIMPLIS_DIGI1_OR3_Y$25 @ input file C:/SIMPLIS simulation/ANPC Phase Loss DLL/anpc/SIMPLIS/PWM function/SIMPLIS_Data/design.deck
.subckt SIMPLIS_DIGI1_OR3_Y$25  201 202 100 101 102 103
.NODE_MAP OUT 201
.NODE_MAP OUT_BAR 202
.NODE_MAP RTN 100
.NODE_MAP IN1 101
.NODE_MAP IN2 102
.NODE_MAP IN3 103
A_OR %gnd_ref 100 [ 201 202 ] [ 101 102 103 ] MODEL=MD_ORM IC=0

********  MODEL MD_ORM @ input file C:/SIMPLIS simulation/ANPC Phase Loss DLL/anpc/SIMPLIS/PWM function/SIMPLIS_Data/design.deck
.MODEL MD_ORM DIGITAL1 D_OR ROUT=10 VOL=0 VOH=5  RIN=10000000 TH=2.5 HYSTWD=2e-09
+  NUM_INVERTED_INPUTS=0 OUT_DELAY=2e-12
.ends SIMPLIS_DIGI1_OR3_Y$25

********  SUBCIRCUIT SIMPLIS_OSC101_BB$24 @ input file C:/SIMPLIS simulation/ANPC Phase Loss DLL/anpc/SIMPLIS/PWM function/SIMPLIS_Data/design.deck
.subckt SIMPLIS_OSC101_BB$24  9313 9309 9314 9310 9311 9308
.NODE_MAP VF 9313
.NODE_MAP OFF 9309
.NODE_MAP RAMP 9314
.NODE_MAP CLK 9310
.NODE_MAP V_DICH 9311
.NODE_MAP RTN 9308
.NODE_MAP V_C_OSC 9312
.KEEP -**V
.KEEP -**I
.REQUIRED_VERSION 8.00
RBB9301 9313 9308 1G
GBB9311 9308 9312 RBB9301 1.000001000001e-09
C_OSC 9312 9308 1e-09 IC=1.001
VBB9313 9303 9308 0.5
X$UBB9314 9302 9304 9308 9312 9303 SIMPLIS_LOGIC_COMP$3$83
EBB9315 9301 9308 C_OSC 1
RBB9316 9301 9314 10 
EBB9317 9310 9308 9302 9308 1
EBB9321 9306 9308 RBB9301 1
X$UBB9322 9305 9308 9306 9310 SIMPLIS_SWITCH_VCVS$2
GBB9323 9307 9308 9305 9308 0.00100000100008327
VHBB124$TP_CCVS 9312 9307 0
HBB9324 9311 9308 VHBB124$TP_CCVS 999.999
X$SBB9331 9312 9308 9309 9308 SIMPLIS_VC_SWITCH$1
ROFF 9309 9308 1G

********  SUBCIRCUIT SIMPLIS_VC_SWITCH$1 @ input file C:/SIMPLIS simulation/ANPC Phase Loss DLL/anpc/SIMPLIS/PWM function/SIMPLIS_Data/design.deck
.subckt SIMPLIS_VC_SWITCH$1  1 2 3 4
.NODE_MAP P 1
.NODE_MAP N 2
.NODE_MAP CP 3
.NODE_MAP CN 4
S1 1 2 3 4 SW IC=OPEN

********  MODEL SW @ input file C:/SIMPLIS simulation/ANPC Phase Loss DLL/anpc/SIMPLIS/PWM function/SIMPLIS_Data/design.deck
.MODEL SW VCSW ROFF=1e+009 RON=1 TH=2.5 HYSTWD=1 LOGIC=POS
.ends SIMPLIS_VC_SWITCH$1

********  SUBCIRCUIT SIMPLIS_SWITCH_VCVS$2 @ input file C:/SIMPLIS simulation/ANPC Phase Loss DLL/anpc/SIMPLIS/PWM function/SIMPLIS_Data/design.deck
.subckt SIMPLIS_SWITCH_VCVS$2  9922 9900 9901 9902
.NODE_MAP VOUT 9922
.NODE_MAP RTN 9900
.NODE_MAP VSENSE 9901
.NODE_MAP CNTL 9902
EBB9901 9911 9900 9901 9900 1
SBB9902 9912 9900 9902 9900 MSWM IC=CLOSE

********  MODEL MSWM @ input file C:/SIMPLIS simulation/ANPC Phase Loss DLL/anpc/SIMPLIS/PWM function/SIMPLIS_Data/design.deck
.MODEL MSWM VCSW ROFF=384 RON=128 TH=2.5 HYSTWD=1 LOGIC=NEG
RBB9903 9911 9912 128
EBB9904 9921 9900 9912 9900 4
EBB9905 9922 9921 9901 9900 -2
.ends SIMPLIS_SWITCH_VCVS$2

********  SUBCIRCUIT SIMPLIS_LOGIC_COMP$3$83 @ input file C:/SIMPLIS simulation/ANPC Phase Loss DLL/anpc/SIMPLIS/PWM function/SIMPLIS_Data/design.deck
.subckt SIMPLIS_LOGIC_COMP$3$83  201 202 100 101 102
.NODE_MAP OUT 201
.NODE_MAP OUT_BAR 202
.NODE_MAP RTN 100
.NODE_MAP INP 101
.NODE_MAP INN 102
!DCOMP 2000 100 101 102 MCOMP IC=1

********  MODEL MCOMP @ input file C:/SIMPLIS simulation/ANPC Phase Loss DLL/anpc/SIMPLIS/PWM function/SIMPLIS_Data/design.deck
.MODEL MCOMP COMP RIN=1e+009 ROUT=1024 VOL=0 VOH=1 HYSTWD=1 DELAY=0
IOUT   100 201 0
GOUT   100 201 2000 100 0.5
ROUT   201 100 10
IOUTB  100 202 0.5
GOUTB  100 202 2000 100 -0.5
ROUTB  202 100 10
.ends SIMPLIS_LOGIC_COMP$3$83
.ends SIMPLIS_OSC101_BB$24
.ends PWM_generator_Comp

********  SUBCIRCUIT SIMPLIS_LOGIC_BB_BUF$13 @ input file C:/SIMPLIS simulation/ANPC Phase Loss DLL/anpc/SIMPLIS/PWM function/SIMPLIS_Data/design.deck
.subckt SIMPLIS_LOGIC_BB_BUF$13  201 202 100 101
.NODE_MAP OUT 201
.NODE_MAP OUT_BAR 202
.NODE_MAP RTN 100
.NODE_MAP IN1 101
!DCOMP 2000 100 101 102 MCOMP IC=0
VV1 102 100 0.5

********  MODEL MCOMP @ input file C:/SIMPLIS simulation/ANPC Phase Loss DLL/anpc/SIMPLIS/PWM function/SIMPLIS_Data/design.deck
.MODEL MCOMP COMP RIN=10000000 ROUT=1024 VOL=0 VOH=1  HYSTWD=0.25 DELAY=0
IOUT   100 201 0
GOUT   100 201 2000 100 0.5
ROUT   201 100 10
IOUTB  100 202 0.5
GOUTB  100 202 2000 100 -0.5
ROUTB  202 100 10
.ends SIMPLIS_LOGIC_BB_BUF$13

********  SUBCIRCUIT SIMPLIS_LOGIC_BB_OR2$12 @ input file C:/SIMPLIS simulation/ANPC Phase Loss DLL/anpc/SIMPLIS/PWM function/SIMPLIS_Data/design.deck
.subckt SIMPLIS_LOGIC_BB_OR2$12  201 202 100 101 102
.NODE_MAP OUT 201
.NODE_MAP OUT_BAR 202
.NODE_MAP RTN 100
.NODE_MAP IN1 101
.NODE_MAP IN2 102
!DOR 2000 100 101 102 MORM IC=0

********  MODEL MORM @ input file C:/SIMPLIS simulation/ANPC Phase Loss DLL/anpc/SIMPLIS/PWM function/SIMPLIS_Data/design.deck
.MODEL MORM OR2 RIN=10000000 ROUT=1024 VOL=0 VOH=1  HYSTWD=0.25 DELAY=0 TH=0.5 LOGIC=POS
IOUT   100 201 0
GOUT   100 201 2000 100 0.33
ROUT   201 100 10
IOUTB  100 202 0.33
GOUTB  100 202 2000 100 -0.33
ROUTB  202 100 10
.ends SIMPLIS_LOGIC_BB_OR2$12

********  SUBCIRCUIT SIMPLIS_LOGIC_BB_AND2$11 @ input file C:/SIMPLIS simulation/ANPC Phase Loss DLL/anpc/SIMPLIS/PWM function/SIMPLIS_Data/design.deck
.subckt SIMPLIS_LOGIC_BB_AND2$11  201 202 100 101 102
.NODE_MAP OUT 201
.NODE_MAP OUT_BAR 202
.NODE_MAP RTN 100
.NODE_MAP IN1 101
.NODE_MAP IN2 102
!DAND 2000 100 101 102 MANDM IC=0

********  MODEL MANDM @ input file C:/SIMPLIS simulation/ANPC Phase Loss DLL/anpc/SIMPLIS/PWM function/SIMPLIS_Data/design.deck
.MODEL MANDM AND2 RIN=10000000 ROUT=1024 VOL=0 VOH=1  HYSTWD=0.25 DELAY=0 TH=0.5 LOGIC=POS
IOUT   100 201 0
GOUT   100 201 2000 100 0.5
ROUT   201 100 10
IOUTB  100 202 0.5
GOUTB  100 202 2000 100 -0.5
ROUTB  202 100 10
.ends SIMPLIS_LOGIC_BB_AND2$11

********  SUBCIRCUIT SIMPLIS_LOGIC_BB_OR2$10 @ input file C:/SIMPLIS simulation/ANPC Phase Loss DLL/anpc/SIMPLIS/PWM function/SIMPLIS_Data/design.deck
.subckt SIMPLIS_LOGIC_BB_OR2$10  201 202 100 101 102
.NODE_MAP OUT 201
.NODE_MAP OUT_BAR 202
.NODE_MAP RTN 100
.NODE_MAP IN1 101
.NODE_MAP IN2 102
!DOR 2000 100 101 102 MORM IC=0

********  MODEL MORM @ input file C:/SIMPLIS simulation/ANPC Phase Loss DLL/anpc/SIMPLIS/PWM function/SIMPLIS_Data/design.deck
.MODEL MORM OR2 RIN=10000000 ROUT=1024 VOL=0 VOH=1  HYSTWD=0.25 DELAY=0 TH=0.5 LOGIC=POS
IOUT   100 201 0
GOUT   100 201 2000 100 0.5
ROUT   201 100 10
IOUTB  100 202 0.5
GOUTB  100 202 2000 100 -0.5
ROUTB  202 100 10
.ends SIMPLIS_LOGIC_BB_OR2$10

********  SUBCIRCUIT SIMPLIS_LOGIC_BB_OR2$9 @ input file C:/SIMPLIS simulation/ANPC Phase Loss DLL/anpc/SIMPLIS/PWM function/SIMPLIS_Data/design.deck
.subckt SIMPLIS_LOGIC_BB_OR2$9  201 202 100 101 102
.NODE_MAP OUT 201
.NODE_MAP OUT_BAR 202
.NODE_MAP RTN 100
.NODE_MAP IN1 101
.NODE_MAP IN2 102
!DOR 2000 100 101 102 MORM IC=0

********  MODEL MORM @ input file C:/SIMPLIS simulation/ANPC Phase Loss DLL/anpc/SIMPLIS/PWM function/SIMPLIS_Data/design.deck
.MODEL MORM OR2 RIN=10000000 ROUT=1024 VOL=0 VOH=1  HYSTWD=0.25 DELAY=0 TH=0.5 LOGIC=POS
IOUT   100 201 0
GOUT   100 201 2000 100 0.5
ROUT   201 100 10
IOUTB  100 202 0.5
GOUTB  100 202 2000 100 -0.5
ROUTB  202 100 10
.ends SIMPLIS_LOGIC_BB_OR2$9

********  SUBCIRCUIT SIMPLIS_LOGIC_BB_AND2$8 @ input file C:/SIMPLIS simulation/ANPC Phase Loss DLL/anpc/SIMPLIS/PWM function/SIMPLIS_Data/design.deck
.subckt SIMPLIS_LOGIC_BB_AND2$8  201 202 100 101 102
.NODE_MAP OUT 201
.NODE_MAP OUT_BAR 202
.NODE_MAP RTN 100
.NODE_MAP IN1 101
.NODE_MAP IN2 102
!DAND 2000 100 101 102 MANDM IC=0

********  MODEL MANDM @ input file C:/SIMPLIS simulation/ANPC Phase Loss DLL/anpc/SIMPLIS/PWM function/SIMPLIS_Data/design.deck
.MODEL MANDM AND2 RIN=10000000 ROUT=1024 VOL=0 VOH=1  HYSTWD=0.25 DELAY=0 TH=0.5 LOGIC=POS
IOUT   100 201 0
GOUT   100 201 2000 100 0.5
ROUT   201 100 10
IOUTB  100 202 0.5
GOUTB  100 202 2000 100 -0.5
ROUTB  202 100 10
.ends SIMPLIS_LOGIC_BB_AND2$8

********  SUBCIRCUIT SIMPLIS_LOGIC_BB_AND2$7 @ input file C:/SIMPLIS simulation/ANPC Phase Loss DLL/anpc/SIMPLIS/PWM function/SIMPLIS_Data/design.deck
.subckt SIMPLIS_LOGIC_BB_AND2$7  201 202 100 101 102
.NODE_MAP OUT 201
.NODE_MAP OUT_BAR 202
.NODE_MAP RTN 100
.NODE_MAP IN1 101
.NODE_MAP IN2 102
!DAND 2000 100 101 102 MANDM IC=0

********  MODEL MANDM @ input file C:/SIMPLIS simulation/ANPC Phase Loss DLL/anpc/SIMPLIS/PWM function/SIMPLIS_Data/design.deck
.MODEL MANDM AND2 RIN=10000000 ROUT=1024 VOL=0 VOH=1  HYSTWD=0.25 DELAY=0 TH=0.5 LOGIC=POS
IOUT   100 201 0
GOUT   100 201 2000 100 0.5
ROUT   201 100 10
IOUTB  100 202 0.5
GOUTB  100 202 2000 100 -0.5
ROUTB  202 100 10
.ends SIMPLIS_LOGIC_BB_AND2$7

********  SUBCIRCUIT SIMPLIS_LOGIC_BB_OR2$6 @ input file C:/SIMPLIS simulation/ANPC Phase Loss DLL/anpc/SIMPLIS/PWM function/SIMPLIS_Data/design.deck
.subckt SIMPLIS_LOGIC_BB_OR2$6  201 202 100 101 102
.NODE_MAP OUT 201
.NODE_MAP OUT_BAR 202
.NODE_MAP RTN 100
.NODE_MAP IN1 101
.NODE_MAP IN2 102
!DOR 2000 100 101 102 MORM IC=0

********  MODEL MORM @ input file C:/SIMPLIS simulation/ANPC Phase Loss DLL/anpc/SIMPLIS/PWM function/SIMPLIS_Data/design.deck
.MODEL MORM OR2 RIN=10000000 ROUT=1024 VOL=0 VOH=1  HYSTWD=0.25 DELAY=0 TH=0.5 LOGIC=POS
IOUT   100 201 0
GOUT   100 201 2000 100 0.33
ROUT   201 100 10
IOUTB  100 202 0.33
GOUTB  100 202 2000 100 -0.33
ROUTB  202 100 10
.ends SIMPLIS_LOGIC_BB_OR2$6

********  SUBCIRCUIT SIMPLIS_LOGIC_BB_AND2$5 @ input file C:/SIMPLIS simulation/ANPC Phase Loss DLL/anpc/SIMPLIS/PWM function/SIMPLIS_Data/design.deck
.subckt SIMPLIS_LOGIC_BB_AND2$5  201 202 100 101 102
.NODE_MAP OUT 201
.NODE_MAP OUT_BAR 202
.NODE_MAP RTN 100
.NODE_MAP IN1 101
.NODE_MAP IN2 102
!DAND 2000 100 101 102 MANDM IC=0

********  MODEL MANDM @ input file C:/SIMPLIS simulation/ANPC Phase Loss DLL/anpc/SIMPLIS/PWM function/SIMPLIS_Data/design.deck
.MODEL MANDM AND2 RIN=10000000 ROUT=1024 VOL=0 VOH=1  HYSTWD=0.25 DELAY=0 TH=0.5 LOGIC=POS
IOUT   100 201 0
GOUT   100 201 2000 100 0.5
ROUT   201 100 10
IOUTB  100 202 0.5
GOUTB  100 202 2000 100 -0.5
ROUTB  202 100 10
.ends SIMPLIS_LOGIC_BB_AND2$5

********  SUBCIRCUIT SIMPLIS_LOGIC_BB_OR2$4 @ input file C:/SIMPLIS simulation/ANPC Phase Loss DLL/anpc/SIMPLIS/PWM function/SIMPLIS_Data/design.deck
.subckt SIMPLIS_LOGIC_BB_OR2$4  201 202 100 101 102
.NODE_MAP OUT 201
.NODE_MAP OUT_BAR 202
.NODE_MAP RTN 100
.NODE_MAP IN1 101
.NODE_MAP IN2 102
!DOR 2000 100 101 102 MORM IC=0

********  MODEL MORM @ input file C:/SIMPLIS simulation/ANPC Phase Loss DLL/anpc/SIMPLIS/PWM function/SIMPLIS_Data/design.deck
.MODEL MORM OR2 RIN=10000000 ROUT=1024 VOL=0 VOH=1  HYSTWD=0.25 DELAY=0 TH=0.5 LOGIC=POS
IOUT   100 201 0
GOUT   100 201 2000 100 0.5
ROUT   201 100 10
IOUTB  100 202 0.5
GOUTB  100 202 2000 100 -0.5
ROUTB  202 100 10
.ends SIMPLIS_LOGIC_BB_OR2$4

********  SUBCIRCUIT SIMPLIS_LOGIC_BB_OR2$3 @ input file C:/SIMPLIS simulation/ANPC Phase Loss DLL/anpc/SIMPLIS/PWM function/SIMPLIS_Data/design.deck
.subckt SIMPLIS_LOGIC_BB_OR2$3  201 202 100 101 102
.NODE_MAP OUT 201
.NODE_MAP OUT_BAR 202
.NODE_MAP RTN 100
.NODE_MAP IN1 101
.NODE_MAP IN2 102
!DOR 2000 100 101 102 MORM IC=0

********  MODEL MORM @ input file C:/SIMPLIS simulation/ANPC Phase Loss DLL/anpc/SIMPLIS/PWM function/SIMPLIS_Data/design.deck
.MODEL MORM OR2 RIN=10000000 ROUT=1024 VOL=0 VOH=1  HYSTWD=0.25 DELAY=0 TH=0.5 LOGIC=POS
IOUT   100 201 0
GOUT   100 201 2000 100 0.5
ROUT   201 100 10
IOUTB  100 202 0.5
GOUTB  100 202 2000 100 -0.5
ROUTB  202 100 10
.ends SIMPLIS_LOGIC_BB_OR2$3
.ends ANPC_PWM_YH
.end
********  END OF input file C:/SIMPLIS simulation/ANPC Phase Loss DLL/anpc/SIMPLIS/PWM function/SIMPLIS_Data/design.deck


