c:\simplis simulation\anpc phase loss dll\anpc\simplis\build\debug\intdir\vc143.pdb
c:\simplis simulation\anpc phase loss dll\anpc\simplis\build\debug\intdir\vc143.idb
c:\simplis simulation\anpc phase loss dll\anpc\simplis\build\debug\intdir\mid_initial_comp.obj
c:\simplis simulation\anpc phase loss dll\anpc\simplis\build\debug\intdir\mid_initial_clb.obj
c:\simplis simulation\anpc phase loss dll\anpc\simplis\build\debug\intdir\mid_initial_adc.obj
c:\simplis simulation\anpc phase loss dll\anpc\simplis\build\debug\intdir\mid_general_pwm.obj
c:\simplis simulation\anpc phase loss dll\anpc\simplis\build\debug\intdir\mid_general_interrupt.obj
c:\simplis simulation\anpc phase loss dll\anpc\simplis\build\debug\intdir\mid_general_dgpio.obj
c:\simplis simulation\anpc phase loss dll\anpc\simplis\build\debug\intdir\mid_general_comp.obj
c:\simplis simulation\anpc phase loss dll\anpc\simplis\build\debug\intdir\mid_general_adc.obj
c:\simplis simulation\anpc phase loss dll\anpc\simplis\build\debug\intdir\app_timer_1khz.obj
c:\simplis simulation\anpc phase loss dll\anpc\simplis\build\debug\intdir\app_timer_10hz.obj
c:\simplis simulation\anpc phase loss dll\anpc\simplis\build\debug\intdir\app_state.obj
c:\simplis simulation\anpc phase loss dll\anpc\simplis\build\debug\intdir\app_protection.obj
c:\simplis simulation\anpc phase loss dll\anpc\simplis\build\debug\intdir\app_physical_parameter.obj
c:\simplis simulation\anpc phase loss dll\anpc\simplis\build\debug\intdir\app_math_ctrl_lib.obj
c:\simplis simulation\anpc phase loss dll\anpc\simplis\build\debug\intdir\app_isr2.obj
c:\simplis simulation\anpc phase loss dll\anpc\simplis\build\debug\intdir\app_isr1.obj
c:\simplis simulation\anpc phase loss dll\anpc\simplis\build\debug\intdir\app_event.obj
c:\simplis simulation\anpc phase loss dll\anpc\simplis\build\debug\intdir\app_anpc_operation.obj
c:\simplis simulation\anpc phase loss dll\anpc\simplis\build\debug\intdir\app_anpc_main.obj
c:\simplis simulation\anpc phase loss dll\anpc\simplis\build\debug\intdir\app_anpc_control.obj
c:\simplis simulation\anpc phase loss dll\anpc\simplis\build\debug\intdir\hal_timer_simplis.obj
c:\simplis simulation\anpc phase loss dll\anpc\simplis\build\debug\intdir\hal_system_simplis.obj
c:\simplis simulation\anpc phase loss dll\anpc\simplis\build\debug\intdir\hal_pwm_simplis.obj
c:\simplis simulation\anpc phase loss dll\anpc\simplis\build\debug\intdir\hal_interrupt_simplis.obj
c:\simplis simulation\anpc phase loss dll\anpc\simplis\build\debug\intdir\hal_dgpio_simplis.obj
c:\simplis simulation\anpc phase loss dll\anpc\simplis\build\debug\intdir\hal_dac_simplis.obj
c:\simplis simulation\anpc phase loss dll\anpc\simplis\build\debug\intdir\hal_comp_simplis.obj
c:\simplis simulation\anpc phase loss dll\anpc\simplis\build\debug\intdir\hal_adc_simplis.obj
c:\simplis simulation\anpc phase loss dll\anpc\simplis\build\debug\intdir\anpc_action.obj
c:\simplis simulation\anpc phase loss dll\anpc\simplis\build\debug\intdir\anpc_set_initial_condition.obj
c:\simplis simulation\anpc phase loss dll\anpc\simplis\build\debug\intdir\anpc_setup.obj
c:\simplis simulation\anpc phase loss dll\anpc\simplis\build\debug\intdir\anpc_teardown.obj
c:\simplis simulation\anpc phase loss dll\anpc\simplis\build\debug\intdir\anpc.obj
c:\simplis simulation\anpc phase loss dll\anpc\simplis\build\debug\intdir\mid_library_adc.obj
c:\simplis simulation\anpc phase loss dll\anpc\simplis\build\debug\intdir\mid_initial_timer.obj
c:\simplis simulation\anpc phase loss dll\anpc\simplis\build\debug\intdir\mid_initial_system.obj
c:\simplis simulation\anpc phase loss dll\anpc\simplis\build\debug\intdir\mid_initial_pwm.obj
c:\simplis simulation\anpc phase loss dll\anpc\simplis\build\debug\intdir\mid_initial_interrupt.obj
c:\simplis simulation\anpc phase loss dll\anpc\simplis\build\debug\intdir\mid_initial_dgpio.obj
c:\simplis simulation\anpc phase loss dll\anpc\simplis\build\debug\intdir\mid_initial_dac.obj
c:\simplis simulation\anpc phase loss dll\anpc\simplis\build\debug\anpc.dll
c:\simplis simulation\anpc phase loss dll\anpc\simplis\build\debug\anpc.pdb
c:\simplis simulation\anpc phase loss dll\anpc\simplis\build\debug\anpc.lib
c:\simplis simulation\anpc phase loss dll\anpc\simplis\build\debug\anpc.exp
c:\simplis simulation\anpc phase loss dll\anpc\simplis\build\debug\intdir\anpc.ilk
c:\simplis simulation\anpc phase loss dll\anpc\simplis\build\debug\intdir\anpc.vcxproj.filelistabsolute.txt
c:\simplis simulation\anpc phase loss dll\anpc\simplis\build\debug\intdir\anpc.tlog\cl.command.1.tlog
c:\simplis simulation\anpc phase loss dll\anpc\simplis\build\debug\intdir\anpc.tlog\cl.items.tlog
c:\simplis simulation\anpc phase loss dll\anpc\simplis\build\debug\intdir\anpc.tlog\cl.read.1.tlog
c:\simplis simulation\anpc phase loss dll\anpc\simplis\build\debug\intdir\anpc.tlog\cl.write.1.tlog
c:\simplis simulation\anpc phase loss dll\anpc\simplis\build\debug\intdir\anpc.tlog\link.command.1.tlog
c:\simplis simulation\anpc phase loss dll\anpc\simplis\build\debug\intdir\anpc.tlog\link.read.1.tlog
c:\simplis simulation\anpc phase loss dll\anpc\simplis\build\debug\intdir\anpc.tlog\link.secondary.1.tlog
c:\simplis simulation\anpc phase loss dll\anpc\simplis\build\debug\intdir\anpc.tlog\link.write.1.tlog
