<?xml version="1.0" encoding="ISO-8859-1" ?>
<link_info>
   <banner>TMS320C2000 Linker PC v22.6.2.LTS</banner>
   <copyright>Copyright (c) 1996-2018 Texas Instruments Incorporated</copyright>
   <link_time>0x691c00ea</link_time>
   <link_errors>0x0</link_errors>
   <output_file>anpc_F280049.out</output_file>
   <entry_point>
      <name>_c_int00</name>
      <address>0x83c2c</address>
   </entry_point>
   <input_file_list>
      <input_file id="fl-2">
         <path>.\Source\app\</path>
         <kind>object</kind>
         <file>app_anpc_control.obj</file>
         <name>app_anpc_control.obj</name>
      </input_file>
      <input_file id="fl-3">
         <path>.\Source\app\</path>
         <kind>object</kind>
         <file>app_anpc_main.obj</file>
         <name>app_anpc_main.obj</name>
      </input_file>
      <input_file id="fl-4">
         <path>.\Source\app\</path>
         <kind>object</kind>
         <file>app_anpc_operation.obj</file>
         <name>app_anpc_operation.obj</name>
      </input_file>
      <input_file id="fl-5">
         <path>.\Source\app\</path>
         <kind>object</kind>
         <file>app_event.obj</file>
         <name>app_event.obj</name>
      </input_file>
      <input_file id="fl-6">
         <path>.\Source\app\</path>
         <kind>object</kind>
         <file>app_isr1.obj</file>
         <name>app_isr1.obj</name>
      </input_file>
      <input_file id="fl-7">
         <path>.\Source\app\</path>
         <kind>object</kind>
         <file>app_isr2.obj</file>
         <name>app_isr2.obj</name>
      </input_file>
      <input_file id="fl-8">
         <path>.\Source\app\</path>
         <kind>object</kind>
         <file>app_math_ctrl_lib.obj</file>
         <name>app_math_ctrl_lib.obj</name>
      </input_file>
      <input_file id="fl-9">
         <path>.\Source\app\</path>
         <kind>object</kind>
         <file>app_physical_parameter.obj</file>
         <name>app_physical_parameter.obj</name>
      </input_file>
      <input_file id="fl-a">
         <path>.\Source\app\</path>
         <kind>object</kind>
         <file>app_protection.obj</file>
         <name>app_protection.obj</name>
      </input_file>
      <input_file id="fl-b">
         <path>.\Source\app\</path>
         <kind>object</kind>
         <file>app_state.obj</file>
         <name>app_state.obj</name>
      </input_file>
      <input_file id="fl-c">
         <path>.\Source\app\</path>
         <kind>object</kind>
         <file>app_timer_10Hz.obj</file>
         <name>app_timer_10Hz.obj</name>
      </input_file>
      <input_file id="fl-d">
         <path>.\Source\app\</path>
         <kind>object</kind>
         <file>app_timer_1kHz.obj</file>
         <name>app_timer_1kHz.obj</name>
      </input_file>
      <input_file id="fl-e">
         <path>.\Source\app\</path>
         <kind>object</kind>
         <file>app_uart_communication.obj</file>
         <name>app_uart_communication.obj</name>
      </input_file>
      <input_file id="fl-f">
         <path>.\Source\mid\general\</path>
         <kind>object</kind>
         <file>mid_general_adc.obj</file>
         <name>mid_general_adc.obj</name>
      </input_file>
      <input_file id="fl-10">
         <path>.\Source\mid\general\</path>
         <kind>object</kind>
         <file>mid_general_comp.obj</file>
         <name>mid_general_comp.obj</name>
      </input_file>
      <input_file id="fl-11">
         <path>.\Source\mid\general\</path>
         <kind>object</kind>
         <file>mid_general_dgpio.obj</file>
         <name>mid_general_dgpio.obj</name>
      </input_file>
      <input_file id="fl-12">
         <path>.\Source\mid\general\</path>
         <kind>object</kind>
         <file>mid_general_interrupt.obj</file>
         <name>mid_general_interrupt.obj</name>
      </input_file>
      <input_file id="fl-13">
         <path>.\Source\mid\general\</path>
         <kind>object</kind>
         <file>mid_general_pwm.obj</file>
         <name>mid_general_pwm.obj</name>
      </input_file>
      <input_file id="fl-14">
         <path>.\Source\mid\general\</path>
         <kind>object</kind>
         <file>mid_general_uart.obj</file>
         <name>mid_general_uart.obj</name>
      </input_file>
      <input_file id="fl-15">
         <path>.\Source\mid\initial\</path>
         <kind>object</kind>
         <file>mid_initial_adc.obj</file>
         <name>mid_initial_adc.obj</name>
      </input_file>
      <input_file id="fl-16">
         <path>.\Source\mid\initial\</path>
         <kind>object</kind>
         <file>mid_initial_clb.obj</file>
         <name>mid_initial_clb.obj</name>
      </input_file>
      <input_file id="fl-17">
         <path>.\Source\mid\initial\</path>
         <kind>object</kind>
         <file>mid_initial_comp.obj</file>
         <name>mid_initial_comp.obj</name>
      </input_file>
      <input_file id="fl-18">
         <path>.\Source\mid\initial\</path>
         <kind>object</kind>
         <file>mid_initial_dac.obj</file>
         <name>mid_initial_dac.obj</name>
      </input_file>
      <input_file id="fl-19">
         <path>.\Source\mid\initial\</path>
         <kind>object</kind>
         <file>mid_initial_dgpio.obj</file>
         <name>mid_initial_dgpio.obj</name>
      </input_file>
      <input_file id="fl-1a">
         <path>.\Source\mid\initial\</path>
         <kind>object</kind>
         <file>mid_initial_interrupt.obj</file>
         <name>mid_initial_interrupt.obj</name>
      </input_file>
      <input_file id="fl-1b">
         <path>.\Source\mid\initial\</path>
         <kind>object</kind>
         <file>mid_initial_pwm.obj</file>
         <name>mid_initial_pwm.obj</name>
      </input_file>
      <input_file id="fl-1c">
         <path>.\Source\mid\initial\</path>
         <kind>object</kind>
         <file>mid_initial_system.obj</file>
         <name>mid_initial_system.obj</name>
      </input_file>
      <input_file id="fl-1d">
         <path>.\Source\mid\initial\</path>
         <kind>object</kind>
         <file>mid_initial_timer.obj</file>
         <name>mid_initial_timer.obj</name>
      </input_file>
      <input_file id="fl-1e">
         <path>.\Source\mid\initial\</path>
         <kind>object</kind>
         <file>mid_initial_uart.obj</file>
         <name>mid_initial_uart.obj</name>
      </input_file>
      <input_file id="fl-1f">
         <path>.\Source\mid\library\</path>
         <kind>object</kind>
         <file>mid_library_adc.obj</file>
         <name>mid_library_adc.obj</name>
      </input_file>
      <input_file id="fl-20">
         <path>.\Source\mid\library\</path>
         <kind>object</kind>
         <file>mid_library_uart.obj</file>
         <name>mid_library_uart.obj</name>
      </input_file>
      <input_file id="fl-21">
         <path>.\device\</path>
         <kind>object</kind>
         <file>device.obj</file>
         <name>device.obj</name>
      </input_file>
      <input_file id="fl-22">
         <path>.\device\</path>
         <kind>object</kind>
         <file>f28004x_codestartbranch.obj</file>
         <name>f28004x_codestartbranch.obj</name>
      </input_file>
      <input_file id="fl-23">
         <path>.\hal\</path>
         <kind>object</kind>
         <file>hal_adc_TMS320F280049C.obj</file>
         <name>hal_adc_TMS320F280049C.obj</name>
      </input_file>
      <input_file id="fl-24">
         <path>.\hal\</path>
         <kind>object</kind>
         <file>hal_clb_TMS320F280049C.obj</file>
         <name>hal_clb_TMS320F280049C.obj</name>
      </input_file>
      <input_file id="fl-25">
         <path>.\hal\</path>
         <kind>object</kind>
         <file>hal_comp_TMS320F280049C.obj</file>
         <name>hal_comp_TMS320F280049C.obj</name>
      </input_file>
      <input_file id="fl-26">
         <path>.\hal\</path>
         <kind>object</kind>
         <file>hal_dac_TMS320F280049C.obj</file>
         <name>hal_dac_TMS320F280049C.obj</name>
      </input_file>
      <input_file id="fl-27">
         <path>.\hal\</path>
         <kind>object</kind>
         <file>hal_dgpio_TMS320F280049C.obj</file>
         <name>hal_dgpio_TMS320F280049C.obj</name>
      </input_file>
      <input_file id="fl-28">
         <path>.\hal\</path>
         <kind>object</kind>
         <file>hal_interrupt_TMS320F280049C.obj</file>
         <name>hal_interrupt_TMS320F280049C.obj</name>
      </input_file>
      <input_file id="fl-29">
         <path>.\hal\</path>
         <kind>object</kind>
         <file>hal_pwm_TMS320F280049C.obj</file>
         <name>hal_pwm_TMS320F280049C.obj</name>
      </input_file>
      <input_file id="fl-2a">
         <path>.\hal\</path>
         <kind>object</kind>
         <file>hal_system_TMS320F280049C.obj</file>
         <name>hal_system_TMS320F280049C.obj</name>
      </input_file>
      <input_file id="fl-2b">
         <path>.\hal\</path>
         <kind>object</kind>
         <file>hal_timer_TMS320F280049C.obj</file>
         <name>hal_timer_TMS320F280049C.obj</name>
      </input_file>
      <input_file id="fl-2c">
         <path>.\hal\</path>
         <kind>object</kind>
         <file>hal_uart_TMS320F280049C.obj</file>
         <name>hal_uart_TMS320F280049C.obj</name>
      </input_file>
      <input_file id="fl-3a">
         <kind>object</kind>
         <file>&lt;internal&gt;</file>
         <name>&lt;internal&gt;</name>
      </input_file>
      <input_file id="fl-3b">
         <path>C:\SIMPLIS simulation\ANPC Final Version\anpc-3layer\TMS320F280049C\device\driverlib\ccs\Release\</path>
         <kind>archive</kind>
         <file>driverlib_eabi.lib</file>
         <name>adc.obj</name>
      </input_file>
      <input_file id="fl-3c">
         <path>C:\SIMPLIS simulation\ANPC Final Version\anpc-3layer\TMS320F280049C\device\driverlib\ccs\Release\</path>
         <kind>archive</kind>
         <file>driverlib_eabi.lib</file>
         <name>clb.obj</name>
      </input_file>
      <input_file id="fl-3d">
         <path>C:\SIMPLIS simulation\ANPC Final Version\anpc-3layer\TMS320F280049C\device\driverlib\ccs\Release\</path>
         <kind>archive</kind>
         <file>driverlib_eabi.lib</file>
         <name>cmpss.obj</name>
      </input_file>
      <input_file id="fl-3e">
         <path>C:\SIMPLIS simulation\ANPC Final Version\anpc-3layer\TMS320F280049C\device\driverlib\ccs\Release\</path>
         <kind>archive</kind>
         <file>driverlib_eabi.lib</file>
         <name>cputimer.obj</name>
      </input_file>
      <input_file id="fl-3f">
         <path>C:\SIMPLIS simulation\ANPC Final Version\anpc-3layer\TMS320F280049C\device\driverlib\ccs\Release\</path>
         <kind>archive</kind>
         <file>driverlib_eabi.lib</file>
         <name>flash.obj</name>
      </input_file>
      <input_file id="fl-40">
         <path>C:\SIMPLIS simulation\ANPC Final Version\anpc-3layer\TMS320F280049C\device\driverlib\ccs\Release\</path>
         <kind>archive</kind>
         <file>driverlib_eabi.lib</file>
         <name>gpio.obj</name>
      </input_file>
      <input_file id="fl-41">
         <path>C:\SIMPLIS simulation\ANPC Final Version\anpc-3layer\TMS320F280049C\device\driverlib\ccs\Release\</path>
         <kind>archive</kind>
         <file>driverlib_eabi.lib</file>
         <name>interrupt.obj</name>
      </input_file>
      <input_file id="fl-42">
         <path>C:\SIMPLIS simulation\ANPC Final Version\anpc-3layer\TMS320F280049C\device\driverlib\ccs\Release\</path>
         <kind>archive</kind>
         <file>driverlib_eabi.lib</file>
         <name>sci.obj</name>
      </input_file>
      <input_file id="fl-43">
         <path>C:\SIMPLIS simulation\ANPC Final Version\anpc-3layer\TMS320F280049C\device\driverlib\ccs\Release\</path>
         <kind>archive</kind>
         <file>driverlib_eabi.lib</file>
         <name>sysctl.obj</name>
      </input_file>
      <input_file id="fl-44">
         <path>C:\SIMPLIS simulation\ANPC Final Version\anpc-3layer\TMS320F280049C\device\driverlib\ccs\Release\</path>
         <kind>archive</kind>
         <file>driverlib_eabi.lib</file>
         <name>xbar.obj</name>
      </input_file>
      <input_file id="fl-45">
         <path>..\libraries\FPUfastRTS\</path>
         <kind>archive</kind>
         <file>rts2800_fpu32_fast_supplement_eabi.lib</file>
         <name>div_f32.obj</name>
      </input_file>
      <input_file id="fl-46">
         <path>C:\ti\ccs2030\ccs\tools\compiler\ti-cgt-c2000_22.6.2.LTS\lib\</path>
         <kind>archive</kind>
         <file>rts2800_fpu32_eabi.lib</file>
         <name>s_tanf.c.obj</name>
      </input_file>
      <input_file id="fl-47">
         <path>C:\ti\ccs2030\ccs\tools\compiler\ti-cgt-c2000_22.6.2.LTS\lib\</path>
         <kind>archive</kind>
         <file>rts2800_fpu32_eabi.lib</file>
         <name>boot28.asm.obj</name>
      </input_file>
      <input_file id="fl-48">
         <path>C:\ti\ccs2030\ccs\tools\compiler\ti-cgt-c2000_22.6.2.LTS\lib\</path>
         <kind>archive</kind>
         <file>rts2800_fpu32_eabi.lib</file>
         <name>ll_cmp28.asm.obj</name>
      </input_file>
      <input_file id="fl-49">
         <path>C:\ti\ccs2030\ccs\tools\compiler\ti-cgt-c2000_22.6.2.LTS\lib\</path>
         <kind>archive</kind>
         <file>rts2800_fpu32_eabi.lib</file>
         <name>memcpy.c.obj</name>
      </input_file>
      <input_file id="fl-4a">
         <path>C:\ti\ccs2030\ccs\tools\compiler\ti-cgt-c2000_22.6.2.LTS\lib\</path>
         <kind>archive</kind>
         <file>rts2800_fpu32_eabi.lib</file>
         <name>pre_init.c.obj</name>
      </input_file>
      <input_file id="fl-4b">
         <path>C:\ti\ccs2030\ccs\tools\compiler\ti-cgt-c2000_22.6.2.LTS\lib\</path>
         <kind>archive</kind>
         <file>rts2800_fpu32_eabi.lib</file>
         <name>autoinit.c.obj</name>
      </input_file>
      <input_file id="fl-4c">
         <path>C:\ti\ccs2030\ccs\tools\compiler\ti-cgt-c2000_22.6.2.LTS\lib\</path>
         <kind>archive</kind>
         <file>rts2800_fpu32_eabi.lib</file>
         <name>copy_zero_init.c.obj</name>
      </input_file>
      <input_file id="fl-4d">
         <path>C:\ti\ccs2030\ccs\tools\compiler\ti-cgt-c2000_22.6.2.LTS\lib\</path>
         <kind>archive</kind>
         <file>rts2800_fpu32_eabi.lib</file>
         <name>copy_decompress_none.c.obj</name>
      </input_file>
      <input_file id="fl-4e">
         <path>C:\ti\ccs2030\ccs\tools\compiler\ti-cgt-c2000_22.6.2.LTS\lib\</path>
         <kind>archive</kind>
         <file>rts2800_fpu32_eabi.lib</file>
         <name>copy_decompress_lzss.c.obj</name>
      </input_file>
      <input_file id="fl-4f">
         <path>C:\ti\ccs2030\ccs\tools\compiler\ti-cgt-c2000_22.6.2.LTS\lib\</path>
         <kind>archive</kind>
         <file>rts2800_fpu32_eabi.lib</file>
         <name>exit.c.obj</name>
      </input_file>
      <input_file id="fl-50">
         <path>C:\ti\ccs2030\ccs\tools\compiler\ti-cgt-c2000_22.6.2.LTS\lib\</path>
         <kind>archive</kind>
         <file>rts2800_fpu32_eabi.lib</file>
         <name>_lock.c.obj</name>
      </input_file>
      <input_file id="fl-51">
         <path>C:\ti\ccs2030\ccs\tools\compiler\ti-cgt-c2000_22.6.2.LTS\lib\</path>
         <kind>archive</kind>
         <file>rts2800_fpu32_eabi.lib</file>
         <name>args_main.c.obj</name>
      </input_file>
      <input_file id="fl-52">
         <path>C:\ti\ccs2030\ccs\tools\compiler\ti-cgt-c2000_22.6.2.LTS\lib\</path>
         <kind>archive</kind>
         <file>rts2800_fpu32_eabi.lib</file>
         <name>memset.c.obj</name>
      </input_file>
      <input_file id="fl-53">
         <path>C:\ti\ccs2030\ccs\tools\compiler\ti-cgt-c2000_22.6.2.LTS\lib\</path>
         <kind>archive</kind>
         <file>rts2800_fpu32_eabi.lib</file>
         <name>cpy_tbl.c.obj</name>
      </input_file>
      <input_file id="fl-54">
         <path>C:\ti\ccs2030\ccs\tools\compiler\ti-cgt-c2000_22.6.2.LTS\lib\</path>
         <kind>archive</kind>
         <file>rts2800_fpu32_eabi.lib</file>
         <name>startup.c.obj</name>
      </input_file>
   </input_file_list>
   <object_component_list>
      <object_component id="oc-40">
         <name>codestart</name>
         <load_address>0x80000</load_address>
         <run_address>0x80000</run_address>
         <size>0x2</size>
         <input_file_ref idref="fl-22"/>
      </object_component>
      <object_component id="oc-157">
         <name>.text</name>
         <load_address>0x81020</load_address>
         <run_address>0x81020</run_address>
         <size>0x638</size>
         <input_file_ref idref="fl-a"/>
      </object_component>
      <object_component id="oc-163">
         <name>.text</name>
         <load_address>0x81658</load_address>
         <run_address>0x81658</run_address>
         <size>0x559</size>
         <input_file_ref idref="fl-9"/>
      </object_component>
      <object_component id="oc-ac">
         <name>.text</name>
         <load_address>0x81bb1</load_address>
         <run_address>0x81bb1</run_address>
         <size>0x39c</size>
         <input_file_ref idref="fl-5"/>
      </object_component>
      <object_component id="oc-29d">
         <name>.text:SysCtl_setClock</name>
         <load_address>0x81f4d</load_address>
         <run_address>0x81f4d</run_address>
         <size>0xb3</size>
         <input_file_ref idref="fl-43"/>
      </object_component>
      <object_component id="oc-255">
         <name>.text</name>
         <load_address>0x82000</load_address>
         <run_address>0x82000</run_address>
         <size>0x4bf</size>
         <input_file_ref idref="fl-e"/>
      </object_component>
      <object_component id="oc-18d">
         <name>.text</name>
         <load_address>0x824bf</load_address>
         <run_address>0x824bf</run_address>
         <size>0x27d</size>
         <input_file_ref idref="fl-24"/>
      </object_component>
      <object_component id="oc-15d">
         <name>.text</name>
         <load_address>0x8273c</load_address>
         <run_address>0x8273c</run_address>
         <size>0x227</size>
         <input_file_ref idref="fl-2"/>
      </object_component>
      <object_component id="oc-169">
         <name>.text</name>
         <load_address>0x82963</load_address>
         <run_address>0x82963</run_address>
         <size>0x202</size>
         <input_file_ref idref="fl-4"/>
      </object_component>
      <object_component id="oc-245">
         <name>.text</name>
         <load_address>0x82b65</load_address>
         <run_address>0x82b65</run_address>
         <size>0x1fc</size>
         <input_file_ref idref="fl-29"/>
      </object_component>
      <object_component id="oc-a6">
         <name>.text</name>
         <load_address>0x82d61</load_address>
         <run_address>0x82d61</run_address>
         <size>0x183</size>
         <input_file_ref idref="fl-b"/>
      </object_component>
      <object_component id="oc-17b">
         <name>.text</name>
         <load_address>0x82ee4</load_address>
         <run_address>0x82ee4</run_address>
         <size>0x114</size>
         <input_file_ref idref="fl-23"/>
      </object_component>
      <object_component id="oc-22">
         <name>.text:decompress:none</name>
         <load_address>0x82ff8</load_address>
         <run_address>0x82ff8</run_address>
         <size>0x8</size>
         <input_file_ref idref="fl-4d"/>
      </object_component>
      <object_component id="oc-1fd">
         <name>.text</name>
         <load_address>0x83000</load_address>
         <run_address>0x83000</run_address>
         <size>0x140</size>
         <input_file_ref idref="fl-21"/>
      </object_component>
      <object_component id="oc-23d">
         <name>.text</name>
         <load_address>0x83140</load_address>
         <run_address>0x83140</run_address>
         <size>0x110</size>
         <input_file_ref idref="fl-27"/>
      </object_component>
      <object_component id="oc-262">
         <name>.text</name>
         <load_address>0x83250</load_address>
         <run_address>0x83250</run_address>
         <size>0xf2</size>
         <input_file_ref idref="fl-20"/>
      </object_component>
      <object_component id="oc-33f">
         <name>.text:SysCtl_isPLLValid</name>
         <load_address>0x83342</load_address>
         <run_address>0x83342</run_address>
         <size>0xb7</size>
         <input_file_ref idref="fl-43"/>
      </object_component>
      <object_component id="oc-1b1">
         <name>.text</name>
         <load_address>0x833f9</load_address>
         <run_address>0x833f9</run_address>
         <size>0x9e</size>
         <input_file_ref idref="fl-14"/>
      </object_component>
      <object_component id="oc-24d">
         <name>.text</name>
         <load_address>0x83497</load_address>
         <run_address>0x83497</run_address>
         <size>0x96</size>
         <input_file_ref idref="fl-2c"/>
      </object_component>
      <object_component id="oc-187">
         <name>.text</name>
         <load_address>0x8352d</load_address>
         <run_address>0x8352d</run_address>
         <size>0x72</size>
         <input_file_ref idref="fl-25"/>
      </object_component>
      <object_component id="oc-175">
         <name>.text</name>
         <load_address>0x8359f</load_address>
         <run_address>0x8359f</run_address>
         <size>0x69</size>
         <input_file_ref idref="fl-2b"/>
      </object_component>
      <object_component id="oc-1f1">
         <name>.text</name>
         <load_address>0x83608</load_address>
         <run_address>0x83608</run_address>
         <size>0x62</size>
         <input_file_ref idref="fl-46"/>
      </object_component>
      <object_component id="oc-22c">
         <name>.text:CLB_configCounterLoadMatch</name>
         <load_address>0x8366a</load_address>
         <run_address>0x8366a</run_address>
         <size>0x59</size>
         <input_file_ref idref="fl-3c"/>
      </object_component>
      <object_component id="oc-107">
         <name>.text</name>
         <load_address>0x836c3</load_address>
         <run_address>0x836c3</run_address>
         <size>0x59</size>
         <input_file_ref idref="fl-3"/>
      </object_component>
      <object_component id="oc-46">
         <name>.text</name>
         <load_address>0x8371c</load_address>
         <run_address>0x8371c</run_address>
         <size>0x58</size>
         <input_file_ref idref="fl-28"/>
      </object_component>
      <object_component id="oc-203">
         <name>.text:Interrupt_initModule</name>
         <load_address>0x83774</load_address>
         <run_address>0x83774</run_address>
         <size>0x41</size>
         <input_file_ref idref="fl-41"/>
      </object_component>
      <object_component id="oc-2a3">
         <name>.text:GPIO_setPadConfig</name>
         <load_address>0x837b5</load_address>
         <run_address>0x837b5</run_address>
         <size>0x3f</size>
         <input_file_ref idref="fl-40"/>
      </object_component>
      <object_component id="oc-395">
         <name>.text:SysCtl_pollX1Counter</name>
         <load_address>0x837f4</load_address>
         <run_address>0x837f4</run_address>
         <size>0x3e</size>
         <input_file_ref idref="fl-43"/>
      </object_component>
      <object_component id="oc-181">
         <name>.text</name>
         <load_address>0x83832</load_address>
         <run_address>0x83832</run_address>
         <size>0x3d</size>
         <input_file_ref idref="fl-26"/>
      </object_component>
      <object_component id="oc-387">
         <name>.text:SysCtl_selectXTAL</name>
         <load_address>0x8386f</load_address>
         <run_address>0x8386f</run_address>
         <size>0x37</size>
         <input_file_ref idref="fl-43"/>
      </object_component>
      <object_component id="oc-b2">
         <name>.text:Interrupt_enable</name>
         <load_address>0x838a6</load_address>
         <run_address>0x838a6</run_address>
         <size>0x36</size>
         <input_file_ref idref="fl-41"/>
      </object_component>
      <object_component id="oc-199">
         <name>.text</name>
         <load_address>0x838dc</load_address>
         <run_address>0x838dc</run_address>
         <size>0x31</size>
         <input_file_ref idref="fl-1b"/>
      </object_component>
      <object_component id="oc-213">
         <name>.text:ADC_setVREF</name>
         <load_address>0x8390d</load_address>
         <run_address>0x8390d</run_address>
         <size>0x30</size>
         <input_file_ref idref="fl-3b"/>
      </object_component>
      <object_component id="oc-2e2">
         <name>.text:GPIO_setPinConfig</name>
         <load_address>0x8393d</load_address>
         <run_address>0x8393d</run_address>
         <size>0x30</size>
         <input_file_ref idref="fl-40"/>
      </object_component>
      <object_component id="oc-1e9">
         <name>.text:XBAR_getInputFlagStatus</name>
         <load_address>0x8396d</load_address>
         <run_address>0x8396d</run_address>
         <size>0x2f</size>
         <input_file_ref idref="fl-44"/>
      </object_component>
      <object_component id="oc-1c">
         <name>.text:decompress:lzss</name>
         <load_address>0x8399c</load_address>
         <run_address>0x8399c</run_address>
         <size>0x2e</size>
         <input_file_ref idref="fl-4e"/>
      </object_component>
      <object_component id="oc-339">
         <name>.text:SysCtl_selectOscSource</name>
         <load_address>0x839ca</load_address>
         <run_address>0x839ca</run_address>
         <size>0x2d</size>
         <input_file_ref idref="fl-43"/>
      </object_component>
      <object_component id="oc-235">
         <name>.text:XBAR_setCLBMuxConfig</name>
         <load_address>0x839f7</load_address>
         <run_address>0x839f7</run_address>
         <size>0x2b</size>
         <input_file_ref idref="fl-44"/>
      </object_component>
      <object_component id="oc-2ed">
         <name>.text:XBAR_setEPWMMuxConfig</name>
         <load_address>0x83a22</load_address>
         <run_address>0x83a22</run_address>
         <size>0x2b</size>
         <input_file_ref idref="fl-44"/>
      </object_component>
      <object_component id="oc-d7">
         <name>.text:__TI_auto_init_nobinit_nopinit</name>
         <load_address>0x83a4d</load_address>
         <run_address>0x83a4d</run_address>
         <size>0x2b</size>
         <input_file_ref idref="fl-4b"/>
      </object_component>
      <object_component id="oc-93">
         <name>.text</name>
         <load_address>0x83a78</load_address>
         <run_address>0x83a78</run_address>
         <size>0x29</size>
         <input_file_ref idref="fl-4f"/>
      </object_component>
      <object_component id="oc-2f3">
         <name>.text:XBAR_clearInputFlag</name>
         <load_address>0x83aa1</load_address>
         <run_address>0x83aa1</run_address>
         <size>0x28</size>
         <input_file_ref idref="fl-44"/>
      </object_component>
      <object_component id="oc-2fe">
         <name>.text:SCI_setConfig</name>
         <load_address>0x83ac9</load_address>
         <run_address>0x83ac9</run_address>
         <size>0x23</size>
         <input_file_ref idref="fl-42"/>
      </object_component>
      <object_component id="oc-2dc">
         <name>.text:GPIO_setQualificationMode</name>
         <load_address>0x83aec</load_address>
         <run_address>0x83aec</run_address>
         <size>0x22</size>
         <input_file_ref idref="fl-40"/>
      </object_component>
      <object_component id="oc-2af">
         <name>.text:GPIO_setAnalogMode</name>
         <load_address>0x83b0e</load_address>
         <run_address>0x83b0e</run_address>
         <size>0x21</size>
         <input_file_ref idref="fl-40"/>
      </object_component>
      <object_component id="oc-2a9">
         <name>.text:GPIO_setDirectionMode</name>
         <load_address>0x83b2f</load_address>
         <run_address>0x83b2f</run_address>
         <size>0x20</size>
         <input_file_ref idref="fl-40"/>
      </object_component>
      <object_component id="oc-268">
         <name>.text:SCI_getInterruptStatus</name>
         <load_address>0x83b4f</load_address>
         <run_address>0x83b4f</run_address>
         <size>0x20</size>
         <input_file_ref idref="fl-42"/>
      </object_component>
      <object_component id="oc-381">
         <name>.text:SysCtl_selectXTALSingleEnded</name>
         <load_address>0x83b6f</load_address>
         <run_address>0x83b6f</run_address>
         <size>0x1e</size>
         <input_file_ref idref="fl-43"/>
      </object_component>
      <object_component id="oc-72">
         <name>.text</name>
         <load_address>0x83b8d</load_address>
         <run_address>0x83b8d</run_address>
         <size>0x1d</size>
         <input_file_ref idref="fl-49"/>
      </object_component>
      <object_component id="oc-26e">
         <name>.text:SCI_clearInterruptStatus</name>
         <load_address>0x83baa</load_address>
         <run_address>0x83baa</run_address>
         <size>0x1c</size>
         <input_file_ref idref="fl-42"/>
      </object_component>
      <object_component id="oc-2c0">
         <name>.text:ADC_setOffsetTrimAll</name>
         <load_address>0x83bc6</load_address>
         <run_address>0x83bc6</run_address>
         <size>0x1b</size>
         <input_file_ref idref="fl-3b"/>
      </object_component>
      <object_component id="oc-21e">
         <name>.text:CMPSS_configFilterHigh</name>
         <load_address>0x83be1</load_address>
         <run_address>0x83be1</run_address>
         <size>0x19</size>
         <input_file_ref idref="fl-3d"/>
      </object_component>
      <object_component id="oc-224">
         <name>.text:CMPSS_configFilterLow</name>
         <load_address>0x83bfa</load_address>
         <run_address>0x83bfa</run_address>
         <size>0x19</size>
         <input_file_ref idref="fl-3d"/>
      </object_component>
      <object_component id="oc-28b">
         <name>.text</name>
         <load_address>0x83c13</load_address>
         <run_address>0x83c13</run_address>
         <size>0x19</size>
         <input_file_ref idref="fl-45"/>
      </object_component>
      <object_component id="oc-29">
         <name>.text</name>
         <load_address>0x83c2c</load_address>
         <run_address>0x83c2c</run_address>
         <size>0x17</size>
         <input_file_ref idref="fl-47"/>
      </object_component>
      <object_component id="oc-5d">
         <name>.text:Interrupt_initVectorTable</name>
         <load_address>0x83c43</load_address>
         <run_address>0x83c43</run_address>
         <size>0x15</size>
         <input_file_ref idref="fl-41"/>
      </object_component>
      <object_component id="oc-1a5">
         <name>.text</name>
         <load_address>0x83c58</load_address>
         <run_address>0x83c58</run_address>
         <size>0x13</size>
         <input_file_ref idref="fl-d"/>
      </object_component>
      <object_component id="oc-69">
         <name>.text:Interrupt_defaultHandler</name>
         <load_address>0x83c6b</load_address>
         <run_address>0x83c6b</run_address>
         <size>0xc</size>
         <input_file_ref idref="fl-41"/>
      </object_component>
      <object_component id="oc-8d">
         <name>.text</name>
         <load_address>0x83c77</load_address>
         <run_address>0x83c77</run_address>
         <size>0xc</size>
         <input_file_ref idref="fl-51"/>
      </object_component>
      <object_component id="oc-63">
         <name>.text:Interrupt_illegalOperationHandler</name>
         <load_address>0x83c83</load_address>
         <run_address>0x83c83</run_address>
         <size>0xa</size>
         <input_file_ref idref="fl-41"/>
      </object_component>
      <object_component id="oc-57">
         <name>.text:Interrupt_nmiHandler</name>
         <load_address>0x83c8d</load_address>
         <run_address>0x83c8d</run_address>
         <size>0xa</size>
         <input_file_ref idref="fl-41"/>
      </object_component>
      <object_component id="oc-16f">
         <name>.text</name>
         <load_address>0x83c97</load_address>
         <run_address>0x83c97</run_address>
         <size>0x9</size>
         <input_file_ref idref="fl-2a"/>
      </object_component>
      <object_component id="oc-1be">
         <name>.text</name>
         <load_address>0x83ca0</load_address>
         <run_address>0x83ca0</run_address>
         <size>0x9</size>
         <input_file_ref idref="fl-50"/>
      </object_component>
      <object_component id="oc-9a">
         <name>.text</name>
         <load_address>0x83ca9</load_address>
         <run_address>0x83ca9</run_address>
         <size>0x8</size>
         <input_file_ref idref="fl-22"/>
      </object_component>
      <object_component id="oc-19f">
         <name>.text</name>
         <load_address>0x83cb1</load_address>
         <run_address>0x83cb1</run_address>
         <size>0x7</size>
         <input_file_ref idref="fl-1e"/>
      </object_component>
      <object_component id="oc-ce">
         <name>.text</name>
         <load_address>0x83cb8</load_address>
         <run_address>0x83cb8</run_address>
         <size>0x7</size>
         <input_file_ref idref="fl-52"/>
      </object_component>
      <object_component id="oc-20b">
         <name>.text:CPUTimer_setEmulationMode</name>
         <load_address>0x83cbf</load_address>
         <run_address>0x83cbf</run_address>
         <size>0x6</size>
         <input_file_ref idref="fl-3e"/>
      </object_component>
      <object_component id="oc-80">
         <name>.text:decompress:ZI</name>
         <load_address>0x83cc5</load_address>
         <run_address>0x83cc5</run_address>
         <size>0x6</size>
         <input_file_ref idref="fl-4c"/>
      </object_component>
      <object_component id="oc-1ab">
         <name>.text</name>
         <load_address>0x83ccb</load_address>
         <run_address>0x83ccb</run_address>
         <size>0x5</size>
         <input_file_ref idref="fl-c"/>
      </object_component>
      <object_component id="oc-193">
         <name>.text</name>
         <load_address>0x83cd0</load_address>
         <run_address>0x83cd0</run_address>
         <size>0x5</size>
         <input_file_ref idref="fl-19"/>
      </object_component>
      <object_component id="oc-86">
         <name>.text</name>
         <load_address>0x83cd5</load_address>
         <run_address>0x83cd5</run_address>
         <size>0x2</size>
         <input_file_ref idref="fl-4a"/>
      </object_component>
      <object_component id="oc-142">
         <name>.text</name>
         <load_address>0x83cd7</load_address>
         <run_address>0x83cd7</run_address>
         <size>0x1</size>
         <input_file_ref idref="fl-54"/>
      </object_component>
      <object_component id="oc-3cb">
         <name>.cinit..data.load</name>
         <load_address>0x84600</load_address>
         <run_address>0x84600</run_address>
         <size>0x21</size>
      </object_component>
      <object_component id="oc-3c9">
         <name>__TI_handler_table</name>
         <load_address>0x84622</load_address>
         <run_address>0x84622</run_address>
         <size>0x6</size>
      </object_component>
      <object_component id="oc-3d2">
         <name>.cinit..bss.load</name>
         <load_address>0x84628</load_address>
         <run_address>0x84628</run_address>
         <size>0x4</size>
      </object_component>
      <object_component id="oc-3ca">
         <name>__TI_cinit_table</name>
         <load_address>0x8462c</load_address>
         <run_address>0x8462c</run_address>
         <size>0x8</size>
      </object_component>
      <object_component id="oc-315">
         <name>.switch:uart_SlaveToMaster</name>
         <load_address>0x81000</load_address>
         <run_address>0x81000</run_address>
         <size>0x20</size>
         <input_file_ref idref="fl-e"/>
      </object_component>
      <object_component id="oc-6f">
         <name>.stack</name>
         <uninitialized>true</uninitialized>
         <run_address>0x400</run_address>
         <size>0x0</size>
         <input_file_ref idref="fl-47"/>
      </object_component>
      <object_component id="oc-3cd">
         <name>.stack</name>
         <uninitialized>true</uninitialized>
         <run_address>0x400</run_address>
         <size>0x0</size>
      </object_component>
      <object_component id="oc-122">
         <name>.data</name>
         <load_address>0x8140</load_address>
         <run_address>0x8140</run_address>
         <size>0x1b</size>
         <input_file_ref idref="fl-5"/>
      </object_component>
      <object_component id="oc-1f7">
         <name>.data</name>
         <load_address>0x8162</load_address>
         <run_address>0x8162</run_address>
         <size>0x2</size>
         <input_file_ref idref="fl-9"/>
      </object_component>
      <object_component id="oc-128">
         <name>.data</name>
         <load_address>0x8100</load_address>
         <run_address>0x8100</run_address>
         <size>0x3e</size>
         <input_file_ref idref="fl-a"/>
      </object_component>
      <object_component id="oc-a3">
         <name>.data</name>
         <load_address>0x815b</load_address>
         <run_address>0x815b</run_address>
         <size>0x1</size>
         <input_file_ref idref="fl-b"/>
      </object_component>
      <object_component id="oc-309">
         <name>.data</name>
         <load_address>0x8164</load_address>
         <run_address>0x8164</run_address>
         <size>0x1</size>
         <input_file_ref idref="fl-e"/>
      </object_component>
      <object_component id="oc-25f">
         <name>.data</name>
         <load_address>0x80e8</load_address>
         <run_address>0x80e8</run_address>
         <size>0x16</size>
         <input_file_ref idref="fl-14"/>
      </object_component>
      <object_component id="oc-321">
         <name>.data:rx_buffer1</name>
         <load_address>0x8000</load_address>
         <run_address>0x8000</run_address>
         <size>0x64</size>
         <input_file_ref idref="fl-14"/>
      </object_component>
      <object_component id="oc-31e">
         <name>.data:tx_buffer1</name>
         <load_address>0x8064</load_address>
         <run_address>0x8064</run_address>
         <size>0x64</size>
         <input_file_ref idref="fl-14"/>
      </object_component>
      <object_component id="oc-232">
         <name>.data:TILE1HLCInstr</name>
         <load_address>0x80c8</load_address>
         <run_address>0x80c8</run_address>
         <size>0x20</size>
         <input_file_ref idref="fl-24"/>
      </object_component>
      <object_component id="oc-10f">
         <name>.data</name>
         <load_address>0x815c</load_address>
         <run_address>0x815c</run_address>
         <size>0x6</size>
         <input_file_ref idref="fl-4f"/>
      </object_component>
      <object_component id="oc-112">
         <name>.data:_lock</name>
         <load_address>0x80fe</load_address>
         <run_address>0x80fe</run_address>
         <size>0x2</size>
         <input_file_ref idref="fl-50"/>
      </object_component>
      <object_component id="oc-279">
         <name>.data:_unlock</name>
         <load_address>0x813e</load_address>
         <run_address>0x813e</run_address>
         <size>0x2</size>
         <input_file_ref idref="fl-50"/>
      </object_component>
      <object_component id="oc-a0">
         <name>.bss</name>
         <uninitialized>true</uninitialized>
         <run_address>0x12000</run_address>
         <size>0x42e</size>
         <input_file_ref idref="fl-9"/>
      </object_component>
      <object_component id="oc-30f">
         <name>.bss:AdvTxBuf</name>
         <uninitialized>true</uninitialized>
         <run_address>0x1242e</run_address>
         <size>0xc</size>
         <input_file_ref idref="fl-e"/>
      </object_component>
      <object_component id="oc-11e">
         <name>.bss</name>
         <uninitialized>true</uninitialized>
         <run_address>0x1243a</run_address>
         <size>0x4</size>
         <input_file_ref idref="fl-b"/>
      </object_component>
      <object_component id="oc-125">
         <name>.bss</name>
         <uninitialized>true</uninitialized>
         <run_address>0x1243e</run_address>
         <size>0x2</size>
         <input_file_ref idref="fl-5"/>
      </object_component>
      <object_component id="oc-bb">
         <name>.bss</name>
         <uninitialized>true</uninitialized>
         <run_address>0x12440</run_address>
         <size>0x222</size>
         <input_file_ref idref="fl-2"/>
      </object_component>
      <object_component id="oc-30c">
         <name>.bss</name>
         <uninitialized>true</uninitialized>
         <run_address>0x12662</run_address>
         <size>0x2</size>
         <input_file_ref idref="fl-e"/>
      </object_component>
      <object_component id="oc-312">
         <name>.const:Crc8Table</name>
         <load_address>0x84500</load_address>
         <run_address>0x84500</run_address>
         <size>0x100</size>
         <input_file_ref idref="fl-e"/>
      </object_component>
      <object_component id="oc-51">
         <name>.TI.ramfunc:retain</name>
         <load_address>0x86000</load_address>
         <run_address>0xc000</run_address>
         <size>0x8d3</size>
         <input_file_ref idref="fl-28"/>
      </object_component>
      <object_component id="oc-297">
         <name>.TI.ramfunc:Flash_initModule</name>
         <load_address>0x868d3</load_address>
         <run_address>0xc8d3</run_address>
         <size>0x45</size>
         <input_file_ref idref="fl-3f"/>
      </object_component>
      <object_component id="oc-219">
         <name>.TI.ramfunc</name>
         <load_address>0x86918</load_address>
         <run_address>0xc918</run_address>
         <size>0x4</size>
         <input_file_ref idref="fl-43"/>
      </object_component>
      <object_component id="oc-45">
         <name>ramfuncs:retain</name>
         <load_address>0x8691c</load_address>
         <run_address>0xc91c</run_address>
         <size>0x62d</size>
         <input_file_ref idref="fl-28"/>
      </object_component>
      <object_component id="oc-133">
         <name>.debug_types</name>
         <load_address>0x0</load_address>
         <run_address>0x0</run_address>
         <size>0x1960</size>
         <input_file_ref idref="fl-2"/>
      </object_component>
      <object_component id="oc-1b8">
         <name>.debug_types</name>
         <load_address>0x1960</load_address>
         <run_address>0x1960</run_address>
         <size>0x346</size>
         <input_file_ref idref="fl-3"/>
      </object_component>
      <object_component id="oc-1fc">
         <name>.debug_types</name>
         <load_address>0x1ca6</load_address>
         <run_address>0x1ca6</run_address>
         <size>0x7af</size>
         <input_file_ref idref="fl-4"/>
      </object_component>
      <object_component id="oc-12c">
         <name>.debug_types</name>
         <load_address>0x2455</load_address>
         <run_address>0x2455</run_address>
         <size>0x939</size>
         <input_file_ref idref="fl-5"/>
      </object_component>
      <object_component id="oc-11a">
         <name>.debug_types</name>
         <load_address>0x2d8e</load_address>
         <run_address>0x2d8e</run_address>
         <size>0xa2a</size>
         <input_file_ref idref="fl-9"/>
      </object_component>
      <object_component id="oc-1d8">
         <name>.debug_types</name>
         <load_address>0x37b8</load_address>
         <run_address>0x37b8</run_address>
         <size>0xd1f</size>
         <input_file_ref idref="fl-a"/>
      </object_component>
      <object_component id="oc-11d">
         <name>.debug_types</name>
         <load_address>0x44d7</load_address>
         <run_address>0x44d7</run_address>
         <size>0x1d6</size>
         <input_file_ref idref="fl-b"/>
      </object_component>
      <object_component id="oc-25e">
         <name>.debug_types</name>
         <load_address>0x0</load_address>
         <run_address>0x0</run_address>
         <size>0x0</size>
         <input_file_ref idref="fl-c"/>
      </object_component>
      <object_component id="oc-25c">
         <name>.debug_types</name>
         <load_address>0x0</load_address>
         <run_address>0x0</run_address>
         <size>0x0</size>
         <input_file_ref idref="fl-d"/>
      </object_component>
      <object_component id="oc-317">
         <name>.debug_types</name>
         <load_address>0x46ad</load_address>
         <run_address>0x46ad</run_address>
         <size>0x3df</size>
         <input_file_ref idref="fl-e"/>
      </object_component>
      <object_component id="oc-275">
         <name>.debug_types</name>
         <load_address>0x4a8c</load_address>
         <run_address>0x4a8c</run_address>
         <size>0x638</size>
         <input_file_ref idref="fl-14"/>
      </object_component>
      <object_component id="oc-244">
         <name>.debug_types</name>
         <load_address>0x0</load_address>
         <run_address>0x0</run_address>
         <size>0x0</size>
         <input_file_ref idref="fl-19"/>
      </object_component>
      <object_component id="oc-24c">
         <name>.debug_types</name>
         <load_address>0x0</load_address>
         <run_address>0x0</run_address>
         <size>0x0</size>
         <input_file_ref idref="fl-1b"/>
      </object_component>
      <object_component id="oc-254">
         <name>.debug_types</name>
         <load_address>0x0</load_address>
         <run_address>0x0</run_address>
         <size>0x0</size>
         <input_file_ref idref="fl-1e"/>
      </object_component>
      <object_component id="oc-327">
         <name>.debug_types</name>
         <load_address>0x50c4</load_address>
         <run_address>0x50c4</run_address>
         <size>0x11b</size>
         <input_file_ref idref="fl-20"/>
      </object_component>
      <object_component id="oc-2b6">
         <name>.debug_types</name>
         <load_address>0x51df</load_address>
         <run_address>0x51df</run_address>
         <size>0xb24</size>
         <input_file_ref idref="fl-21"/>
      </object_component>
      <object_component id="oc-21b">
         <name>.debug_types</name>
         <load_address>0x5d03</load_address>
         <run_address>0x5d03</run_address>
         <size>0x7f1</size>
         <input_file_ref idref="fl-23"/>
      </object_component>
      <object_component id="oc-23c">
         <name>.debug_types</name>
         <load_address>0x64f4</load_address>
         <run_address>0x64f4</run_address>
         <size>0x293a</size>
         <input_file_ref idref="fl-24"/>
      </object_component>
      <object_component id="oc-22b">
         <name>.debug_types</name>
         <load_address>0x0</load_address>
         <run_address>0x0</run_address>
         <size>0x0</size>
         <input_file_ref idref="fl-25"/>
      </object_component>
      <object_component id="oc-21d">
         <name>.debug_types</name>
         <load_address>0x8e2e</load_address>
         <run_address>0x8e2e</run_address>
         <size>0x1b0</size>
         <input_file_ref idref="fl-26"/>
      </object_component>
      <object_component id="oc-2e9">
         <name>.debug_types</name>
         <load_address>0x8fde</load_address>
         <run_address>0x8fde</run_address>
         <size>0xc6</size>
         <input_file_ref idref="fl-27"/>
      </object_component>
      <object_component id="oc-b9">
         <name>.debug_types</name>
         <load_address>0x90a4</load_address>
         <run_address>0x90a4</run_address>
         <size>0x25b</size>
         <input_file_ref idref="fl-28"/>
      </object_component>
      <object_component id="oc-2fa">
         <name>.debug_types</name>
         <load_address>0x92ff</load_address>
         <run_address>0x92ff</run_address>
         <size>0x2675</size>
         <input_file_ref idref="fl-29"/>
      </object_component>
      <object_component id="oc-20a">
         <name>.debug_types</name>
         <load_address>0x0</load_address>
         <run_address>0x0</run_address>
         <size>0x0</size>
         <input_file_ref idref="fl-2a"/>
      </object_component>
      <object_component id="oc-212">
         <name>.debug_types</name>
         <load_address>0xb974</load_address>
         <run_address>0xb974</run_address>
         <size>0xef</size>
         <input_file_ref idref="fl-2b"/>
      </object_component>
      <object_component id="oc-305">
         <name>.debug_types</name>
         <load_address>0xba63</load_address>
         <run_address>0xba63</run_address>
         <size>0x1a1</size>
         <input_file_ref idref="fl-2c"/>
      </object_component>
      <object_component id="oc-2c7">
         <name>.debug_types</name>
         <load_address>0xbc04</load_address>
         <run_address>0xbc04</run_address>
         <size>0x1a1</size>
         <input_file_ref idref="fl-3b"/>
      </object_component>
      <object_component id="oc-2d5">
         <name>.debug_types</name>
         <load_address>0xbda5</load_address>
         <run_address>0xbda5</run_address>
         <size>0xe3</size>
         <input_file_ref idref="fl-3c"/>
      </object_component>
      <object_component id="oc-2cf">
         <name>.debug_types</name>
         <load_address>0xbe88</load_address>
         <run_address>0xbe88</run_address>
         <size>0x2f</size>
         <input_file_ref idref="fl-3d"/>
      </object_component>
      <object_component id="oc-2bc">
         <name>.debug_types</name>
         <load_address>0xbeb7</load_address>
         <run_address>0xbeb7</run_address>
         <size>0x2f</size>
         <input_file_ref idref="fl-3e"/>
      </object_component>
      <object_component id="oc-338">
         <name>.debug_types</name>
         <load_address>0xbee6</load_address>
         <run_address>0xbee6</run_address>
         <size>0x1e9</size>
         <input_file_ref idref="fl-3f"/>
      </object_component>
      <object_component id="oc-348">
         <name>.debug_types</name>
         <load_address>0xc0cf</load_address>
         <run_address>0xc0cf</run_address>
         <size>0x2aa</size>
         <input_file_ref idref="fl-40"/>
      </object_component>
      <object_component id="oc-c0">
         <name>.debug_types</name>
         <load_address>0x0</load_address>
         <run_address>0x0</run_address>
         <size>0x0</size>
         <input_file_ref idref="fl-41"/>
      </object_component>
      <object_component id="oc-329">
         <name>.debug_types</name>
         <load_address>0xc379</load_address>
         <run_address>0xc379</run_address>
         <size>0x2b</size>
         <input_file_ref idref="fl-42"/>
      </object_component>
      <object_component id="oc-346">
         <name>.debug_types</name>
         <load_address>0xc3a4</load_address>
         <run_address>0xc3a4</run_address>
         <size>0x34b</size>
         <input_file_ref idref="fl-43"/>
      </object_component>
      <object_component id="oc-28a">
         <name>.debug_types</name>
         <load_address>0xc6ef</load_address>
         <run_address>0xc6ef</run_address>
         <size>0xc55</size>
         <input_file_ref idref="fl-44"/>
      </object_component>
      <object_component id="oc-291">
         <name>.debug_types</name>
         <load_address>0x0</load_address>
         <run_address>0x0</run_address>
         <size>0x0</size>
         <input_file_ref idref="fl-46"/>
      </object_component>
      <object_component id="oc-c8">
         <name>.debug_types</name>
         <load_address>0xd344</load_address>
         <run_address>0xd344</run_address>
         <size>0xe3</size>
         <input_file_ref idref="fl-49"/>
      </object_component>
      <object_component id="oc-d6">
         <name>.debug_types</name>
         <load_address>0x0</load_address>
         <run_address>0x0</run_address>
         <size>0x0</size>
         <input_file_ref idref="fl-4a"/>
      </object_component>
      <object_component id="oc-149">
         <name>.debug_types</name>
         <load_address>0xd427</load_address>
         <run_address>0xd427</run_address>
         <size>0x4bd</size>
         <input_file_ref idref="fl-4b"/>
      </object_component>
      <object_component id="oc-cd">
         <name>.debug_types</name>
         <load_address>0xd8e4</load_address>
         <run_address>0xd8e4</run_address>
         <size>0x165</size>
         <input_file_ref idref="fl-4c"/>
      </object_component>
      <object_component id="oc-79">
         <name>.debug_types</name>
         <load_address>0x0</load_address>
         <run_address>0x0</run_address>
         <size>0x0</size>
         <input_file_ref idref="fl-4d"/>
      </object_component>
      <object_component id="oc-71">
         <name>.debug_types</name>
         <load_address>0xda49</load_address>
         <run_address>0xda49</run_address>
         <size>0x191</size>
         <input_file_ref idref="fl-4e"/>
      </object_component>
      <object_component id="oc-116">
         <name>.debug_types</name>
         <load_address>0xdbda</load_address>
         <run_address>0xdbda</run_address>
         <size>0xbf</size>
         <input_file_ref idref="fl-4f"/>
      </object_component>
      <object_component id="oc-1c6">
         <name>.debug_types</name>
         <load_address>0xdc99</load_address>
         <run_address>0xdc99</run_address>
         <size>0x2f</size>
         <input_file_ref idref="fl-50"/>
      </object_component>
      <object_component id="oc-10e">
         <name>.debug_types</name>
         <load_address>0xdcc8</load_address>
         <run_address>0xdcc8</run_address>
         <size>0xe1</size>
         <input_file_ref idref="fl-51"/>
      </object_component>
      <object_component id="oc-13e">
         <name>.debug_types</name>
         <load_address>0x0</load_address>
         <run_address>0x0</run_address>
         <size>0x0</size>
         <input_file_ref idref="fl-52"/>
      </object_component>
      <object_component id="oc-1e3">
         <name>.debug_types</name>
         <load_address>0x0</load_address>
         <run_address>0x0</run_address>
         <size>0x0</size>
         <input_file_ref idref="fl-54"/>
      </object_component>
      <object_component id="oc-bc">
         <name>.debug_info</name>
         <load_address>0x0</load_address>
         <run_address>0x0</run_address>
         <size>0x176</size>
         <input_file_ref idref="fl-2"/>
      </object_component>
      <object_component id="oc-15f">
         <name>.debug_info</name>
         <load_address>0x176</load_address>
         <run_address>0x176</run_address>
         <size>0x1c2</size>
         <input_file_ref idref="fl-2"/>
      </object_component>
      <object_component id="oc-108">
         <name>.debug_info</name>
         <load_address>0x338</load_address>
         <run_address>0x338</run_address>
         <size>0x767</size>
         <input_file_ref idref="fl-3"/>
      </object_component>
      <object_component id="oc-16b">
         <name>.debug_info</name>
         <load_address>0xa9f</load_address>
         <run_address>0xa9f</run_address>
         <size>0x566</size>
         <input_file_ref idref="fl-4"/>
      </object_component>
      <object_component id="oc-126">
         <name>.debug_info</name>
         <load_address>0x1005</load_address>
         <run_address>0x1005</run_address>
         <size>0x159</size>
         <input_file_ref idref="fl-5"/>
      </object_component>
      <object_component id="oc-123">
         <name>.debug_info</name>
         <load_address>0x115e</load_address>
         <run_address>0x115e</run_address>
         <size>0x765</size>
         <input_file_ref idref="fl-5"/>
      </object_component>
      <object_component id="oc-ae">
         <name>.debug_info</name>
         <load_address>0x18c3</load_address>
         <run_address>0x18c3</run_address>
         <size>0x7bc</size>
         <input_file_ref idref="fl-5"/>
      </object_component>
      <object_component id="oc-1f8">
         <name>.debug_info</name>
         <load_address>0x207f</load_address>
         <run_address>0x207f</run_address>
         <size>0x154</size>
         <input_file_ref idref="fl-9"/>
      </object_component>
      <object_component id="oc-a1">
         <name>.debug_info</name>
         <load_address>0x21d3</load_address>
         <run_address>0x21d3</run_address>
         <size>0x188</size>
         <input_file_ref idref="fl-9"/>
      </object_component>
      <object_component id="oc-164">
         <name>.debug_info</name>
         <load_address>0x235b</load_address>
         <run_address>0x235b</run_address>
         <size>0xb7d</size>
         <input_file_ref idref="fl-9"/>
      </object_component>
      <object_component id="oc-129">
         <name>.debug_info</name>
         <load_address>0x2ed8</load_address>
         <run_address>0x2ed8</run_address>
         <size>0xf64</size>
         <input_file_ref idref="fl-a"/>
      </object_component>
      <object_component id="oc-158">
         <name>.debug_info</name>
         <load_address>0x3e3c</load_address>
         <run_address>0x3e3c</run_address>
         <size>0xe86</size>
         <input_file_ref idref="fl-a"/>
      </object_component>
      <object_component id="oc-11f">
         <name>.debug_info</name>
         <load_address>0x4cc2</load_address>
         <run_address>0x4cc2</run_address>
         <size>0x16b</size>
         <input_file_ref idref="fl-b"/>
      </object_component>
      <object_component id="oc-a4">
         <name>.debug_info</name>
         <load_address>0x4e2d</load_address>
         <run_address>0x4e2d</run_address>
         <size>0x137</size>
         <input_file_ref idref="fl-b"/>
      </object_component>
      <object_component id="oc-a8">
         <name>.debug_info</name>
         <load_address>0x4f64</load_address>
         <run_address>0x4f64</run_address>
         <size>0xc66</size>
         <input_file_ref idref="fl-b"/>
      </object_component>
      <object_component id="oc-1ad">
         <name>.debug_info</name>
         <load_address>0x5bca</load_address>
         <run_address>0x5bca</run_address>
         <size>0x1e7</size>
         <input_file_ref idref="fl-c"/>
      </object_component>
      <object_component id="oc-1a6">
         <name>.debug_info</name>
         <load_address>0x5db1</load_address>
         <run_address>0x5db1</run_address>
         <size>0x265</size>
         <input_file_ref idref="fl-d"/>
      </object_component>
      <object_component id="oc-30d">
         <name>.debug_info</name>
         <load_address>0x6016</load_address>
         <run_address>0x6016</run_address>
         <size>0x16e</size>
         <input_file_ref idref="fl-e"/>
      </object_component>
      <object_component id="oc-30a">
         <name>.debug_info</name>
         <load_address>0x6184</load_address>
         <run_address>0x6184</run_address>
         <size>0x154</size>
         <input_file_ref idref="fl-e"/>
      </object_component>
      <object_component id="oc-310">
         <name>.debug_info</name>
         <load_address>0x62d8</load_address>
         <run_address>0x62d8</run_address>
         <size>0x142</size>
         <input_file_ref idref="fl-e"/>
      </object_component>
      <object_component id="oc-313">
         <name>.debug_info</name>
         <load_address>0x641a</load_address>
         <run_address>0x641a</run_address>
         <size>0x144</size>
         <input_file_ref idref="fl-e"/>
      </object_component>
      <object_component id="oc-256">
         <name>.debug_info</name>
         <load_address>0x655e</load_address>
         <run_address>0x655e</run_address>
         <size>0x20c9</size>
         <input_file_ref idref="fl-e"/>
      </object_component>
      <object_component id="oc-260">
         <name>.debug_info</name>
         <load_address>0x8627</load_address>
         <run_address>0x8627</run_address>
         <size>0x142</size>
         <input_file_ref idref="fl-14"/>
      </object_component>
      <object_component id="oc-322">
         <name>.debug_info</name>
         <load_address>0x8769</load_address>
         <run_address>0x8769</run_address>
         <size>0x148</size>
         <input_file_ref idref="fl-14"/>
      </object_component>
      <object_component id="oc-31f">
         <name>.debug_info</name>
         <load_address>0x88b1</load_address>
         <run_address>0x88b1</run_address>
         <size>0x148</size>
         <input_file_ref idref="fl-14"/>
      </object_component>
      <object_component id="oc-1b2">
         <name>.debug_info</name>
         <load_address>0x89f9</load_address>
         <run_address>0x89f9</run_address>
         <size>0x887</size>
         <input_file_ref idref="fl-14"/>
      </object_component>
      <object_component id="oc-195">
         <name>.debug_info</name>
         <load_address>0x9280</load_address>
         <run_address>0x9280</run_address>
         <size>0x1ff</size>
         <input_file_ref idref="fl-19"/>
      </object_component>
      <object_component id="oc-19a">
         <name>.debug_info</name>
         <load_address>0x947f</load_address>
         <run_address>0x947f</run_address>
         <size>0x2a8</size>
         <input_file_ref idref="fl-1b"/>
      </object_component>
      <object_component id="oc-1a1">
         <name>.debug_info</name>
         <load_address>0x9727</load_address>
         <run_address>0x9727</run_address>
         <size>0x1f2</size>
         <input_file_ref idref="fl-1e"/>
      </object_component>
      <object_component id="oc-264">
         <name>.debug_info</name>
         <load_address>0x9919</load_address>
         <run_address>0x9919</run_address>
         <size>0x87e</size>
         <input_file_ref idref="fl-20"/>
      </object_component>
      <object_component id="oc-201">
         <name>.debug_info</name>
         <load_address>0xa197</load_address>
         <run_address>0xa197</run_address>
         <size>0x338</size>
         <input_file_ref idref="fl-21"/>
      </object_component>
      <object_component id="oc-41">
         <name>.debug_info</name>
         <load_address>0xa4cf</load_address>
         <run_address>0xa4cf</run_address>
         <size>0x11f</size>
         <input_file_ref idref="fl-22"/>
      </object_component>
      <object_component id="oc-9b">
         <name>.debug_info</name>
         <load_address>0xa5ee</load_address>
         <run_address>0xa5ee</run_address>
         <size>0x120</size>
         <input_file_ref idref="fl-22"/>
      </object_component>
      <object_component id="oc-17d">
         <name>.debug_info</name>
         <load_address>0xa70e</load_address>
         <run_address>0xa70e</run_address>
         <size>0x26a</size>
         <input_file_ref idref="fl-23"/>
      </object_component>
      <object_component id="oc-233">
         <name>.debug_info</name>
         <load_address>0xa978</load_address>
         <run_address>0xa978</run_address>
         <size>0x113</size>
         <input_file_ref idref="fl-24"/>
      </object_component>
      <object_component id="oc-191">
         <name>.debug_info</name>
         <load_address>0xaa8b</load_address>
         <run_address>0xaa8b</run_address>
         <size>0x2bd</size>
         <input_file_ref idref="fl-24"/>
      </object_component>
      <object_component id="oc-188">
         <name>.debug_info</name>
         <load_address>0xad48</load_address>
         <run_address>0xad48</run_address>
         <size>0x2e6</size>
         <input_file_ref idref="fl-25"/>
      </object_component>
      <object_component id="oc-182">
         <name>.debug_info</name>
         <load_address>0xb02e</load_address>
         <run_address>0xb02e</run_address>
         <size>0x15c</size>
         <input_file_ref idref="fl-26"/>
      </object_component>
      <object_component id="oc-23f">
         <name>.debug_info</name>
         <load_address>0xb18a</load_address>
         <run_address>0xb18a</run_address>
         <size>0xb89</size>
         <input_file_ref idref="fl-27"/>
      </object_component>
      <object_component id="oc-47">
         <name>.debug_info</name>
         <load_address>0xbd13</load_address>
         <run_address>0xbd13</run_address>
         <size>0x298</size>
         <input_file_ref idref="fl-28"/>
      </object_component>
      <object_component id="oc-4c">
         <name>.debug_info</name>
         <load_address>0xbfab</load_address>
         <run_address>0xbfab</run_address>
         <size>0x1f6</size>
         <input_file_ref idref="fl-28"/>
      </object_component>
      <object_component id="oc-52">
         <name>.debug_info</name>
         <load_address>0xc1a1</load_address>
         <run_address>0xc1a1</run_address>
         <size>0x2e9</size>
         <input_file_ref idref="fl-28"/>
      </object_component>
      <object_component id="oc-247">
         <name>.debug_info</name>
         <load_address>0xc48a</load_address>
         <run_address>0xc48a</run_address>
         <size>0x7c1</size>
         <input_file_ref idref="fl-29"/>
      </object_component>
      <object_component id="oc-170">
         <name>.debug_info</name>
         <load_address>0xcc4b</load_address>
         <run_address>0xcc4b</run_address>
         <size>0x1b9</size>
         <input_file_ref idref="fl-2a"/>
      </object_component>
      <object_component id="oc-177">
         <name>.debug_info</name>
         <load_address>0xce04</load_address>
         <run_address>0xce04</run_address>
         <size>0x229</size>
         <input_file_ref idref="fl-2b"/>
      </object_component>
      <object_component id="oc-24f">
         <name>.debug_info</name>
         <load_address>0xd02d</load_address>
         <run_address>0xd02d</run_address>
         <size>0x271</size>
         <input_file_ref idref="fl-2c"/>
      </object_component>
      <object_component id="oc-2c1">
         <name>.debug_info</name>
         <load_address>0xd29e</load_address>
         <run_address>0xd29e</run_address>
         <size>0x20a</size>
         <input_file_ref idref="fl-3b"/>
      </object_component>
      <object_component id="oc-214">
         <name>.debug_info</name>
         <load_address>0xd4a8</load_address>
         <run_address>0xd4a8</run_address>
         <size>0x246</size>
         <input_file_ref idref="fl-3b"/>
      </object_component>
      <object_component id="oc-22d">
         <name>.debug_info</name>
         <load_address>0xd6ee</load_address>
         <run_address>0xd6ee</run_address>
         <size>0x273</size>
         <input_file_ref idref="fl-3c"/>
      </object_component>
      <object_component id="oc-225">
         <name>.debug_info</name>
         <load_address>0xd961</load_address>
         <run_address>0xd961</run_address>
         <size>0x267</size>
         <input_file_ref idref="fl-3d"/>
      </object_component>
      <object_component id="oc-21f">
         <name>.debug_info</name>
         <load_address>0xdbc8</load_address>
         <run_address>0xdbc8</run_address>
         <size>0x269</size>
         <input_file_ref idref="fl-3d"/>
      </object_component>
      <object_component id="oc-20e">
         <name>.debug_info</name>
         <load_address>0xde31</load_address>
         <run_address>0xde31</run_address>
         <size>0x206</size>
         <input_file_ref idref="fl-3e"/>
      </object_component>
      <object_component id="oc-29b">
         <name>.debug_info</name>
         <load_address>0xe037</load_address>
         <run_address>0xe037</run_address>
         <size>0x229</size>
         <input_file_ref idref="fl-3f"/>
      </object_component>
      <object_component id="oc-2de">
         <name>.debug_info</name>
         <load_address>0xe260</load_address>
         <run_address>0xe260</run_address>
         <size>0x210</size>
         <input_file_ref idref="fl-40"/>
      </object_component>
      <object_component id="oc-2e3">
         <name>.debug_info</name>
         <load_address>0xe470</load_address>
         <run_address>0xe470</run_address>
         <size>0x1da</size>
         <input_file_ref idref="fl-40"/>
      </object_component>
      <object_component id="oc-2a4">
         <name>.debug_info</name>
         <load_address>0xe64a</load_address>
         <run_address>0xe64a</run_address>
         <size>0x21e</size>
         <input_file_ref idref="fl-40"/>
      </object_component>
      <object_component id="oc-2ab">
         <name>.debug_info</name>
         <load_address>0xe868</load_address>
         <run_address>0xe868</run_address>
         <size>0x221</size>
         <input_file_ref idref="fl-40"/>
      </object_component>
      <object_component id="oc-2b2">
         <name>.debug_info</name>
         <load_address>0xea89</load_address>
         <run_address>0xea89</run_address>
         <size>0x21b</size>
         <input_file_ref idref="fl-40"/>
      </object_component>
      <object_component id="oc-5a">
         <name>.debug_info</name>
         <load_address>0xeca4</load_address>
         <run_address>0xeca4</run_address>
         <size>0x1b4</size>
         <input_file_ref idref="fl-41"/>
      </object_component>
      <object_component id="oc-60">
         <name>.debug_info</name>
         <load_address>0xee58</load_address>
         <run_address>0xee58</run_address>
         <size>0x1ca</size>
         <input_file_ref idref="fl-41"/>
      </object_component>
      <object_component id="oc-204">
         <name>.debug_info</name>
         <load_address>0xf022</load_address>
         <run_address>0xf022</run_address>
         <size>0x1be</size>
         <input_file_ref idref="fl-41"/>
      </object_component>
      <object_component id="oc-65">
         <name>.debug_info</name>
         <load_address>0xf1e0</load_address>
         <run_address>0xf1e0</run_address>
         <size>0x1ce</size>
         <input_file_ref idref="fl-41"/>
      </object_component>
      <object_component id="oc-b3">
         <name>.debug_info</name>
         <load_address>0xf3ae</load_address>
         <run_address>0xf3ae</run_address>
         <size>0x206</size>
         <input_file_ref idref="fl-41"/>
      </object_component>
      <object_component id="oc-6a">
         <name>.debug_info</name>
         <load_address>0xf5b4</load_address>
         <run_address>0xf5b4</run_address>
         <size>0x1bc</size>
         <input_file_ref idref="fl-41"/>
      </object_component>
      <object_component id="oc-300">
         <name>.debug_info</name>
         <load_address>0xf770</load_address>
         <run_address>0xf770</run_address>
         <size>0x20f</size>
         <input_file_ref idref="fl-42"/>
      </object_component>
      <object_component id="oc-26a">
         <name>.debug_info</name>
         <load_address>0xf97f</load_address>
         <run_address>0xf97f</run_address>
         <size>0x1e0</size>
         <input_file_ref idref="fl-42"/>
      </object_component>
      <object_component id="oc-270">
         <name>.debug_info</name>
         <load_address>0xfb5f</load_address>
         <run_address>0xfb5f</run_address>
         <size>0x205</size>
         <input_file_ref idref="fl-42"/>
      </object_component>
      <object_component id="oc-399">
         <name>.debug_info</name>
         <load_address>0xfd64</load_address>
         <run_address>0xfd64</run_address>
         <size>0x211</size>
         <input_file_ref idref="fl-43"/>
      </object_component>
      <object_component id="oc-385">
         <name>.debug_info</name>
         <load_address>0xff75</load_address>
         <run_address>0xff75</run_address>
         <size>0x1f6</size>
         <input_file_ref idref="fl-43"/>
      </object_component>
      <object_component id="oc-38b">
         <name>.debug_info</name>
         <load_address>0x1016b</load_address>
         <run_address>0x1016b</run_address>
         <size>0x20f</size>
         <input_file_ref idref="fl-43"/>
      </object_component>
      <object_component id="oc-33d">
         <name>.debug_info</name>
         <load_address>0x1037a</load_address>
         <run_address>0x1037a</run_address>
         <size>0x20c</size>
         <input_file_ref idref="fl-43"/>
      </object_component>
      <object_component id="oc-341">
         <name>.debug_info</name>
         <load_address>0x10586</load_address>
         <run_address>0x10586</run_address>
         <size>0x242</size>
         <input_file_ref idref="fl-43"/>
      </object_component>
      <object_component id="oc-2a0">
         <name>.debug_info</name>
         <load_address>0x107c8</load_address>
         <run_address>0x107c8</run_address>
         <size>0x2cf</size>
         <input_file_ref idref="fl-43"/>
      </object_component>
      <object_component id="oc-2f1">
         <name>.debug_info</name>
         <load_address>0x10a97</load_address>
         <run_address>0x10a97</run_address>
         <size>0x212</size>
         <input_file_ref idref="fl-44"/>
      </object_component>
      <object_component id="oc-236">
         <name>.debug_info</name>
         <load_address>0x10ca9</load_address>
         <run_address>0x10ca9</run_address>
         <size>0x21a</size>
         <input_file_ref idref="fl-44"/>
      </object_component>
      <object_component id="oc-1ed">
         <name>.debug_info</name>
         <load_address>0x10ec3</load_address>
         <run_address>0x10ec3</run_address>
         <size>0x1fe</size>
         <input_file_ref idref="fl-44"/>
      </object_component>
      <object_component id="oc-2f5">
         <name>.debug_info</name>
         <load_address>0x110c1</load_address>
         <run_address>0x110c1</run_address>
         <size>0x1ef</size>
         <input_file_ref idref="fl-44"/>
      </object_component>
      <object_component id="oc-28e">
         <name>.debug_info</name>
         <load_address>0x112b0</load_address>
         <run_address>0x112b0</run_address>
         <size>0x180</size>
         <input_file_ref idref="fl-45"/>
      </object_component>
      <object_component id="oc-1f2">
         <name>.debug_info</name>
         <load_address>0x11430</load_address>
         <run_address>0x11430</run_address>
         <size>0x17f</size>
         <input_file_ref idref="fl-46"/>
      </object_component>
      <object_component id="oc-2a">
         <name>.debug_info</name>
         <load_address>0x115af</load_address>
         <run_address>0x115af</run_address>
         <size>0x147</size>
         <input_file_ref idref="fl-47"/>
      </object_component>
      <object_component id="oc-73">
         <name>.debug_info</name>
         <load_address>0x116f6</load_address>
         <run_address>0x116f6</run_address>
         <size>0x18a</size>
         <input_file_ref idref="fl-49"/>
      </object_component>
      <object_component id="oc-88">
         <name>.debug_info</name>
         <load_address>0x11880</load_address>
         <run_address>0x11880</run_address>
         <size>0x13c</size>
         <input_file_ref idref="fl-4a"/>
      </object_component>
      <object_component id="oc-da">
         <name>.debug_info</name>
         <load_address>0x119bc</load_address>
         <run_address>0x119bc</run_address>
         <size>0x1ae</size>
         <input_file_ref idref="fl-4b"/>
      </object_component>
      <object_component id="oc-83">
         <name>.debug_info</name>
         <load_address>0x11b6a</load_address>
         <run_address>0x11b6a</run_address>
         <size>0x18e</size>
         <input_file_ref idref="fl-4c"/>
      </object_component>
      <object_component id="oc-23">
         <name>.debug_info</name>
         <load_address>0x11cf8</load_address>
         <run_address>0x11cf8</run_address>
         <size>0x1a6</size>
         <input_file_ref idref="fl-4d"/>
      </object_component>
      <object_component id="oc-20">
         <name>.debug_info</name>
         <load_address>0x11e9e</load_address>
         <run_address>0x11e9e</run_address>
         <size>0x1fb</size>
         <input_file_ref idref="fl-4e"/>
      </object_component>
      <object_component id="oc-110">
         <name>.debug_info</name>
         <load_address>0x12099</load_address>
         <run_address>0x12099</run_address>
         <size>0x18d</size>
         <input_file_ref idref="fl-4f"/>
      </object_component>
      <object_component id="oc-95">
         <name>.debug_info</name>
         <load_address>0x12226</load_address>
         <run_address>0x12226</run_address>
         <size>0x198</size>
         <input_file_ref idref="fl-4f"/>
      </object_component>
      <object_component id="oc-113">
         <name>.debug_info</name>
         <load_address>0x123be</load_address>
         <run_address>0x123be</run_address>
         <size>0xf6</size>
         <input_file_ref idref="fl-50"/>
      </object_component>
      <object_component id="oc-27a">
         <name>.debug_info</name>
         <load_address>0x124b4</load_address>
         <run_address>0x124b4</run_address>
         <size>0xfa</size>
         <input_file_ref idref="fl-50"/>
      </object_component>
      <object_component id="oc-1c1">
         <name>.debug_info</name>
         <load_address>0x125ae</load_address>
         <run_address>0x125ae</run_address>
         <size>0x1f2</size>
         <input_file_ref idref="fl-50"/>
      </object_component>
      <object_component id="oc-90">
         <name>.debug_info</name>
         <load_address>0x127a0</load_address>
         <run_address>0x127a0</run_address>
         <size>0x14c</size>
         <input_file_ref idref="fl-51"/>
      </object_component>
      <object_component id="oc-d0">
         <name>.debug_info</name>
         <load_address>0x128ec</load_address>
         <run_address>0x128ec</run_address>
         <size>0x1e8</size>
         <input_file_ref idref="fl-52"/>
      </object_component>
      <object_component id="oc-145">
         <name>.debug_info</name>
         <load_address>0x12ad4</load_address>
         <run_address>0x12ad4</run_address>
         <size>0x136</size>
         <input_file_ref idref="fl-54"/>
      </object_component>
      <object_component id="oc-3d4">
         <name>.debug_info</name>
         <load_address>0x12c0a</load_address>
         <run_address>0x12c0a</run_address>
         <size>0xbf</size>
      </object_component>
      <object_component id="oc-132">
         <name>.debug_line</name>
         <load_address>0x0</load_address>
         <run_address>0x0</run_address>
         <size>0x77</size>
         <input_file_ref idref="fl-2"/>
      </object_component>
      <object_component id="oc-15e">
         <name>.debug_line</name>
         <load_address>0x77</load_address>
         <run_address>0x77</run_address>
         <size>0x460</size>
         <input_file_ref idref="fl-2"/>
      </object_component>
      <object_component id="oc-1dd">
         <name>.debug_line</name>
         <load_address>0x4d7</load_address>
         <run_address>0x4d7</run_address>
         <size>0xdc</size>
         <input_file_ref idref="fl-2"/>
      </object_component>
      <object_component id="oc-10b">
         <name>.debug_line</name>
         <load_address>0x5b3</load_address>
         <run_address>0x5b3</run_address>
         <size>0x289</size>
         <input_file_ref idref="fl-3"/>
      </object_component>
      <object_component id="oc-277">
         <name>.debug_line</name>
         <load_address>0x83c</load_address>
         <run_address>0x83c</run_address>
         <size>0x4c9</size>
         <input_file_ref idref="fl-3"/>
      </object_component>
      <object_component id="oc-16a">
         <name>.debug_line</name>
         <load_address>0xd05</load_address>
         <run_address>0xd05</run_address>
         <size>0x242</size>
         <input_file_ref idref="fl-4"/>
      </object_component>
      <object_component id="oc-295">
         <name>.debug_line</name>
         <load_address>0xf47</load_address>
         <run_address>0xf47</run_address>
         <size>0x122</size>
[...]
      </symbol>
      <symbol id="sm-2ac">
         <name>uart_Return_Temperature1</name>
         <value>0x822aa</value>
         <object_component_ref idref="oc-255"/>
      </symbol>
      <symbol id="sm-2ad">
         <name>uart_Return_Temperature4</name>
         <value>0x82259</value>
         <object_component_ref idref="oc-255"/>
      </symbol>
      <symbol id="sm-2e0">
         <name>bsp_Uart1HwError</name>
         <value>0x83480</value>
         <object_component_ref idref="oc-1b1"/>
      </symbol>
      <symbol id="sm-2e1">
         <name>bsp_Uart1CheckRxTimeOut</name>
         <value>0x83492</value>
         <object_component_ref idref="oc-1b1"/>
      </symbol>
      <symbol id="sm-2e2">
         <name>bsp_Uart1RxProcess</name>
         <value>0x8346f</value>
         <object_component_ref idref="oc-1b1"/>
      </symbol>
      <symbol id="sm-2e3">
         <name>bsp_Uart1SetTransmitData</name>
         <value>0x83410</value>
         <object_component_ref idref="oc-1b1"/>
      </symbol>
      <symbol id="sm-2e4">
         <name>bsp_Uart1TransmitData</name>
         <value>0x833fe</value>
         <object_component_ref idref="oc-1b1"/>
      </symbol>
      <symbol id="sm-2e5">
         <name>bsp_Uart1ReceiveDataFunc</name>
         <value>0x83426</value>
         <object_component_ref idref="oc-1b1"/>
      </symbol>
      <symbol id="sm-2e6">
         <name>uart1_Init</name>
         <value>0x833f9</value>
         <object_component_ref idref="oc-1b1"/>
      </symbol>
      <symbol id="sm-2f7">
         <name>bsp_InitDGPIO</name>
         <value>0x83cd0</value>
         <object_component_ref idref="oc-193"/>
      </symbol>
      <symbol id="sm-305">
         <name>bsp_InitPWM</name>
         <value>0x838dc</value>
         <object_component_ref idref="oc-199"/>
      </symbol>
      <symbol id="sm-314">
         <name>bsp_InitUART</name>
         <value>0x83cb1</value>
         <object_component_ref idref="oc-19f"/>
      </symbol>
      <symbol id="sm-335">
         <name>uart_ReadRxInnerBuf</name>
         <value>0x83278</value>
         <object_component_ref idref="oc-262"/>
      </symbol>
      <symbol id="sm-336">
         <name>uart_CheckRxLinkHealth</name>
         <value>0x83321</value>
         <object_component_ref idref="oc-262"/>
      </symbol>
      <symbol id="sm-337">
         <name>uart_ReceiveRxData</name>
         <value>0x8325d</value>
         <object_component_ref idref="oc-262"/>
      </symbol>
      <symbol id="sm-338">
         <name>uart_LoadTxInnerBuf</name>
         <value>0x832b1</value>
         <object_component_ref idref="oc-262"/>
      </symbol>
      <symbol id="sm-339">
         <name>uart_DiscardAllTxData</name>
         <value>0x83313</value>
         <object_component_ref idref="oc-262"/>
      </symbol>
      <symbol id="sm-33a">
         <name>uart_DiscardAllRxData</name>
         <value>0x83250</value>
         <object_component_ref idref="oc-262"/>
      </symbol>
      <symbol id="sm-33b">
         <name>uart_GetTxSendDataInSequence</name>
         <value>0x832fa</value>
         <object_component_ref idref="oc-262"/>
      </symbol>
      <symbol id="sm-33c">
         <name>uart_Init</name>
         <value>0x832cb</value>
         <object_component_ref idref="oc-262"/>
      </symbol>
      <symbol id="sm-349">
         <name>Device_enableAllPeripherals</name>
         <value>0x83013</value>
         <object_component_ref idref="oc-1fd"/>
      </symbol>
      <symbol id="sm-34a">
         <name>Device_initGPIO</name>
         <value>0x83003</value>
         <object_component_ref idref="oc-1fd"/>
      </symbol>
      <symbol id="sm-34b">
         <name>Device_init</name>
         <value>0x830ea</value>
         <object_component_ref idref="oc-1fd"/>
      </symbol>
      <symbol id="sm-34c">
         <name>__error__</name>
         <value>0x83000</value>
         <object_component_ref idref="oc-1fd"/>
      </symbol>
      <symbol id="sm-35b">
         <name>code_start</name>
         <value>0x80000</value>
         <object_component_ref idref="oc-40"/>
      </symbol>
      <symbol id="sm-368">
         <name>adc_hal_ConversionComplete</name>
         <value>0x82ff4</value>
         <object_component_ref idref="oc-17b"/>
      </symbol>
      <symbol id="sm-369">
         <name>adc_hal_SetupADC</name>
         <value>0x82ee4</value>
         <object_component_ref idref="oc-17b"/>
      </symbol>
      <symbol id="sm-36a">
         <name>adc_hal_ForceAllSOCs</name>
         <value>0x82f9f</value>
         <object_component_ref idref="oc-17b"/>
      </symbol>
      <symbol id="sm-37d">
         <name>TILE1HLCInstr</name>
         <value>0x80c8</value>
         <object_component_ref idref="oc-232"/>
      </symbol>
      <symbol id="sm-37e">
         <name>clb_hal_SetupCLB</name>
         <value>0x82587</value>
         <object_component_ref idref="oc-18d"/>
      </symbol>
      <symbol id="sm-37f">
         <name>clb_hal_InitTile1</name>
         <value>0x824bf</value>
         <object_component_ref idref="oc-18d"/>
      </symbol>
      <symbol id="sm-38c">
         <name>comp_hal_SetupBoardProtection_CMPSS</name>
         <value>0x83582</value>
         <object_component_ref idref="oc-187"/>
      </symbol>
      <symbol id="sm-38d">
         <name>comp_hal_SetupCMPSS</name>
         <value>0x8352d</value>
         <object_component_ref idref="oc-187"/>
      </symbol>
      <symbol id="sm-39a">
         <name>adc_hal_Setup_DAC</name>
         <value>0x83832</value>
         <object_component_ref idref="oc-181"/>
      </symbol>
      <symbol id="sm-3a7">
         <name>dgpio_hal_Setup_Debug2_GPIO</name>
         <value>0x83170</value>
         <object_component_ref idref="oc-23d"/>
      </symbol>
      <symbol id="sm-3a8">
         <name>dgpio_hal_Setup_Debug1_GPIO</name>
         <value>0x8317d</value>
         <object_component_ref idref="oc-23d"/>
      </symbol>
      <symbol id="sm-3a9">
         <name>dgpio_hal_Setup_RelayOn_GPIO</name>
         <value>0x83140</value>
         <object_component_ref idref="oc-23d"/>
      </symbol>
      <symbol id="sm-3aa">
         <name>dgpio_hal_Setup_3phasePWM_GPIO</name>
         <value>0x831a6</value>
         <object_component_ref idref="oc-23d"/>
      </symbol>
      <symbol id="sm-3ab">
         <name>dgpio_hal_Setup_BulkOk_GPIO</name>
         <value>0x8318b</value>
         <object_component_ref idref="oc-23d"/>
      </symbol>
      <symbol id="sm-3ac">
         <name>dgpio_hal_Setup_FanCtrl_GPIO</name>
         <value>0x83162</value>
         <object_component_ref idref="oc-23d"/>
      </symbol>
      <symbol id="sm-3ad">
         <name>dgpio_hal_Setup_Board_GPIOs</name>
         <value>0x83197</value>
         <object_component_ref idref="oc-23d"/>
      </symbol>
      <symbol id="sm-3ae">
         <name>dgpio_hal_Setup_LoadJudge_GPIO</name>
         <value>0x8314c</value>
         <object_component_ref idref="oc-23d"/>
      </symbol>
      <symbol id="sm-3af">
         <name>dgpio_hal_Setup_InputSignal_GPIO</name>
         <value>0x8315a</value>
         <object_component_ref idref="oc-23d"/>
      </symbol>
      <symbol id="sm-42c">
         <name>ISR2</name>
         <value>0xc91c</value>
         <object_component_ref idref="oc-45"/>
      </symbol>
      <symbol id="sm-42d">
         <name>ISR1</name>
         <value>0xc000</value>
         <object_component_ref idref="oc-51"/>
      </symbol>
      <symbol id="sm-42e">
         <name>isr_hal_SetupPWMInterruptGeneration</name>
         <value>0x8371c</value>
         <object_component_ref idref="oc-46"/>
      </symbol>
      <symbol id="sm-42f">
         <name>isr_hal_SetupInterrupt</name>
         <value>0x83741</value>
         <object_component_ref idref="oc-46"/>
      </symbol>
      <symbol id="sm-43c">
         <name>pwm_hal_SetupBoardProtection_PWMTrip</name>
         <value>0x82bc4</value>
         <object_component_ref idref="oc-245"/>
      </symbol>
      <symbol id="sm-43d">
         <name>pwm_hal_EnablePWMCLKCounting</name>
         <value>0x82d50</value>
         <object_component_ref idref="oc-245"/>
      </symbol>
      <symbol id="sm-43e">
         <name>pwm_hal_DisablePWMCLKCounting</name>
         <value>0x82d58</value>
         <object_component_ref idref="oc-245"/>
      </symbol>
      <symbol id="sm-43f">
         <name>pwm_hal_SetupBoardProtection_EPWMXbar</name>
         <value>0x82bfd</value>
         <object_component_ref idref="oc-245"/>
      </symbol>
      <symbol id="sm-440">
         <name>pwm_hal_SetupPWMforTrip</name>
         <value>0x82b65</value>
         <object_component_ref idref="oc-245"/>
      </symbol>
      <symbol id="sm-441">
         <name>pwm_hal_Setup1phasePWM</name>
         <value>0x82c3b</value>
         <object_component_ref idref="oc-245"/>
      </symbol>
      <symbol id="sm-442">
         <name>pwm_hal_SetupEPWMtoTriggerADCSOC</name>
         <value>0x82ba1</value>
         <object_component_ref idref="oc-245"/>
      </symbol>
      <symbol id="sm-443">
         <name>pwm_hal_Setup3phasePWM</name>
         <value>0x82ca9</value>
         <object_component_ref idref="oc-245"/>
      </symbol>
      <symbol id="sm-450">
         <name>system_hal_SetupDevice</name>
         <value>0x83c97</value>
         <object_component_ref idref="oc-16f"/>
      </symbol>
      <symbol id="sm-45d">
         <name>timer_hal_SetupTimer</name>
         <value>0x8359f</value>
         <object_component_ref idref="oc-175"/>
      </symbol>
      <symbol id="sm-46a">
         <name>uart_hal_Setup</name>
         <value>0x834b6</value>
         <object_component_ref idref="oc-24d"/>
      </symbol>
      <symbol id="sm-46b">
         <name>uart_hal_SetupGPIO</name>
         <value>0x83497</value>
         <object_component_ref idref="oc-24d"/>
      </symbol>
      <symbol id="sm-488">
         <name>ADC_setOffsetTrimAll</name>
         <value>0x83bc6</value>
         <object_component_ref idref="oc-2c0"/>
      </symbol>
      <symbol id="sm-489">
         <name>ADC_setVREF</name>
         <value>0x8390d</value>
         <object_component_ref idref="oc-213"/>
      </symbol>
      <symbol id="sm-49a">
         <name>CLB_configCounterLoadMatch</name>
         <value>0x8366a</value>
         <object_component_ref idref="oc-22c"/>
      </symbol>
      <symbol id="sm-4ae">
         <name>CMPSS_configFilterHigh</name>
         <value>0x83be1</value>
         <object_component_ref idref="oc-21e"/>
      </symbol>
      <symbol id="sm-4af">
         <name>CMPSS_configFilterLow</name>
         <value>0x83bfa</value>
         <object_component_ref idref="oc-224"/>
      </symbol>
      <symbol id="sm-4bc">
         <name>CPUTimer_setEmulationMode</name>
         <value>0x83cbf</value>
         <object_component_ref idref="oc-20b"/>
      </symbol>
      <symbol id="sm-4c9">
         <name>Flash_initModule</name>
         <value>0xc8d3</value>
         <object_component_ref idref="oc-297"/>
      </symbol>
      <symbol id="sm-4fc">
         <name>GPIO_setQualificationMode</name>
         <value>0x83aec</value>
         <object_component_ref idref="oc-2dc"/>
      </symbol>
      <symbol id="sm-4fd">
         <name>GPIO_setPadConfig</name>
         <value>0x837b5</value>
         <object_component_ref idref="oc-2a3"/>
      </symbol>
      <symbol id="sm-4fe">
         <name>GPIO_setAnalogMode</name>
         <value>0x83b0e</value>
         <object_component_ref idref="oc-2af"/>
      </symbol>
      <symbol id="sm-4ff">
         <name>GPIO_setDirectionMode</name>
         <value>0x83b2f</value>
         <object_component_ref idref="oc-2a9"/>
      </symbol>
      <symbol id="sm-500">
         <name>GPIO_setPinConfig</name>
         <value>0x8393d</value>
         <object_component_ref idref="oc-2e2"/>
      </symbol>
      <symbol id="sm-537">
         <name>Interrupt_defaultHandler</name>
         <value>0x83c6b</value>
         <object_component_ref idref="oc-69"/>
      </symbol>
      <symbol id="sm-538">
         <name>Interrupt_initModule</name>
         <value>0x83774</value>
         <object_component_ref idref="oc-203"/>
      </symbol>
      <symbol id="sm-539">
         <name>Interrupt_nmiHandler</name>
         <value>0x83c8d</value>
         <object_component_ref idref="oc-57"/>
      </symbol>
      <symbol id="sm-53a">
         <name>Interrupt_enable</name>
         <value>0x838a6</value>
         <object_component_ref idref="oc-b2"/>
      </symbol>
      <symbol id="sm-53b">
         <name>Interrupt_initVectorTable</name>
         <value>0x83c43</value>
         <object_component_ref idref="oc-5d"/>
      </symbol>
      <symbol id="sm-53c">
         <name>Interrupt_illegalOperationHandler</name>
         <value>0x83c83</value>
         <object_component_ref idref="oc-63"/>
      </symbol>
      <symbol id="sm-565">
         <name>SCI_getInterruptStatus</name>
         <value>0x83b4f</value>
         <object_component_ref idref="oc-268"/>
      </symbol>
      <symbol id="sm-566">
         <name>SCI_clearInterruptStatus</name>
         <value>0x83baa</value>
         <object_component_ref idref="oc-26e"/>
      </symbol>
      <symbol id="sm-567">
         <name>SCI_setConfig</name>
         <value>0x83ac9</value>
         <object_component_ref idref="oc-2fe"/>
      </symbol>
      <symbol id="sm-5bf">
         <name>SysCtl_isPLLValid</name>
         <value>0x83342</value>
         <object_component_ref idref="oc-33f"/>
      </symbol>
      <symbol id="sm-5c0">
         <name>SysCtl_delay</name>
         <value>0xc918</value>
         <object_component_ref idref="oc-219"/>
      </symbol>
      <symbol id="sm-5c1">
         <name>SysCtl_selectXTALSingleEnded</name>
         <value>0x83b6f</value>
         <object_component_ref idref="oc-381"/>
      </symbol>
      <symbol id="sm-5c2">
         <name>SysCtl_selectXTAL</name>
         <value>0x8386f</value>
         <object_component_ref idref="oc-387"/>
      </symbol>
      <symbol id="sm-5c3">
         <name>SysCtl_selectOscSource</name>
         <value>0x839ca</value>
         <object_component_ref idref="oc-339"/>
      </symbol>
      <symbol id="sm-5c4">
         <name>SysCtl_setClock</name>
         <value>0x81f4d</value>
         <object_component_ref idref="oc-29d"/>
      </symbol>
      <symbol id="sm-5ef">
         <name>XBAR_setEPWMMuxConfig</name>
         <value>0x83a22</value>
         <object_component_ref idref="oc-2ed"/>
      </symbol>
      <symbol id="sm-5f0">
         <name>XBAR_setCLBMuxConfig</name>
         <value>0x839f7</value>
         <object_component_ref idref="oc-235"/>
      </symbol>
      <symbol id="sm-5f1">
         <name>XBAR_clearInputFlag</name>
         <value>0x83aa1</value>
         <object_component_ref idref="oc-2f3"/>
      </symbol>
      <symbol id="sm-5f2">
         <name>XBAR_getInputFlagStatus</name>
         <value>0x8396d</value>
         <object_component_ref idref="oc-1e9"/>
      </symbol>
      <symbol id="sm-5fa">
         <name>__c28xabi_divf</name>
         <value>0x83c13</value>
         <object_component_ref idref="oc-28b"/>
      </symbol>
      <symbol id="sm-60a">
         <name>tanf</name>
         <value>0x83608</value>
         <object_component_ref idref="oc-1f1"/>
      </symbol>
      <symbol id="sm-614">
         <name>_c_int00</name>
         <value>0x83c2c</value>
         <object_component_ref idref="oc-29"/>
      </symbol>
      <symbol id="sm-615">
         <name>__stack</name>
         <value>0x400</value>
         <object_component_ref idref="oc-6f"/>
      </symbol>
      <symbol id="sm-628">
         <name>memcpy</name>
         <value>0x83b8d</value>
         <object_component_ref idref="oc-72"/>
      </symbol>
      <symbol id="sm-635">
         <name>_system_pre_init</name>
         <value>0x83cd5</value>
         <object_component_ref idref="oc-86"/>
      </symbol>
      <symbol id="sm-644">
         <name>__TI_auto_init_nobinit_nopinit</name>
         <value>0x83a4d</value>
         <object_component_ref idref="oc-d7"/>
      </symbol>
      <symbol id="sm-651">
         <name>__TI_zero_init</name>
         <value>0x83cc5</value>
         <object_component_ref idref="oc-80"/>
      </symbol>
      <symbol id="sm-65e">
         <name>__TI_decompress_none</name>
         <value>0x82ff8</value>
         <object_component_ref idref="oc-22"/>
      </symbol>
      <symbol id="sm-672">
         <name>__TI_decompress_lzss</name>
         <value>0x8399c</value>
         <object_component_ref idref="oc-1c"/>
      </symbol>
      <symbol id="sm-688">
         <name>C$$EXIT</name>
         <value>0x83a78</value>
         <object_component_ref idref="oc-93"/>
      </symbol>
      <symbol id="sm-689">
         <name>abort</name>
         <value>0x83a78</value>
         <object_component_ref idref="oc-93"/>
      </symbol>
      <symbol id="sm-68a">
         <name>exit</name>
         <value>0x83a7a</value>
         <object_component_ref idref="oc-93"/>
      </symbol>
      <symbol id="sm-68b">
         <name>__TI_dtors_ptr</name>
         <value>0x8160</value>
         <object_component_ref idref="oc-10f"/>
      </symbol>
      <symbol id="sm-68c">
         <name>__TI_cleanup_ptr</name>
         <value>0x815e</value>
         <object_component_ref idref="oc-10f"/>
      </symbol>
      <symbol id="sm-68d">
         <name>__TI_enable_exit_profile_output</name>
         <value>0x815c</value>
         <object_component_ref idref="oc-10f"/>
      </symbol>
      <symbol id="sm-6a4">
         <name>_nop</name>
         <value>0x83ca8</value>
         <object_component_ref idref="oc-1be"/>
      </symbol>
      <symbol id="sm-6a5">
         <name>_lock</name>
         <value>0x80fe</value>
         <object_component_ref idref="oc-112"/>
      </symbol>
      <symbol id="sm-6a6">
         <name>_unlock</name>
         <value>0x813e</value>
         <object_component_ref idref="oc-279"/>
      </symbol>
      <symbol id="sm-6a7">
         <name>_register_lock</name>
         <value>0x83ca4</value>
         <object_component_ref idref="oc-1be"/>
      </symbol>
      <symbol id="sm-6a8">
         <name>_register_unlock</name>
         <value>0x83ca0</value>
         <object_component_ref idref="oc-1be"/>
      </symbol>
      <symbol id="sm-6b7">
         <name>_args_main</name>
         <value>0x83c77</value>
         <object_component_ref idref="oc-8d"/>
      </symbol>
      <symbol id="sm-6c6">
         <name>memset</name>
         <value>0x83cb8</value>
         <object_component_ref idref="oc-ce"/>
      </symbol>
      <symbol id="sm-6d4">
         <name>_system_post_cinit</name>
         <value>0x83cd7</value>
         <object_component_ref idref="oc-142"/>
      </symbol>
      <symbol id="sm-6d6">
         <name>__c_args__</name>
         <value>0x0</value>
      </symbol>
      <symbol id="sm-6d7">
         <name>adc_mid_ForceAllSOCs</name>
         <value>0x82f9f</value>
      </symbol>
      <symbol id="sm-6d8">
         <name>adc_mid_ConversionComplete</name>
         <value>0x82ff4</value>
      </symbol>
      <symbol id="sm-6d9">
         <name>bsp_InitADC</name>
         <value>0x82ee4</value>
      </symbol>
      <symbol id="sm-6da">
         <name>bsp_InitCLB</name>
         <value>0x82587</value>
      </symbol>
      <symbol id="sm-6db">
         <name>bsp_InitCOMP</name>
         <value>0x83582</value>
      </symbol>
      <symbol id="sm-6dc">
         <name>bsp_InitDAC</name>
         <value>0x83832</value>
      </symbol>
      <symbol id="sm-6dd">
         <name>bsp_InitINTERRUPT</name>
         <value>0x83741</value>
      </symbol>
      <symbol id="sm-6de">
         <name>bsp_InitSYSTEM</name>
         <value>0x83c97</value>
      </symbol>
      <symbol id="sm-6df">
         <name>bsp_InitTIMER</name>
         <value>0x8359f</value>
      </symbol>
   </symbol_table>
   <title>Link successful</title>
</link_info>
